<!doctype html public "-//w3c//dtd html 4.0 transitional//en">
<html><head>
<title>Static Call Graph - [.\Objects\Transfer.axf]</title></head>
<body><HR>
<H1>Static Call Graph for image .\Objects\Transfer.axf</H1><HR>
<BR><P>#&#060CALLGRAPH&#062# ARM Linker, 5060960: Last Updated: Mon Feb 27 11:18:55 2023
<BR><P>
<H3>Maximum Stack Usage =        376 bytes + Unknown(Cycles, Untraceable Function Pointers)</H3><H3>
Call chain for Maximum Stack Depth:</H3>
main &rArr; LKS_FREERTOS_Init &rArr; xTimerCreate &rArr; prvInitialiseNewTimer &rArr; prvCheckForValidListAndQueue &rArr; xQueueGenericCreate &rArr; prvInitialiseNewQueue &rArr; xQueueGenericReset &rArr; xTaskRemoveFromEventList &rArr; SEGGER_SYSVIEW_OnTaskStartReady &rArr; _SendPacket &rArr; _HandleIncomingPacket &rArr; SEGGER_SYSVIEW_Start &rArr;  _SendPacket (Cycle)
<P>
<H3>
Mutually Recursive functions
</H3> <LI><a href="#[7d]">SEGGER_SYSVIEW_Stop</a>&nbsp;&nbsp;&nbsp;&rArr;&nbsp;&nbsp;&nbsp;<a href="#[6a]">_SendPacket</a><BR>
 <LI><a href="#[75]">SEGGER_SYSVIEW_RecordVoid</a>&nbsp;&nbsp;&nbsp;&rArr;&nbsp;&nbsp;&nbsp;<a href="#[6a]">_SendPacket</a><BR>
 <LI><a href="#[78]">SEGGER_SYSVIEW_SendNumModules</a>&nbsp;&nbsp;&nbsp;&rArr;&nbsp;&nbsp;&nbsp;<a href="#[6a]">_SendPacket</a><BR>
 <LI><a href="#[71]">SEGGER_SYSVIEW_RecordU32x2</a>&nbsp;&nbsp;&nbsp;&rArr;&nbsp;&nbsp;&nbsp;<a href="#[6a]">_SendPacket</a><BR>
 <LI><a href="#[72]">SEGGER_SYSVIEW_RecordU32</a>&nbsp;&nbsp;&nbsp;&rArr;&nbsp;&nbsp;&nbsp;<a href="#[6a]">_SendPacket</a><BR>
 <LI><a href="#[7b]">SEGGER_SYSVIEW_Start</a>&nbsp;&nbsp;&nbsp;&rArr;&nbsp;&nbsp;&nbsp;<a href="#[6a]">_SendPacket</a><BR>
 <LI><a href="#[76]">SEGGER_SYSVIEW_SendModule</a>&nbsp;&nbsp;&nbsp;&rArr;&nbsp;&nbsp;&nbsp;<a href="#[6a]">_SendPacket</a><BR>
 <LI><a href="#[68]">SEGGER_SYSVIEW_GetSysDesc</a>&nbsp;&nbsp;&nbsp;&rArr;&nbsp;&nbsp;&nbsp;<a href="#[6a]">_SendPacket</a><BR>
 <LI><a href="#[12]">DSP_IRQHandler</a>&nbsp;&nbsp;&nbsp;&rArr;&nbsp;&nbsp;&nbsp;<a href="#[12]">DSP_IRQHandler</a><BR>
</UL>
<P>
<H3>
Function Pointers
</H3><UL>
 <LI><a href="#[11]">ADC0_IRQHandler</a> from interrupt.o(i.ADC0_IRQHandler) referenced from startup_lks32mc08x.o(RESET)
 <LI><a href="#[19]">CAN_IRQHandler</a> from interrupt.o(i.CAN_IRQHandler) referenced from startup_lks32mc08x.o(RESET)
 <LI><a href="#[15]">CMP_IRQHandler</a> from interrupt.o(i.CMP_IRQHandler) referenced from startup_lks32mc08x.o(RESET)
 <LI><a href="#[18]">DMA_IRQHandler</a> from interrupt.o(i.DMA_IRQHandler) referenced from startup_lks32mc08x.o(RESET)
 <LI><a href="#[12]">DSP_IRQHandler</a> from startup_lks32mc08x.o(.text) referenced from startup_lks32mc08x.o(RESET)
 <LI><a href="#[a]">ENCODER0_IRQHandler</a> from interrupt.o(i.ENCODER0_IRQHandler) referenced from startup_lks32mc08x.o(RESET)
 <LI><a href="#[b]">ENCODER1_IRQHandler</a> from interrupt.o(i.ENCODER1_IRQHandler) referenced from startup_lks32mc08x.o(RESET)
 <LI><a href="#[d]">GPIO_IRQHandler</a> from interrupt.o(i.GPIO_IRQHandler) referenced from startup_lks32mc08x.o(RESET)
 <LI><a href="#[f]">HALL_IRQHandler</a> from interrupt.o(i.HALL_IRQHandler) referenced from startup_lks32mc08x.o(RESET)
 <LI><a href="#[2]">HardFault_Handler</a> from interrupt.o(i.HardFault_Handler) referenced from startup_lks32mc08x.o(RESET)
 <LI><a href="#[c]">I2C0_IRQHandler</a> from interrupt.o(i.I2C0_IRQHandler) referenced from startup_lks32mc08x.o(RESET)
 <LI><a href="#[13]">MCPWM_IRQHandler</a> from interrupt.o(i.MCPWM_IRQHandler) referenced from startup_lks32mc08x.o(RESET)
 <LI><a href="#[1]">NMI_Handler</a> from interrupt.o(i.NMI_Handler) referenced from startup_lks32mc08x.o(RESET)
 <LI><a href="#[17]">PWRDN_IRQHandler</a> from startup_lks32mc08x.o(.text) referenced from startup_lks32mc08x.o(RESET)
 <LI><a href="#[4]">PendSV_Handler</a> from port.o(.emb_text) referenced from startup_lks32mc08x.o(RESET)
 <LI><a href="#[0]">Reset_Handler</a> from startup_lks32mc08x.o(.text) referenced from startup_lks32mc08x.o(RESET)
 <LI><a href="#[1a]">SIF_IRQHandler</a> from startup_lks32mc08x.o(.text) referenced from startup_lks32mc08x.o(RESET)
 <LI><a href="#[10]">SPI0_IRQHandler</a> from interrupt.o(i.SPI0_IRQHandler) referenced from startup_lks32mc08x.o(RESET)
 <LI><a href="#[3]">SVC_Handler</a> from port.o(i.SVC_Handler) referenced from startup_lks32mc08x.o(RESET)
 <LI><a href="#[1e]">SysLEDTimerCallback</a> from freertos.o(i.SysLEDTimerCallback) referenced from freertos.o(i.LKS_FREERTOS_Init)
 <LI><a href="#[5]">SysTick_Handler</a> from interrupt.o(i.SysTick_Handler) referenced from startup_lks32mc08x.o(RESET)
 <LI><a href="#[1c]">SystemInit</a> from hardware_init.o(i.SystemInit) referenced from startup_lks32mc08x.o(.text)
 <LI><a href="#[1f]">TC_485RxTaskFunc</a> from freertos.o(i.TC_485RxTaskFunc) referenced from freertos.o(i.LKS_FREERTOS_Init)
 <LI><a href="#[20]">TC_CANRxTaskFunc</a> from freertos.o(i.TC_CANRxTaskFunc) referenced from freertos.o(i.LKS_FREERTOS_Init)
 <LI><a href="#[e]">UART0_IRQHandler</a> from interrupt.o(i.UART0_IRQHandler) referenced from startup_lks32mc08x.o(RESET)
 <LI><a href="#[14]">UART1_IRQHandler</a> from interrupt.o(i.UART1_IRQHandler) referenced from startup_lks32mc08x.o(RESET)
 <LI><a href="#[6]">UTIMER0_IRQHandler</a> from interrupt.o(i.UTIMER0_IRQHandler) referenced from startup_lks32mc08x.o(RESET)
 <LI><a href="#[7]">UTIMER1_IRQHandler</a> from interrupt.o(i.UTIMER1_IRQHandler) referenced from startup_lks32mc08x.o(RESET)
 <LI><a href="#[8]">UTIMER2_IRQHandler</a> from interrupt.o(i.UTIMER2_IRQHandler) referenced from startup_lks32mc08x.o(RESET)
 <LI><a href="#[9]">UTIMER3_IRQHandler</a> from interrupt.o(i.UTIMER3_IRQHandler) referenced from startup_lks32mc08x.o(RESET)
 <LI><a href="#[16]">WAKE_IRQHandler</a> from startup_lks32mc08x.o(.text) referenced from startup_lks32mc08x.o(RESET)
 <LI><a href="#[1d]">__main</a> from entry.o(.ARM.Collect$$$$00000000) referenced from startup_lks32mc08x.o(.text)
 <LI><a href="#[30]">_cbGetTime</a> from segger_sysview_freertos.o(i._cbGetTime) referenced from segger_sysview_freertos.o(.constdata)
 <LI><a href="#[21]">_cbSendSystemDesc</a> from segger_sysview_config_freertos.o(i._cbSendSystemDesc) referenced from segger_sysview_config_freertos.o(i.SEGGER_SYSVIEW_Conf)
 <LI><a href="#[31]">_cbSendTaskList</a> from segger_sysview_freertos.o(i._cbSendTaskList) referenced from segger_sysview_freertos.o(.constdata)
 <LI><a href="#[2c]">fputc</a> from tc_uart .o(i.fputc) referenced from printf8.o(i.__0printf$8)
 <LI><a href="#[28]">fsmActionData1</a> from tc_485.o(i.fsmActionData1) referenced from tc_485.o(i.TC_FsmStateTable_Init)
 <LI><a href="#[29]">fsmActionData2</a> from tc_485.o(i.fsmActionData2) referenced from tc_485.o(i.TC_FsmStateTable_Init)
 <LI><a href="#[25]">fsmActionDst</a> from tc_485.o(i.fsmActionDst) referenced from tc_485.o(i.TC_FsmStateTable_Init)
 <LI><a href="#[2b]">fsmActionError</a> from tc_485.o(i.fsmActionError) referenced from tc_485.o(i.TC_FsmStateTable_Init)
 <LI><a href="#[23]">fsmActionHead</a> from tc_485.o(i.fsmActionHead) referenced from tc_485.o(i.TC_FsmStateTable_Init)
 <LI><a href="#[22]">fsmActionIdle</a> from tc_485.o(i.fsmActionIdle) referenced from tc_485.o(i.TC_485_Init)
 <LI><a href="#[22]">fsmActionIdle</a> from tc_485.o(i.fsmActionIdle) referenced from tc_485.o(i.TC_FsmCrash)
 <LI><a href="#[22]">fsmActionIdle</a> from tc_485.o(i.fsmActionIdle) referenced from tc_485.o(i.TC_FsmStateTable_Init)
 <LI><a href="#[27]">fsmActionLen</a> from tc_485.o(i.fsmActionLen) referenced from tc_485.o(i.TC_FsmStateTable_Init)
 <LI><a href="#[2a]">fsmActionParity</a> from tc_485.o(i.fsmActionParity) referenced from tc_485.o(i.TC_FsmStateTable_Init)
 <LI><a href="#[24]">fsmActionSrc</a> from tc_485.o(i.fsmActionSrc) referenced from tc_485.o(i.TC_FsmStateTable_Init)
 <LI><a href="#[26]">fsmActionType</a> from tc_485.o(i.fsmActionType) referenced from tc_485.o(i.TC_FsmStateTable_Init)
 <LI><a href="#[1b]">main</a> from main.o(i.main) referenced from entry9a.o(.ARM.Collect$$$$0000000B)
 <LI><a href="#[2e]">prvIdleTask</a> from tasks.o(i.prvIdleTask) referenced from tasks.o(i.vTaskStartScheduler)
 <LI><a href="#[2d]">prvTaskExitError</a> from port.o(i.prvTaskExitError) referenced from port.o(i.pxPortInitialiseStack)
 <LI><a href="#[2f]">prvTimerTask</a> from timers.o(i.prvTimerTask) referenced from timers.o(i.xTimerCreateTimerTask)
</UL>
<P>
<H3>
Global Symbols
</H3>
<P><STRONG><a name="[1d]"></a>__main</STRONG> (Thumb, 0 bytes, Stack size unknown bytes, entry.o(.ARM.Collect$$$$00000000))
<BR>[Address Reference Count : 1]<UL><LI> startup_lks32mc08x.o(.text)
</UL>
<P><STRONG><a name="[e5]"></a>_main_stk</STRONG> (Thumb, 0 bytes, Stack size unknown bytes, entry2.o(.ARM.Collect$$$$00000001))

<P><STRONG><a name="[32]"></a>_main_scatterload</STRONG> (Thumb, 0 bytes, Stack size unknown bytes, entry5.o(.ARM.Collect$$$$00000004))
<BR><BR>[Calls]<UL><LI><a href="#[33]">&gt;&gt;</a>&nbsp;&nbsp;&nbsp;__scatterload
</UL>

<P><STRONG><a name="[3f]"></a>__main_after_scatterload</STRONG> (Thumb, 0 bytes, Stack size unknown bytes, entry5.o(.ARM.Collect$$$$00000004))
<BR><BR>[Called By]<UL><LI><a href="#[33]">&gt;&gt;</a>&nbsp;&nbsp;&nbsp;__scatterload
</UL>

<P><STRONG><a name="[e6]"></a>_main_clock</STRONG> (Thumb, 0 bytes, Stack size unknown bytes, entry7b.o(.ARM.Collect$$$$00000008))

<P><STRONG><a name="[e7]"></a>_main_cpp_init</STRONG> (Thumb, 0 bytes, Stack size unknown bytes, entry8b.o(.ARM.Collect$$$$0000000A))

<P><STRONG><a name="[e8]"></a>_main_init</STRONG> (Thumb, 0 bytes, Stack size unknown bytes, entry9a.o(.ARM.Collect$$$$0000000B))

<P><STRONG><a name="[34]"></a>__rt_lib_shutdown_fini</STRONG> (Thumb, 0 bytes, Stack size unknown bytes, entry12b.o(.ARM.Collect$$$$0000000E))
<BR><BR>[Calls]<UL><LI><a href="#[35]">&gt;&gt;</a>&nbsp;&nbsp;&nbsp;__arm_fini_ (Weak Reference)
</UL>

<P><STRONG><a name="[e9]"></a>__rt_final_cpp</STRONG> (Thumb, 0 bytes, Stack size unknown bytes, entry10a.o(.ARM.Collect$$$$0000000F))

<P><STRONG><a name="[ea]"></a>__rt_final_exit</STRONG> (Thumb, 0 bytes, Stack size unknown bytes, entry11a.o(.ARM.Collect$$$$00000011))

<P><STRONG><a name="[da]"></a>__asm___6_port_c_39a90d8d__prvPortStartFirstTask</STRONG> (Thumb, 36 bytes, Stack size 0 bytes, port.o(.emb_text))
<BR><BR>[Called By]<UL><LI><a href="#[d9]">&gt;&gt;</a>&nbsp;&nbsp;&nbsp;xPortStartScheduler
</UL>

<P><STRONG><a name="[db]"></a>ulSetInterruptMaskFromISR</STRONG> (Thumb, 8 bytes, Stack size 0 bytes, port.o(.emb_text))
<BR><BR>[Called By]<UL><LI><a href="#[84]">&gt;&gt;</a>&nbsp;&nbsp;&nbsp;xPortSysTickHandler
<LI><a href="#[e2]">&gt;&gt;</a>&nbsp;&nbsp;&nbsp;xQueueGenericSendFromISR
</UL>

<P><STRONG><a name="[dd]"></a>vClearInterruptMaskFromISR</STRONG> (Thumb, 6 bytes, Stack size 0 bytes, port.o(.emb_text))
<BR><BR>[Called By]<UL><LI><a href="#[84]">&gt;&gt;</a>&nbsp;&nbsp;&nbsp;xPortSysTickHandler
<LI><a href="#[e2]">&gt;&gt;</a>&nbsp;&nbsp;&nbsp;xQueueGenericSendFromISR
</UL>

<P><STRONG><a name="[4]"></a>PendSV_Handler</STRONG> (Thumb, 62 bytes, Stack size 0 bytes, port.o(.emb_text))
<BR><BR>[Stack]<UL><LI>Max Depth = 152<LI>Call Chain = PendSV_Handler &rArr; vTaskSwitchContext &rArr; SEGGER_SYSVIEW_OnTaskStartExec &rArr; _SendPacket &rArr; _HandleIncomingPacket &rArr; SEGGER_SYSVIEW_Start &rArr;  _SendPacket (Cycle)
</UL>
<BR>[Calls]<UL><LI><a href="#[36]">&gt;&gt;</a>&nbsp;&nbsp;&nbsp;vTaskSwitchContext
</UL>
<BR>[Address Reference Count : 1]<UL><LI> startup_lks32mc08x.o(RESET)
</UL>
<P><STRONG><a name="[0]"></a>Reset_Handler</STRONG> (Thumb, 14 bytes, Stack size 0 bytes, startup_lks32mc08x.o(.text))
<BR>[Address Reference Count : 1]<UL><LI> startup_lks32mc08x.o(RESET)
</UL>
<P><STRONG><a name="[12]"></a>DSP_IRQHandler</STRONG> (Thumb, 0 bytes, Stack size 0 bytes, startup_lks32mc08x.o(.text))
<BR><BR>[Calls]<UL><LI><a href="#[12]">&gt;&gt;</a>&nbsp;&nbsp;&nbsp;DSP_IRQHandler
</UL>
<BR>[Called By]<UL><LI><a href="#[12]">&gt;&gt;</a>&nbsp;&nbsp;&nbsp;DSP_IRQHandler
</UL>
<BR>[Address Reference Count : 1]<UL><LI> startup_lks32mc08x.o(RESET)
</UL>
<P><STRONG><a name="[17]"></a>PWRDN_IRQHandler</STRONG> (Thumb, 0 bytes, Stack size 0 bytes, startup_lks32mc08x.o(.text))
<BR>[Address Reference Count : 1]<UL><LI> startup_lks32mc08x.o(RESET)
</UL>
<P><STRONG><a name="[1a]"></a>SIF_IRQHandler</STRONG> (Thumb, 0 bytes, Stack size 0 bytes, startup_lks32mc08x.o(.text))
<BR>[Address Reference Count : 1]<UL><LI> startup_lks32mc08x.o(RESET)
</UL>
<P><STRONG><a name="[16]"></a>WAKE_IRQHandler</STRONG> (Thumb, 0 bytes, Stack size 0 bytes, startup_lks32mc08x.o(.text))
<BR>[Address Reference Count : 1]<UL><LI> startup_lks32mc08x.o(RESET)
</UL>
<P><STRONG><a name="[eb]"></a>__aeabi_uidiv</STRONG> (Thumb, 0 bytes, Stack size 12 bytes, uidiv.o(.text), UNUSED)

<P><STRONG><a name="[46]"></a>__aeabi_uidivmod</STRONG> (Thumb, 44 bytes, Stack size 12 bytes, uidiv.o(.text))
<BR><BR>[Stack]<UL><LI>Max Depth = 12<LI>Call Chain = __aeabi_uidivmod
</UL>
<BR>[Called By]<UL><LI><a href="#[45]">&gt;&gt;</a>&nbsp;&nbsp;&nbsp;CAN_Sleep
<LI><a href="#[bc]">&gt;&gt;</a>&nbsp;&nbsp;&nbsp;xQueueGenericReset
<LI><a href="#[b4]">&gt;&gt;</a>&nbsp;&nbsp;&nbsp;xQueueGenericCreate
<LI><a href="#[d5]">&gt;&gt;</a>&nbsp;&nbsp;&nbsp;vPortSetupTimerInterrupt
</UL>

<P><STRONG><a name="[37]"></a>__aeabi_ldivmod</STRONG> (Thumb, 76 bytes, Stack size 24 bytes, ldiv.o(.text))
<BR><BR>[Stack]<UL><LI>Max Depth = 80<LI>Call Chain = __aeabi_ldivmod &rArr; __aeabi_uldivmod &rArr; __aeabi_llsr
</UL>
<BR>[Calls]<UL><LI><a href="#[38]">&gt;&gt;</a>&nbsp;&nbsp;&nbsp;__aeabi_uldivmod
</UL>
<BR>[Called By]<UL><LI><a href="#[90]">&gt;&gt;</a>&nbsp;&nbsp;&nbsp;UART_Init
</UL>

<P><STRONG><a name="[39]"></a>__aeabi_lmul</STRONG> (Thumb, 122 bytes, Stack size 64 bytes, llmul.o(.text))
<BR><BR>[Stack]<UL><LI>Max Depth = 72<LI>Call Chain = __aeabi_lmul &rArr; __aeabi_llsl
</UL>
<BR>[Calls]<UL><LI><a href="#[3a]">&gt;&gt;</a>&nbsp;&nbsp;&nbsp;__aeabi_llsl
</UL>
<BR>[Called By]<UL><LI><a href="#[30]">&gt;&gt;</a>&nbsp;&nbsp;&nbsp;_cbGetTime
</UL>

<P><STRONG><a name="[ec]"></a>_ll_mul</STRONG> (Thumb, 0 bytes, Stack size 64 bytes, llmul.o(.text), UNUSED)

<P><STRONG><a name="[63]"></a>__aeabi_memcpy</STRONG> (Thumb, 36 bytes, Stack size 0 bytes, memcpya.o(.text))
<BR><BR>[Called By]<UL><LI><a href="#[b8]">&gt;&gt;</a>&nbsp;&nbsp;&nbsp;prvCopyDataToQueue
<LI><a href="#[b7]">&gt;&gt;</a>&nbsp;&nbsp;&nbsp;prvCopyDataFromQueue
<LI><a href="#[64]">&gt;&gt;</a>&nbsp;&nbsp;&nbsp;SEGGER_RTT_WriteSkipNoLock
<LI><a href="#[62]">&gt;&gt;</a>&nbsp;&nbsp;&nbsp;SEGGER_RTT_ReadNoLock
</UL>

<P><STRONG><a name="[ed]"></a>__aeabi_memcpy4</STRONG> (Thumb, 0 bytes, Stack size 0 bytes, memcpya.o(.text), UNUSED)

<P><STRONG><a name="[ee]"></a>__aeabi_memcpy8</STRONG> (Thumb, 0 bytes, Stack size 0 bytes, memcpya.o(.text), UNUSED)

<P><STRONG><a name="[3c]"></a>__aeabi_memset</STRONG> (Thumb, 14 bytes, Stack size 0 bytes, memseta.o(.text))
<BR><BR>[Called By]<UL><LI><a href="#[bd]">&gt;&gt;</a>&nbsp;&nbsp;&nbsp;prvInitialiseNewTask
<LI><a href="#[3d]">&gt;&gt;</a>&nbsp;&nbsp;&nbsp;_memset$wrapper
<LI><a href="#[3b]">&gt;&gt;</a>&nbsp;&nbsp;&nbsp;__aeabi_memclr
</UL>

<P><STRONG><a name="[ef]"></a>__aeabi_memset4</STRONG> (Thumb, 0 bytes, Stack size 0 bytes, memseta.o(.text), UNUSED)

<P><STRONG><a name="[f0]"></a>__aeabi_memset8</STRONG> (Thumb, 0 bytes, Stack size 0 bytes, memseta.o(.text), UNUSED)

<P><STRONG><a name="[3b]"></a>__aeabi_memclr</STRONG> (Thumb, 4 bytes, Stack size 0 bytes, memseta.o(.text), UNUSED)
<BR><BR>[Calls]<UL><LI><a href="#[3c]">&gt;&gt;</a>&nbsp;&nbsp;&nbsp;__aeabi_memset
</UL>

<P><STRONG><a name="[82]"></a>__aeabi_memclr4</STRONG> (Thumb, 0 bytes, Stack size 0 bytes, memseta.o(.text))
<BR><BR>[Called By]<UL><LI><a href="#[52]">&gt;&gt;</a>&nbsp;&nbsp;&nbsp;TC_485_Init
<LI><a href="#[5d]">&gt;&gt;</a>&nbsp;&nbsp;&nbsp;xTaskCreate
<LI><a href="#[95]">&gt;&gt;</a>&nbsp;&nbsp;&nbsp;TC_FsmCrash
<LI><a href="#[81]">&gt;&gt;</a>&nbsp;&nbsp;&nbsp;SYSVIEW_SendTaskInfo
<LI><a href="#[60]">&gt;&gt;</a>&nbsp;&nbsp;&nbsp;_DoInit
</UL>

<P><STRONG><a name="[f1]"></a>__aeabi_memclr8</STRONG> (Thumb, 0 bytes, Stack size 0 bytes, memseta.o(.text), UNUSED)

<P><STRONG><a name="[3d]"></a>_memset$wrapper</STRONG> (Thumb, 18 bytes, Stack size 8 bytes, memseta.o(.text), UNUSED)
<BR><BR>[Calls]<UL><LI><a href="#[3c]">&gt;&gt;</a>&nbsp;&nbsp;&nbsp;__aeabi_memset
</UL>

<P><STRONG><a name="[80]"></a>memcmp</STRONG> (Thumb, 26 bytes, Stack size 12 bytes, memcmp.o(.text))
<BR><BR>[Stack]<UL><LI>Max Depth = 12<LI>Call Chain = memcmp
</UL>
<BR>[Called By]<UL><LI><a href="#[7f]">&gt;&gt;</a>&nbsp;&nbsp;&nbsp;SYSVIEW_AddTask
</UL>

<P><STRONG><a name="[38]"></a>__aeabi_uldivmod</STRONG> (Thumb, 96 bytes, Stack size 48 bytes, uldiv.o(.text))
<BR><BR>[Stack]<UL><LI>Max Depth = 56<LI>Call Chain = __aeabi_uldivmod &rArr; __aeabi_llsr
</UL>
<BR>[Calls]<UL><LI><a href="#[3e]">&gt;&gt;</a>&nbsp;&nbsp;&nbsp;__aeabi_llsr
<LI><a href="#[3a]">&gt;&gt;</a>&nbsp;&nbsp;&nbsp;__aeabi_llsl
</UL>
<BR>[Called By]<UL><LI><a href="#[a7]">&gt;&gt;</a>&nbsp;&nbsp;&nbsp;_printf_core
<LI><a href="#[37]">&gt;&gt;</a>&nbsp;&nbsp;&nbsp;__aeabi_ldivmod
</UL>

<P><STRONG><a name="[3a]"></a>__aeabi_llsl</STRONG> (Thumb, 32 bytes, Stack size 8 bytes, llshl.o(.text))
<BR><BR>[Stack]<UL><LI>Max Depth = 8<LI>Call Chain = __aeabi_llsl
</UL>
<BR>[Called By]<UL><LI><a href="#[38]">&gt;&gt;</a>&nbsp;&nbsp;&nbsp;__aeabi_uldivmod
<LI><a href="#[39]">&gt;&gt;</a>&nbsp;&nbsp;&nbsp;__aeabi_lmul
</UL>

<P><STRONG><a name="[f2]"></a>_ll_shift_l</STRONG> (Thumb, 0 bytes, Stack size 8 bytes, llshl.o(.text), UNUSED)

<P><STRONG><a name="[33]"></a>__scatterload</STRONG> (Thumb, 28 bytes, Stack size 0 bytes, init.o(.text))
<BR><BR>[Calls]<UL><LI><a href="#[3f]">&gt;&gt;</a>&nbsp;&nbsp;&nbsp;__main_after_scatterload
</UL>
<BR>[Called By]<UL><LI><a href="#[32]">&gt;&gt;</a>&nbsp;&nbsp;&nbsp;_main_scatterload
</UL>

<P><STRONG><a name="[f3]"></a>__scatterload_rt2</STRONG> (Thumb, 0 bytes, Stack size 0 bytes, init.o(.text), UNUSED)

<P><STRONG><a name="[3e]"></a>__aeabi_llsr</STRONG> (Thumb, 34 bytes, Stack size 8 bytes, llushr.o(.text))
<BR><BR>[Stack]<UL><LI>Max Depth = 8<LI>Call Chain = __aeabi_llsr
</UL>
<BR>[Called By]<UL><LI><a href="#[38]">&gt;&gt;</a>&nbsp;&nbsp;&nbsp;__aeabi_uldivmod
</UL>

<P><STRONG><a name="[f4]"></a>_ll_ushift_r</STRONG> (Thumb, 0 bytes, Stack size 8 bytes, llushr.o(.text), UNUSED)

<P><STRONG><a name="[11]"></a>ADC0_IRQHandler</STRONG> (Thumb, 2 bytes, Stack size 0 bytes, interrupt.o(i.ADC0_IRQHandler))
<BR>[Address Reference Count : 1]<UL><LI> startup_lks32mc08x.o(RESET)
</UL>
<P><STRONG><a name="[40]"></a>CAN_GetIRQFlag</STRONG> (Thumb, 6 bytes, Stack size 0 bytes, lks32mc08x_can.o(i.CAN_GetIRQFlag))
<BR><BR>[Called By]<UL><LI><a href="#[19]">&gt;&gt;</a>&nbsp;&nbsp;&nbsp;CAN_IRQHandler
</UL>

<P><STRONG><a name="[19]"></a>CAN_IRQHandler</STRONG> (Thumb, 94 bytes, Stack size 16 bytes, interrupt.o(i.CAN_IRQHandler))
<BR><BR>[Stack]<UL><LI>Max Depth = 32<LI>Call Chain = CAN_IRQHandler &rArr; CAN_Receive_Msg
</UL>
<BR>[Calls]<UL><LI><a href="#[42]">&gt;&gt;</a>&nbsp;&nbsp;&nbsp;CAN_Receive_Msg
<LI><a href="#[41]">&gt;&gt;</a>&nbsp;&nbsp;&nbsp;CAN_ReadState
<LI><a href="#[40]">&gt;&gt;</a>&nbsp;&nbsp;&nbsp;CAN_GetIRQFlag
</UL>
<BR>[Address Reference Count : 1]<UL><LI> startup_lks32mc08x.o(RESET)
</UL>
<P><STRONG><a name="[43]"></a>CAN_Init</STRONG> (Thumb, 72 bytes, Stack size 16 bytes, lks32mc08x_can.o(i.CAN_Init))
<BR><BR>[Stack]<UL><LI>Max Depth = 16<LI>Call Chain = CAN_Init
</UL>
<BR>[Calls]<UL><LI><a href="#[44]">&gt;&gt;</a>&nbsp;&nbsp;&nbsp;SYS_ModuleClockCmd
</UL>
<BR>[Called By]<UL><LI><a href="#[51]">&gt;&gt;</a>&nbsp;&nbsp;&nbsp;TC_CAN_Init
</UL>

<P><STRONG><a name="[41]"></a>CAN_ReadState</STRONG> (Thumb, 10 bytes, Stack size 0 bytes, lks32mc08x_can.o(i.CAN_ReadState))
<BR><BR>[Called By]<UL><LI><a href="#[19]">&gt;&gt;</a>&nbsp;&nbsp;&nbsp;CAN_IRQHandler
</UL>

<P><STRONG><a name="[42]"></a>CAN_Receive_Msg</STRONG> (Thumb, 304 bytes, Stack size 16 bytes, lks32mc08x_can.o(i.CAN_Receive_Msg))
<BR><BR>[Stack]<UL><LI>Max Depth = 16<LI>Call Chain = CAN_Receive_Msg
</UL>
<BR>[Called By]<UL><LI><a href="#[19]">&gt;&gt;</a>&nbsp;&nbsp;&nbsp;CAN_IRQHandler
</UL>

<P><STRONG><a name="[45]"></a>CAN_Sleep</STRONG> (Thumb, 78 bytes, Stack size 16 bytes, lks32mc08x_can.o(i.CAN_Sleep))
<BR><BR>[Stack]<UL><LI>Max Depth = 28<LI>Call Chain = CAN_Sleep &rArr; __aeabi_uidivmod
</UL>
<BR>[Calls]<UL><LI><a href="#[46]">&gt;&gt;</a>&nbsp;&nbsp;&nbsp;__aeabi_uidivmod
</UL>
<BR>[Called By]<UL><LI><a href="#[51]">&gt;&gt;</a>&nbsp;&nbsp;&nbsp;TC_CAN_Init
</UL>

<P><STRONG><a name="[93]"></a>CAN_StructInit</STRONG> (Thumb, 24 bytes, Stack size 0 bytes, lks32mc08x_can.o(i.CAN_StructInit))
<BR><BR>[Called By]<UL><LI><a href="#[51]">&gt;&gt;</a>&nbsp;&nbsp;&nbsp;TC_CAN_Init
</UL>

<P><STRONG><a name="[15]"></a>CMP_IRQHandler</STRONG> (Thumb, 2 bytes, Stack size 0 bytes, interrupt.o(i.CMP_IRQHandler))
<BR>[Address Reference Count : 1]<UL><LI> startup_lks32mc08x.o(RESET)
</UL>
<P><STRONG><a name="[87]"></a>CheckSum</STRONG> (Thumb, 44 bytes, Stack size 8 bytes, common.o(i.CheckSum))
<BR><BR>[Stack]<UL><LI>Max Depth = 8<LI>Call Chain = CheckSum
</UL>
<BR>[Called By]<UL><LI><a href="#[85]">&gt;&gt;</a>&nbsp;&nbsp;&nbsp;TC_485TransmitFrame
<LI><a href="#[98]">&gt;&gt;</a>&nbsp;&nbsp;&nbsp;TC_GetCurEvent
</UL>

<P><STRONG><a name="[47]"></a>Clock_Init</STRONG> (Thumb, 40 bytes, Stack size 4 bytes, hardware_init.o(i.Clock_Init))
<BR><BR>[Stack]<UL><LI>Max Depth = 12<LI>Call Chain = Clock_Init &rArr; SoftDelay
</UL>
<BR>[Calls]<UL><LI><a href="#[48]">&gt;&gt;</a>&nbsp;&nbsp;&nbsp;SoftDelay
</UL>
<BR>[Called By]<UL><LI><a href="#[1c]">&gt;&gt;</a>&nbsp;&nbsp;&nbsp;SystemInit
</UL>

<P><STRONG><a name="[18]"></a>DMA_IRQHandler</STRONG> (Thumb, 2 bytes, Stack size 0 bytes, interrupt.o(i.DMA_IRQHandler))
<BR>[Address Reference Count : 1]<UL><LI> startup_lks32mc08x.o(RESET)
</UL>
<P><STRONG><a name="[a]"></a>ENCODER0_IRQHandler</STRONG> (Thumb, 2 bytes, Stack size 0 bytes, interrupt.o(i.ENCODER0_IRQHandler))
<BR>[Address Reference Count : 1]<UL><LI> startup_lks32mc08x.o(RESET)
</UL>
<P><STRONG><a name="[b]"></a>ENCODER1_IRQHandler</STRONG> (Thumb, 2 bytes, Stack size 0 bytes, interrupt.o(i.ENCODER1_IRQHandler))
<BR>[Address Reference Count : 1]<UL><LI> startup_lks32mc08x.o(RESET)
</UL>
<P><STRONG><a name="[d]"></a>GPIO_IRQHandler</STRONG> (Thumb, 2 bytes, Stack size 0 bytes, interrupt.o(i.GPIO_IRQHandler))
<BR>[Address Reference Count : 1]<UL><LI> startup_lks32mc08x.o(RESET)
</UL>
<P><STRONG><a name="[8b]"></a>GPIO_Init</STRONG> (Thumb, 198 bytes, Stack size 20 bytes, lks32mc08x_gpio.o(i.GPIO_Init))
<BR><BR>[Stack]<UL><LI>Max Depth = 20<LI>Call Chain = GPIO_Init
</UL>
<BR>[Called By]<UL><LI><a href="#[50]">&gt;&gt;</a>&nbsp;&nbsp;&nbsp;TC_SysLed_Init
<LI><a href="#[a1]">&gt;&gt;</a>&nbsp;&nbsp;&nbsp;TC_UART_GPIO_Init
<LI><a href="#[92]">&gt;&gt;</a>&nbsp;&nbsp;&nbsp;TC_CAN_GPIO_Init
<LI><a href="#[89]">&gt;&gt;</a>&nbsp;&nbsp;&nbsp;TC_485_GPIO_Init
</UL>

<P><STRONG><a name="[49]"></a>GPIO_PinAFConfig</STRONG> (Thumb, 258 bytes, Stack size 12 bytes, lks32mc08x_gpio.o(i.GPIO_PinAFConfig))
<BR><BR>[Stack]<UL><LI>Max Depth = 20<LI>Call Chain = GPIO_PinAFConfig &rArr; __ARM_common_switch8
</UL>
<BR>[Calls]<UL><LI><a href="#[4a]">&gt;&gt;</a>&nbsp;&nbsp;&nbsp;__ARM_common_switch8
</UL>
<BR>[Called By]<UL><LI><a href="#[a1]">&gt;&gt;</a>&nbsp;&nbsp;&nbsp;TC_UART_GPIO_Init
<LI><a href="#[92]">&gt;&gt;</a>&nbsp;&nbsp;&nbsp;TC_CAN_GPIO_Init
<LI><a href="#[89]">&gt;&gt;</a>&nbsp;&nbsp;&nbsp;TC_485_GPIO_Init
</UL>

<P><STRONG><a name="[57]"></a>GPIO_ReadOutputDataBit</STRONG> (Thumb, 20 bytes, Stack size 0 bytes, lks32mc08x_gpio.o(i.GPIO_ReadOutputDataBit))
<BR><BR>[Called By]<UL><LI><a href="#[4e]">&gt;&gt;</a>&nbsp;&nbsp;&nbsp;Invers_GPIO
</UL>

<P><STRONG><a name="[4b]"></a>GPIO_ResetBits</STRONG> (Thumb, 18 bytes, Stack size 12 bytes, lks32mc08x_gpio.o(i.GPIO_ResetBits))
<BR><BR>[Stack]<UL><LI>Max Depth = 12<LI>Call Chain = GPIO_ResetBits
</UL>
<BR>[Calls]<UL><LI><a href="#[4c]">&gt;&gt;</a>&nbsp;&nbsp;&nbsp;GPIO_WriteBit
</UL>
<BR>[Called By]<UL><LI><a href="#[4e]">&gt;&gt;</a>&nbsp;&nbsp;&nbsp;Invers_GPIO
</UL>

<P><STRONG><a name="[4d]"></a>GPIO_SetBits</STRONG> (Thumb, 18 bytes, Stack size 12 bytes, lks32mc08x_gpio.o(i.GPIO_SetBits))
<BR><BR>[Stack]<UL><LI>Max Depth = 12<LI>Call Chain = GPIO_SetBits
</UL>
<BR>[Calls]<UL><LI><a href="#[4c]">&gt;&gt;</a>&nbsp;&nbsp;&nbsp;GPIO_WriteBit
</UL>
<BR>[Called By]<UL><LI><a href="#[4e]">&gt;&gt;</a>&nbsp;&nbsp;&nbsp;Invers_GPIO
</UL>

<P><STRONG><a name="[8a]"></a>GPIO_StructInit</STRONG> (Thumb, 12 bytes, Stack size 0 bytes, lks32mc08x_gpio.o(i.GPIO_StructInit))
<BR><BR>[Called By]<UL><LI><a href="#[50]">&gt;&gt;</a>&nbsp;&nbsp;&nbsp;TC_SysLed_Init
<LI><a href="#[a1]">&gt;&gt;</a>&nbsp;&nbsp;&nbsp;TC_UART_GPIO_Init
<LI><a href="#[92]">&gt;&gt;</a>&nbsp;&nbsp;&nbsp;TC_CAN_GPIO_Init
<LI><a href="#[89]">&gt;&gt;</a>&nbsp;&nbsp;&nbsp;TC_485_GPIO_Init
</UL>

<P><STRONG><a name="[4c]"></a>GPIO_WriteBit</STRONG> (Thumb, 20 bytes, Stack size 0 bytes, lks32mc08x_gpio.o(i.GPIO_WriteBit))
<BR><BR>[Called By]<UL><LI><a href="#[4d]">&gt;&gt;</a>&nbsp;&nbsp;&nbsp;GPIO_SetBits
<LI><a href="#[4b]">&gt;&gt;</a>&nbsp;&nbsp;&nbsp;GPIO_ResetBits
</UL>

<P><STRONG><a name="[f]"></a>HALL_IRQHandler</STRONG> (Thumb, 2 bytes, Stack size 0 bytes, interrupt.o(i.HALL_IRQHandler))
<BR>[Address Reference Count : 1]<UL><LI> startup_lks32mc08x.o(RESET)
</UL>
<P><STRONG><a name="[2]"></a>HardFault_Handler</STRONG> (Thumb, 18 bytes, Stack size 0 bytes, interrupt.o(i.HardFault_Handler))
<BR><BR>[Stack]<UL><LI>Max Depth = 28<LI>Call Chain = HardFault_Handler &rArr; Invers_GPIO &rArr; GPIO_SetBits
</UL>
<BR>[Calls]<UL><LI><a href="#[48]">&gt;&gt;</a>&nbsp;&nbsp;&nbsp;SoftDelay
<LI><a href="#[4e]">&gt;&gt;</a>&nbsp;&nbsp;&nbsp;Invers_GPIO
</UL>
<BR>[Address Reference Count : 1]<UL><LI> startup_lks32mc08x.o(RESET)
</UL>
<P><STRONG><a name="[4f]"></a>Hardware_Init</STRONG> (Thumb, 92 bytes, Stack size 8 bytes, hardware_init.o(i.Hardware_Init))
<BR><BR>[Stack]<UL><LI>Max Depth = 168<LI>Call Chain = Hardware_Init &rArr; TC_485_Init &rArr; TC_485_UART_Init &rArr; UART_Init &rArr; __aeabi_ldivmod &rArr; __aeabi_uldivmod &rArr; __aeabi_llsr
</UL>
<BR>[Calls]<UL><LI><a href="#[53]">&gt;&gt;</a>&nbsp;&nbsp;&nbsp;TC_UART_Init
<LI><a href="#[51]">&gt;&gt;</a>&nbsp;&nbsp;&nbsp;TC_CAN_Init
<LI><a href="#[52]">&gt;&gt;</a>&nbsp;&nbsp;&nbsp;TC_485_Init
<LI><a href="#[55]">&gt;&gt;</a>&nbsp;&nbsp;&nbsp;TC_SysTick_Config
<LI><a href="#[54]">&gt;&gt;</a>&nbsp;&nbsp;&nbsp;TC_NVIC_Init
<LI><a href="#[50]">&gt;&gt;</a>&nbsp;&nbsp;&nbsp;TC_SysLed_Init
<LI><a href="#[48]">&gt;&gt;</a>&nbsp;&nbsp;&nbsp;SoftDelay
<LI><a href="#[56]">&gt;&gt;</a>&nbsp;&nbsp;&nbsp;__2printf
</UL>
<BR>[Called By]<UL><LI><a href="#[1b]">&gt;&gt;</a>&nbsp;&nbsp;&nbsp;main
</UL>

<P><STRONG><a name="[c]"></a>I2C0_IRQHandler</STRONG> (Thumb, 2 bytes, Stack size 0 bytes, interrupt.o(i.I2C0_IRQHandler))
<BR>[Address Reference Count : 1]<UL><LI> startup_lks32mc08x.o(RESET)
</UL>
<P><STRONG><a name="[4e]"></a>Invers_GPIO</STRONG> (Thumb, 44 bytes, Stack size 16 bytes, hardware_init.o(i.Invers_GPIO))
<BR><BR>[Stack]<UL><LI>Max Depth = 28<LI>Call Chain = Invers_GPIO &rArr; GPIO_SetBits
</UL>
<BR>[Calls]<UL><LI><a href="#[4d]">&gt;&gt;</a>&nbsp;&nbsp;&nbsp;GPIO_SetBits
<LI><a href="#[4b]">&gt;&gt;</a>&nbsp;&nbsp;&nbsp;GPIO_ResetBits
<LI><a href="#[57]">&gt;&gt;</a>&nbsp;&nbsp;&nbsp;GPIO_ReadOutputDataBit
</UL>
<BR>[Called By]<UL><LI><a href="#[2]">&gt;&gt;</a>&nbsp;&nbsp;&nbsp;HardFault_Handler
<LI><a href="#[1e]">&gt;&gt;</a>&nbsp;&nbsp;&nbsp;SysLEDTimerCallback
<LI><a href="#[1b]">&gt;&gt;</a>&nbsp;&nbsp;&nbsp;main
</UL>

<P><STRONG><a name="[58]"></a>LKS_FREERTOS_Init</STRONG> (Thumb, 206 bytes, Stack size 16 bytes, freertos.o(i.LKS_FREERTOS_Init))
<BR><BR>[Stack]<UL><LI>Max Depth = 376<LI>Call Chain = LKS_FREERTOS_Init &rArr; xTimerCreate &rArr; prvInitialiseNewTimer &rArr; prvCheckForValidListAndQueue &rArr; xQueueGenericCreate &rArr; prvInitialiseNewQueue &rArr; xQueueGenericReset &rArr; xTaskRemoveFromEventList &rArr; SEGGER_SYSVIEW_OnTaskStartReady &rArr; _SendPacket &rArr; _HandleIncomingPacket &rArr; SEGGER_SYSVIEW_Start &rArr;  _SendPacket (Cycle)
</UL>
<BR>[Calls]<UL><LI><a href="#[5b]">&gt;&gt;</a>&nbsp;&nbsp;&nbsp;xTimerGenericCommand
<LI><a href="#[59]">&gt;&gt;</a>&nbsp;&nbsp;&nbsp;xTimerCreate
<LI><a href="#[5a]">&gt;&gt;</a>&nbsp;&nbsp;&nbsp;xTaskGetTickCount
<LI><a href="#[5d]">&gt;&gt;</a>&nbsp;&nbsp;&nbsp;xTaskCreate
<LI><a href="#[5e]">&gt;&gt;</a>&nbsp;&nbsp;&nbsp;vPortExitCritical
<LI><a href="#[5c]">&gt;&gt;</a>&nbsp;&nbsp;&nbsp;vPortEnterCritical
<LI><a href="#[56]">&gt;&gt;</a>&nbsp;&nbsp;&nbsp;__2printf
</UL>
<BR>[Called By]<UL><LI><a href="#[1b]">&gt;&gt;</a>&nbsp;&nbsp;&nbsp;main
</UL>

<P><STRONG><a name="[13]"></a>MCPWM_IRQHandler</STRONG> (Thumb, 2 bytes, Stack size 0 bytes, interrupt.o(i.MCPWM_IRQHandler))
<BR>[Address Reference Count : 1]<UL><LI> startup_lks32mc08x.o(RESET)
</UL>
<P><STRONG><a name="[91]"></a>My_CAN_Send_Msg</STRONG> (Thumb, 252 bytes, Stack size 20 bytes, lks32mc08x_can.o(i.My_CAN_Send_Msg))
<BR><BR>[Stack]<UL><LI>Max Depth = 20<LI>Call Chain = My_CAN_Send_Msg
</UL>
<BR>[Called By]<UL><LI><a href="#[20]">&gt;&gt;</a>&nbsp;&nbsp;&nbsp;TC_CANRxTaskFunc
</UL>

<P><STRONG><a name="[1]"></a>NMI_Handler</STRONG> (Thumb, 4 bytes, Stack size 0 bytes, interrupt.o(i.NMI_Handler))
<BR>[Address Reference Count : 1]<UL><LI> startup_lks32mc08x.o(RESET)
</UL>
<P><STRONG><a name="[5f]"></a>SEGGER_RTT_AllocUpBuffer</STRONG> (Thumb, 166 bytes, Stack size 40 bytes, segger_rtt.o(i.SEGGER_RTT_AllocUpBuffer))
<BR><BR>[Stack]<UL><LI>Max Depth = 56<LI>Call Chain = SEGGER_RTT_AllocUpBuffer &rArr; _DoInit
</UL>
<BR>[Calls]<UL><LI><a href="#[60]">&gt;&gt;</a>&nbsp;&nbsp;&nbsp;_DoInit
</UL>
<BR>[Called By]<UL><LI><a href="#[66]">&gt;&gt;</a>&nbsp;&nbsp;&nbsp;SEGGER_SYSVIEW_Init
</UL>

<P><STRONG><a name="[61]"></a>SEGGER_RTT_ConfigDownBuffer</STRONG> (Thumb, 110 bytes, Stack size 48 bytes, segger_rtt.o(i.SEGGER_RTT_ConfigDownBuffer))
<BR><BR>[Stack]<UL><LI>Max Depth = 64<LI>Call Chain = SEGGER_RTT_ConfigDownBuffer &rArr; _DoInit
</UL>
<BR>[Calls]<UL><LI><a href="#[60]">&gt;&gt;</a>&nbsp;&nbsp;&nbsp;_DoInit
</UL>
<BR>[Called By]<UL><LI><a href="#[66]">&gt;&gt;</a>&nbsp;&nbsp;&nbsp;SEGGER_SYSVIEW_Init
</UL>

<P><STRONG><a name="[62]"></a>SEGGER_RTT_ReadNoLock</STRONG> (Thumb, 180 bytes, Stack size 56 bytes, segger_rtt.o(i.SEGGER_RTT_ReadNoLock))
<BR><BR>[Stack]<UL><LI>Max Depth = 72<LI>Call Chain = SEGGER_RTT_ReadNoLock &rArr; _DoInit
</UL>
<BR>[Calls]<UL><LI><a href="#[60]">&gt;&gt;</a>&nbsp;&nbsp;&nbsp;_DoInit
<LI><a href="#[63]">&gt;&gt;</a>&nbsp;&nbsp;&nbsp;__aeabi_memcpy
</UL>
<BR>[Called By]<UL><LI><a href="#[a3]">&gt;&gt;</a>&nbsp;&nbsp;&nbsp;_HandleIncomingPacket
</UL>

<P><STRONG><a name="[64]"></a>SEGGER_RTT_WriteSkipNoLock</STRONG> (Thumb, 156 bytes, Stack size 48 bytes, segger_rtt.o(i.SEGGER_RTT_WriteSkipNoLock))
<BR><BR>[Stack]<UL><LI>Max Depth = 48<LI>Call Chain = SEGGER_RTT_WriteSkipNoLock
</UL>
<BR>[Calls]<UL><LI><a href="#[63]">&gt;&gt;</a>&nbsp;&nbsp;&nbsp;__aeabi_memcpy
</UL>
<BR>[Called By]<UL><LI><a href="#[7b]">&gt;&gt;</a>&nbsp;&nbsp;&nbsp;SEGGER_SYSVIEW_Start
<LI><a href="#[a5]">&gt;&gt;</a>&nbsp;&nbsp;&nbsp;_TrySendOverflowPacket
<LI><a href="#[6a]">&gt;&gt;</a>&nbsp;&nbsp;&nbsp;_SendPacket
</UL>

<P><STRONG><a name="[65]"></a>SEGGER_SYSVIEW_Conf</STRONG> (Thumb, 26 bytes, Stack size 8 bytes, segger_sysview_config_freertos.o(i.SEGGER_SYSVIEW_Conf))
<BR><BR>[Stack]<UL><LI>Max Depth = 96<LI>Call Chain = SEGGER_SYSVIEW_Conf &rArr; SEGGER_SYSVIEW_Init &rArr; SEGGER_RTT_ConfigDownBuffer &rArr; _DoInit
</UL>
<BR>[Calls]<UL><LI><a href="#[67]">&gt;&gt;</a>&nbsp;&nbsp;&nbsp;SEGGER_SYSVIEW_SetRAMBase
<LI><a href="#[66]">&gt;&gt;</a>&nbsp;&nbsp;&nbsp;SEGGER_SYSVIEW_Init
</UL>
<BR>[Called By]<UL><LI><a href="#[1b]">&gt;&gt;</a>&nbsp;&nbsp;&nbsp;main
</UL>

<P><STRONG><a name="[68]"></a>SEGGER_SYSVIEW_GetSysDesc</STRONG> (Thumb, 174 bytes, Stack size 16 bytes, segger_sysview.o(i.SEGGER_SYSVIEW_GetSysDesc))
<BR><BR>[Stack]<UL><LI>Max Depth = 16 + In Cycle
<LI>Call Chain = SEGGER_SYSVIEW_GetSysDesc &rArr;  _SendPacket (Cycle)
</UL>
<BR>[Calls]<UL><LI><a href="#[6a]">&gt;&gt;</a>&nbsp;&nbsp;&nbsp;_SendPacket
<LI><a href="#[69]">&gt;&gt;</a>&nbsp;&nbsp;&nbsp;_PreparePacket
</UL>
<BR>[Called By]<UL><LI><a href="#[a3]">&gt;&gt;</a>&nbsp;&nbsp;&nbsp;_HandleIncomingPacket
</UL>

<P><STRONG><a name="[66]"></a>SEGGER_SYSVIEW_Init</STRONG> (Thumb, 80 bytes, Stack size 24 bytes, segger_sysview.o(i.SEGGER_SYSVIEW_Init))
<BR><BR>[Stack]<UL><LI>Max Depth = 88<LI>Call Chain = SEGGER_SYSVIEW_Init &rArr; SEGGER_RTT_ConfigDownBuffer &rArr; _DoInit
</UL>
<BR>[Calls]<UL><LI><a href="#[6b]">&gt;&gt;</a>&nbsp;&nbsp;&nbsp;SEGGER_SYSVIEW_X_GetTimestamp
<LI><a href="#[61]">&gt;&gt;</a>&nbsp;&nbsp;&nbsp;SEGGER_RTT_ConfigDownBuffer
<LI><a href="#[5f]">&gt;&gt;</a>&nbsp;&nbsp;&nbsp;SEGGER_RTT_AllocUpBuffer
</UL>
<BR>[Called By]<UL><LI><a href="#[65]">&gt;&gt;</a>&nbsp;&nbsp;&nbsp;SEGGER_SYSVIEW_Conf
</UL>

<P><STRONG><a name="[6c]"></a>SEGGER_SYSVIEW_OnIdle</STRONG> (Thumb, 48 bytes, Stack size 16 bytes, segger_sysview.o(i.SEGGER_SYSVIEW_OnIdle))
<BR><BR>[Stack]<UL><LI>Max Depth = 136<LI>Call Chain = SEGGER_SYSVIEW_OnIdle &rArr; _SendPacket &rArr; _HandleIncomingPacket &rArr; SEGGER_SYSVIEW_Start &rArr;  _SendPacket (Cycle)
</UL>
<BR>[Calls]<UL><LI><a href="#[6a]">&gt;&gt;</a>&nbsp;&nbsp;&nbsp;_SendPacket
<LI><a href="#[69]">&gt;&gt;</a>&nbsp;&nbsp;&nbsp;_PreparePacket
</UL>
<BR>[Called By]<UL><LI><a href="#[ab]">&gt;&gt;</a>&nbsp;&nbsp;&nbsp;vTaskStartScheduler
<LI><a href="#[36]">&gt;&gt;</a>&nbsp;&nbsp;&nbsp;vTaskSwitchContext
</UL>

<P><STRONG><a name="[6d]"></a>SEGGER_SYSVIEW_OnTaskCreate</STRONG> (Thumb, 84 bytes, Stack size 24 bytes, segger_sysview.o(i.SEGGER_SYSVIEW_OnTaskCreate))
<BR><BR>[Stack]<UL><LI>Max Depth = 144<LI>Call Chain = SEGGER_SYSVIEW_OnTaskCreate &rArr; _SendPacket &rArr; _HandleIncomingPacket &rArr; SEGGER_SYSVIEW_Start &rArr;  _SendPacket (Cycle)
</UL>
<BR>[Calls]<UL><LI><a href="#[6a]">&gt;&gt;</a>&nbsp;&nbsp;&nbsp;_SendPacket
<LI><a href="#[69]">&gt;&gt;</a>&nbsp;&nbsp;&nbsp;_PreparePacket
</UL>
<BR>[Called By]<UL><LI><a href="#[af]">&gt;&gt;</a>&nbsp;&nbsp;&nbsp;prvAddNewTaskToReadyList
</UL>

<P><STRONG><a name="[6e]"></a>SEGGER_SYSVIEW_OnTaskStartExec</STRONG> (Thumb, 84 bytes, Stack size 24 bytes, segger_sysview.o(i.SEGGER_SYSVIEW_OnTaskStartExec))
<BR><BR>[Stack]<UL><LI>Max Depth = 144<LI>Call Chain = SEGGER_SYSVIEW_OnTaskStartExec &rArr; _SendPacket &rArr; _HandleIncomingPacket &rArr; SEGGER_SYSVIEW_Start &rArr;  _SendPacket (Cycle)
</UL>
<BR>[Calls]<UL><LI><a href="#[6a]">&gt;&gt;</a>&nbsp;&nbsp;&nbsp;_SendPacket
<LI><a href="#[69]">&gt;&gt;</a>&nbsp;&nbsp;&nbsp;_PreparePacket
</UL>
<BR>[Called By]<UL><LI><a href="#[ab]">&gt;&gt;</a>&nbsp;&nbsp;&nbsp;vTaskStartScheduler
<LI><a href="#[36]">&gt;&gt;</a>&nbsp;&nbsp;&nbsp;vTaskSwitchContext
</UL>

<P><STRONG><a name="[6f]"></a>SEGGER_SYSVIEW_OnTaskStartReady</STRONG> (Thumb, 84 bytes, Stack size 24 bytes, segger_sysview.o(i.SEGGER_SYSVIEW_OnTaskStartReady))
<BR><BR>[Stack]<UL><LI>Max Depth = 144<LI>Call Chain = SEGGER_SYSVIEW_OnTaskStartReady &rArr; _SendPacket &rArr; _HandleIncomingPacket &rArr; SEGGER_SYSVIEW_Start &rArr;  _SendPacket (Cycle)
</UL>
<BR>[Calls]<UL><LI><a href="#[6a]">&gt;&gt;</a>&nbsp;&nbsp;&nbsp;_SendPacket
<LI><a href="#[69]">&gt;&gt;</a>&nbsp;&nbsp;&nbsp;_PreparePacket
</UL>
<BR>[Called By]<UL><LI><a href="#[cb]">&gt;&gt;</a>&nbsp;&nbsp;&nbsp;xTaskResumeAll
<LI><a href="#[af]">&gt;&gt;</a>&nbsp;&nbsp;&nbsp;prvAddNewTaskToReadyList
<LI><a href="#[d0]">&gt;&gt;</a>&nbsp;&nbsp;&nbsp;xTaskRemoveFromEventList
<LI><a href="#[b9]">&gt;&gt;</a>&nbsp;&nbsp;&nbsp;xTaskPriorityDisinherit
<LI><a href="#[dc]">&gt;&gt;</a>&nbsp;&nbsp;&nbsp;xTaskIncrementTick
</UL>

<P><STRONG><a name="[70]"></a>SEGGER_SYSVIEW_RecordSystime</STRONG> (Thumb, 60 bytes, Stack size 16 bytes, segger_sysview.o(i.SEGGER_SYSVIEW_RecordSystime))
<BR><BR>[Stack]<UL><LI>Max Depth = 56<LI>Call Chain = SEGGER_SYSVIEW_RecordSystime &rArr; SEGGER_SYSVIEW_RecordU32x2 &rArr;  _SendPacket (Cycle)
</UL>
<BR>[Calls]<UL><LI><a href="#[6b]">&gt;&gt;</a>&nbsp;&nbsp;&nbsp;SEGGER_SYSVIEW_X_GetTimestamp
<LI><a href="#[71]">&gt;&gt;</a>&nbsp;&nbsp;&nbsp;SEGGER_SYSVIEW_RecordU32x2
<LI><a href="#[72]">&gt;&gt;</a>&nbsp;&nbsp;&nbsp;SEGGER_SYSVIEW_RecordU32
</UL>
<BR>[Called By]<UL><LI><a href="#[7b]">&gt;&gt;</a>&nbsp;&nbsp;&nbsp;SEGGER_SYSVIEW_Start
<LI><a href="#[a3]">&gt;&gt;</a>&nbsp;&nbsp;&nbsp;_HandleIncomingPacket
</UL>

<P><STRONG><a name="[72]"></a>SEGGER_SYSVIEW_RecordU32</STRONG> (Thumb, 82 bytes, Stack size 24 bytes, segger_sysview.o(i.SEGGER_SYSVIEW_RecordU32))
<BR><BR>[Stack]<UL><LI>Max Depth = 24 + In Cycle
<LI>Call Chain = SEGGER_SYSVIEW_RecordU32 &rArr;  _SendPacket (Cycle)
</UL>
<BR>[Calls]<UL><LI><a href="#[6a]">&gt;&gt;</a>&nbsp;&nbsp;&nbsp;_SendPacket
<LI><a href="#[69]">&gt;&gt;</a>&nbsp;&nbsp;&nbsp;_PreparePacket
</UL>
<BR>[Called By]<UL><LI><a href="#[86]">&gt;&gt;</a>&nbsp;&nbsp;&nbsp;vTaskDelay
<LI><a href="#[b9]">&gt;&gt;</a>&nbsp;&nbsp;&nbsp;xTaskPriorityDisinherit
<LI><a href="#[70]">&gt;&gt;</a>&nbsp;&nbsp;&nbsp;SEGGER_SYSVIEW_RecordSystime
</UL>

<P><STRONG><a name="[71]"></a>SEGGER_SYSVIEW_RecordU32x2</STRONG> (Thumb, 112 bytes, Stack size 40 bytes, segger_sysview.o(i.SEGGER_SYSVIEW_RecordU32x2))
<BR><BR>[Stack]<UL><LI>Max Depth = 40 + In Cycle
<LI>Call Chain = SEGGER_SYSVIEW_RecordU32x2 &rArr;  _SendPacket (Cycle)
</UL>
<BR>[Calls]<UL><LI><a href="#[6a]">&gt;&gt;</a>&nbsp;&nbsp;&nbsp;_SendPacket
<LI><a href="#[69]">&gt;&gt;</a>&nbsp;&nbsp;&nbsp;_PreparePacket
</UL>
<BR>[Called By]<UL><LI><a href="#[e2]">&gt;&gt;</a>&nbsp;&nbsp;&nbsp;xQueueGenericSendFromISR
<LI><a href="#[70]">&gt;&gt;</a>&nbsp;&nbsp;&nbsp;SEGGER_SYSVIEW_RecordSystime
</UL>

<P><STRONG><a name="[73]"></a>SEGGER_SYSVIEW_RecordU32x3</STRONG> (Thumb, 138 bytes, Stack size 40 bytes, segger_sysview.o(i.SEGGER_SYSVIEW_RecordU32x3))
<BR><BR>[Stack]<UL><LI>Max Depth = 160<LI>Call Chain = SEGGER_SYSVIEW_RecordU32x3 &rArr; _SendPacket &rArr; _HandleIncomingPacket &rArr; SEGGER_SYSVIEW_Start &rArr;  _SendPacket (Cycle)
</UL>
<BR>[Calls]<UL><LI><a href="#[6a]">&gt;&gt;</a>&nbsp;&nbsp;&nbsp;_SendPacket
<LI><a href="#[69]">&gt;&gt;</a>&nbsp;&nbsp;&nbsp;_PreparePacket
</UL>
<BR>[Called By]<UL><LI><a href="#[bb]">&gt;&gt;</a>&nbsp;&nbsp;&nbsp;prvInitialiseNewQueue
</UL>

<P><STRONG><a name="[74]"></a>SEGGER_SYSVIEW_RecordU32x4</STRONG> (Thumb, 164 bytes, Stack size 40 bytes, segger_sysview.o(i.SEGGER_SYSVIEW_RecordU32x4))
<BR><BR>[Stack]<UL><LI>Max Depth = 160<LI>Call Chain = SEGGER_SYSVIEW_RecordU32x4 &rArr; _SendPacket &rArr; _HandleIncomingPacket &rArr; SEGGER_SYSVIEW_Start &rArr;  _SendPacket (Cycle)
</UL>
<BR>[Calls]<UL><LI><a href="#[6a]">&gt;&gt;</a>&nbsp;&nbsp;&nbsp;_SendPacket
<LI><a href="#[69]">&gt;&gt;</a>&nbsp;&nbsp;&nbsp;_PreparePacket
</UL>
<BR>[Called By]<UL><LI><a href="#[c8]">&gt;&gt;</a>&nbsp;&nbsp;&nbsp;xQueueReceive
<LI><a href="#[de]">&gt;&gt;</a>&nbsp;&nbsp;&nbsp;xQueueGenericSend
</UL>

<P><STRONG><a name="[75]"></a>SEGGER_SYSVIEW_RecordVoid</STRONG> (Thumb, 50 bytes, Stack size 16 bytes, segger_sysview.o(i.SEGGER_SYSVIEW_RecordVoid))
<BR><BR>[Stack]<UL><LI>Max Depth = 16 + In Cycle
<LI>Call Chain = SEGGER_SYSVIEW_RecordVoid &rArr;  _SendPacket (Cycle)
</UL>
<BR>[Calls]<UL><LI><a href="#[6a]">&gt;&gt;</a>&nbsp;&nbsp;&nbsp;_SendPacket
<LI><a href="#[69]">&gt;&gt;</a>&nbsp;&nbsp;&nbsp;_PreparePacket
</UL>
<BR>[Called By]<UL><LI><a href="#[d6]">&gt;&gt;</a>&nbsp;&nbsp;&nbsp;vTaskPlaceOnEventListRestricted
<LI><a href="#[7b]">&gt;&gt;</a>&nbsp;&nbsp;&nbsp;SEGGER_SYSVIEW_Start
</UL>

<P><STRONG><a name="[76]"></a>SEGGER_SYSVIEW_SendModule</STRONG> (Thumb, 156 bytes, Stack size 32 bytes, segger_sysview.o(i.SEGGER_SYSVIEW_SendModule))
<BR><BR>[Stack]<UL><LI>Max Depth = 44 + In Cycle
<LI>Call Chain = SEGGER_SYSVIEW_SendModule &rArr;  _SendPacket (Cycle)
</UL>
<BR>[Calls]<UL><LI><a href="#[6a]">&gt;&gt;</a>&nbsp;&nbsp;&nbsp;_SendPacket
<LI><a href="#[69]">&gt;&gt;</a>&nbsp;&nbsp;&nbsp;_PreparePacket
<LI><a href="#[77]">&gt;&gt;</a>&nbsp;&nbsp;&nbsp;_EncodeStr
</UL>
<BR>[Called By]<UL><LI><a href="#[a3]">&gt;&gt;</a>&nbsp;&nbsp;&nbsp;_HandleIncomingPacket
</UL>

<P><STRONG><a name="[a4]"></a>SEGGER_SYSVIEW_SendModuleDescription</STRONG> (Thumb, 34 bytes, Stack size 8 bytes, segger_sysview.o(i.SEGGER_SYSVIEW_SendModuleDescription))
<BR><BR>[Stack]<UL><LI>Max Depth = 8<LI>Call Chain = SEGGER_SYSVIEW_SendModuleDescription
</UL>
<BR>[Called By]<UL><LI><a href="#[a3]">&gt;&gt;</a>&nbsp;&nbsp;&nbsp;_HandleIncomingPacket
</UL>

<P><STRONG><a name="[78]"></a>SEGGER_SYSVIEW_SendNumModules</STRONG> (Thumb, 78 bytes, Stack size 16 bytes, segger_sysview.o(i.SEGGER_SYSVIEW_SendNumModules))
<BR><BR>[Stack]<UL><LI>Max Depth = 16 + In Cycle
<LI>Call Chain = SEGGER_SYSVIEW_SendNumModules &rArr;  _SendPacket (Cycle)
</UL>
<BR>[Calls]<UL><LI><a href="#[6a]">&gt;&gt;</a>&nbsp;&nbsp;&nbsp;_SendPacket
<LI><a href="#[69]">&gt;&gt;</a>&nbsp;&nbsp;&nbsp;_PreparePacket
</UL>
<BR>[Called By]<UL><LI><a href="#[7b]">&gt;&gt;</a>&nbsp;&nbsp;&nbsp;SEGGER_SYSVIEW_Start
<LI><a href="#[a3]">&gt;&gt;</a>&nbsp;&nbsp;&nbsp;_HandleIncomingPacket
</UL>

<P><STRONG><a name="[79]"></a>SEGGER_SYSVIEW_SendSysDesc</STRONG> (Thumb, 62 bytes, Stack size 24 bytes, segger_sysview.o(i.SEGGER_SYSVIEW_SendSysDesc))
<BR><BR>[Stack]<UL><LI>Max Depth = 144<LI>Call Chain = SEGGER_SYSVIEW_SendSysDesc &rArr; _SendPacket &rArr; _HandleIncomingPacket &rArr; SEGGER_SYSVIEW_Start &rArr;  _SendPacket (Cycle)
</UL>
<BR>[Calls]<UL><LI><a href="#[6a]">&gt;&gt;</a>&nbsp;&nbsp;&nbsp;_SendPacket
<LI><a href="#[69]">&gt;&gt;</a>&nbsp;&nbsp;&nbsp;_PreparePacket
<LI><a href="#[77]">&gt;&gt;</a>&nbsp;&nbsp;&nbsp;_EncodeStr
</UL>
<BR>[Called By]<UL><LI><a href="#[21]">&gt;&gt;</a>&nbsp;&nbsp;&nbsp;_cbSendSystemDesc
</UL>

<P><STRONG><a name="[7a]"></a>SEGGER_SYSVIEW_SendTaskInfo</STRONG> (Thumb, 244 bytes, Stack size 24 bytes, segger_sysview.o(i.SEGGER_SYSVIEW_SendTaskInfo))
<BR><BR>[Stack]<UL><LI>Max Depth = 144<LI>Call Chain = SEGGER_SYSVIEW_SendTaskInfo &rArr; _SendPacket &rArr; _HandleIncomingPacket &rArr; SEGGER_SYSVIEW_Start &rArr;  _SendPacket (Cycle)
</UL>
<BR>[Calls]<UL><LI><a href="#[6a]">&gt;&gt;</a>&nbsp;&nbsp;&nbsp;_SendPacket
<LI><a href="#[69]">&gt;&gt;</a>&nbsp;&nbsp;&nbsp;_PreparePacket
<LI><a href="#[77]">&gt;&gt;</a>&nbsp;&nbsp;&nbsp;_EncodeStr
</UL>
<BR>[Called By]<UL><LI><a href="#[81]">&gt;&gt;</a>&nbsp;&nbsp;&nbsp;SYSVIEW_SendTaskInfo
</UL>

<P><STRONG><a name="[7c]"></a>SEGGER_SYSVIEW_SendTaskList</STRONG> (Thumb, 30 bytes, Stack size 8 bytes, segger_sysview.o(i.SEGGER_SYSVIEW_SendTaskList))
<BR><BR>[Stack]<UL><LI>Max Depth = 8<LI>Call Chain = SEGGER_SYSVIEW_SendTaskList
</UL>
<BR>[Called By]<UL><LI><a href="#[7b]">&gt;&gt;</a>&nbsp;&nbsp;&nbsp;SEGGER_SYSVIEW_Start
<LI><a href="#[a3]">&gt;&gt;</a>&nbsp;&nbsp;&nbsp;_HandleIncomingPacket
</UL>

<P><STRONG><a name="[67]"></a>SEGGER_SYSVIEW_SetRAMBase</STRONG> (Thumb, 6 bytes, Stack size 0 bytes, segger_sysview.o(i.SEGGER_SYSVIEW_SetRAMBase))
<BR><BR>[Called By]<UL><LI><a href="#[65]">&gt;&gt;</a>&nbsp;&nbsp;&nbsp;SEGGER_SYSVIEW_Conf
</UL>

<P><STRONG><a name="[df]"></a>SEGGER_SYSVIEW_ShrinkId</STRONG> (Thumb, 10 bytes, Stack size 0 bytes, segger_sysview.o(i.SEGGER_SYSVIEW_ShrinkId))
<BR><BR>[Called By]<UL><LI><a href="#[c8]">&gt;&gt;</a>&nbsp;&nbsp;&nbsp;xQueueReceive
<LI><a href="#[e2]">&gt;&gt;</a>&nbsp;&nbsp;&nbsp;xQueueGenericSendFromISR
<LI><a href="#[de]">&gt;&gt;</a>&nbsp;&nbsp;&nbsp;xQueueGenericSend
</UL>

<P><STRONG><a name="[7b]"></a>SEGGER_SYSVIEW_Start</STRONG> (Thumb, 234 bytes, Stack size 16 bytes, segger_sysview.o(i.SEGGER_SYSVIEW_Start))
<BR><BR>[Stack]<UL><LI>Max Depth = 72 + In Cycle
<LI>Call Chain = SEGGER_SYSVIEW_Start &rArr;  _SendPacket (Cycle)
</UL>
<BR>[Calls]<UL><LI><a href="#[75]">&gt;&gt;</a>&nbsp;&nbsp;&nbsp;SEGGER_SYSVIEW_RecordVoid
<LI><a href="#[7c]">&gt;&gt;</a>&nbsp;&nbsp;&nbsp;SEGGER_SYSVIEW_SendTaskList
<LI><a href="#[78]">&gt;&gt;</a>&nbsp;&nbsp;&nbsp;SEGGER_SYSVIEW_SendNumModules
<LI><a href="#[70]">&gt;&gt;</a>&nbsp;&nbsp;&nbsp;SEGGER_SYSVIEW_RecordSystime
<LI><a href="#[6a]">&gt;&gt;</a>&nbsp;&nbsp;&nbsp;_SendPacket
<LI><a href="#[69]">&gt;&gt;</a>&nbsp;&nbsp;&nbsp;_PreparePacket
<LI><a href="#[64]">&gt;&gt;</a>&nbsp;&nbsp;&nbsp;SEGGER_RTT_WriteSkipNoLock
</UL>
<BR>[Called By]<UL><LI><a href="#[a3]">&gt;&gt;</a>&nbsp;&nbsp;&nbsp;_HandleIncomingPacket
</UL>

<P><STRONG><a name="[7d]"></a>SEGGER_SYSVIEW_Stop</STRONG> (Thumb, 62 bytes, Stack size 16 bytes, segger_sysview.o(i.SEGGER_SYSVIEW_Stop))
<BR><BR>[Stack]<UL><LI>Max Depth = 16 + In Cycle
<LI>Call Chain = SEGGER_SYSVIEW_Stop &rArr;  _SendPacket (Cycle)
</UL>
<BR>[Calls]<UL><LI><a href="#[6a]">&gt;&gt;</a>&nbsp;&nbsp;&nbsp;_SendPacket
<LI><a href="#[69]">&gt;&gt;</a>&nbsp;&nbsp;&nbsp;_PreparePacket
</UL>
<BR>[Called By]<UL><LI><a href="#[a3]">&gt;&gt;</a>&nbsp;&nbsp;&nbsp;_HandleIncomingPacket
</UL>

<P><STRONG><a name="[7e]"></a>SEGGER_SYSVIEW_Warn</STRONG> (Thumb, 114 bytes, Stack size 24 bytes, segger_sysview.o(i.SEGGER_SYSVIEW_Warn))
<BR><BR>[Stack]<UL><LI>Max Depth = 144<LI>Call Chain = SEGGER_SYSVIEW_Warn &rArr; _SendPacket &rArr; _HandleIncomingPacket &rArr; SEGGER_SYSVIEW_Start &rArr;  _SendPacket (Cycle)
</UL>
<BR>[Calls]<UL><LI><a href="#[6a]">&gt;&gt;</a>&nbsp;&nbsp;&nbsp;_SendPacket
<LI><a href="#[69]">&gt;&gt;</a>&nbsp;&nbsp;&nbsp;_PreparePacket
<LI><a href="#[77]">&gt;&gt;</a>&nbsp;&nbsp;&nbsp;_EncodeStr
</UL>
<BR>[Called By]<UL><LI><a href="#[7f]">&gt;&gt;</a>&nbsp;&nbsp;&nbsp;SYSVIEW_AddTask
</UL>

<P><STRONG><a name="[6b]"></a>SEGGER_SYSVIEW_X_GetTimestamp</STRONG> (Thumb, 72 bytes, Stack size 16 bytes, common.o(i.SEGGER_SYSVIEW_X_GetTimestamp))
<BR><BR>[Stack]<UL><LI>Max Depth = 16<LI>Call Chain = SEGGER_SYSVIEW_X_GetTimestamp
</UL>
<BR>[Called By]<UL><LI><a href="#[70]">&gt;&gt;</a>&nbsp;&nbsp;&nbsp;SEGGER_SYSVIEW_RecordSystime
<LI><a href="#[66]">&gt;&gt;</a>&nbsp;&nbsp;&nbsp;SEGGER_SYSVIEW_Init
<LI><a href="#[a5]">&gt;&gt;</a>&nbsp;&nbsp;&nbsp;_TrySendOverflowPacket
<LI><a href="#[6a]">&gt;&gt;</a>&nbsp;&nbsp;&nbsp;_SendPacket
</UL>

<P><STRONG><a name="[94]"></a>SFF_ID_Filter</STRONG> (Thumb, 118 bytes, Stack size 20 bytes, lks32mc08x_can.o(i.SFF_ID_Filter))
<BR><BR>[Stack]<UL><LI>Max Depth = 20<LI>Call Chain = SFF_ID_Filter
</UL>
<BR>[Called By]<UL><LI><a href="#[51]">&gt;&gt;</a>&nbsp;&nbsp;&nbsp;TC_CAN_Init
</UL>

<P><STRONG><a name="[10]"></a>SPI0_IRQHandler</STRONG> (Thumb, 2 bytes, Stack size 0 bytes, interrupt.o(i.SPI0_IRQHandler))
<BR>[Address Reference Count : 1]<UL><LI> startup_lks32mc08x.o(RESET)
</UL>
<P><STRONG><a name="[3]"></a>SVC_Handler</STRONG> (Thumb, 2 bytes, Stack size 0 bytes, port.o(i.SVC_Handler))
<BR>[Address Reference Count : 1]<UL><LI> startup_lks32mc08x.o(RESET)
</UL>
<P><STRONG><a name="[7f]"></a>SYSVIEW_AddTask</STRONG> (Thumb, 144 bytes, Stack size 40 bytes, segger_sysview_freertos.o(i.SYSVIEW_AddTask))
<BR><BR>[Stack]<UL><LI>Max Depth = 224<LI>Call Chain = SYSVIEW_AddTask &rArr; SYSVIEW_SendTaskInfo &rArr; SEGGER_SYSVIEW_SendTaskInfo &rArr; _SendPacket &rArr; _HandleIncomingPacket &rArr; SEGGER_SYSVIEW_Start &rArr;  _SendPacket (Cycle)
</UL>
<BR>[Calls]<UL><LI><a href="#[81]">&gt;&gt;</a>&nbsp;&nbsp;&nbsp;SYSVIEW_SendTaskInfo
<LI><a href="#[7e]">&gt;&gt;</a>&nbsp;&nbsp;&nbsp;SEGGER_SYSVIEW_Warn
<LI><a href="#[80]">&gt;&gt;</a>&nbsp;&nbsp;&nbsp;memcmp
</UL>
<BR>[Called By]<UL><LI><a href="#[af]">&gt;&gt;</a>&nbsp;&nbsp;&nbsp;prvAddNewTaskToReadyList
</UL>

<P><STRONG><a name="[81]"></a>SYSVIEW_SendTaskInfo</STRONG> (Thumb, 42 bytes, Stack size 40 bytes, segger_sysview_freertos.o(i.SYSVIEW_SendTaskInfo))
<BR><BR>[Stack]<UL><LI>Max Depth = 184<LI>Call Chain = SYSVIEW_SendTaskInfo &rArr; SEGGER_SYSVIEW_SendTaskInfo &rArr; _SendPacket &rArr; _HandleIncomingPacket &rArr; SEGGER_SYSVIEW_Start &rArr;  _SendPacket (Cycle)
</UL>
<BR>[Calls]<UL><LI><a href="#[7a]">&gt;&gt;</a>&nbsp;&nbsp;&nbsp;SEGGER_SYSVIEW_SendTaskInfo
<LI><a href="#[82]">&gt;&gt;</a>&nbsp;&nbsp;&nbsp;__aeabi_memclr4
</UL>
<BR>[Called By]<UL><LI><a href="#[7f]">&gt;&gt;</a>&nbsp;&nbsp;&nbsp;SYSVIEW_AddTask
<LI><a href="#[31]">&gt;&gt;</a>&nbsp;&nbsp;&nbsp;_cbSendTaskList
</UL>

<P><STRONG><a name="[44]"></a>SYS_ModuleClockCmd</STRONG> (Thumb, 38 bytes, Stack size 0 bytes, lks32mc08x_sys.o(i.SYS_ModuleClockCmd))
<BR><BR>[Called By]<UL><LI><a href="#[43]">&gt;&gt;</a>&nbsp;&nbsp;&nbsp;CAN_Init
<LI><a href="#[90]">&gt;&gt;</a>&nbsp;&nbsp;&nbsp;UART_Init
<LI><a href="#[9e]">&gt;&gt;</a>&nbsp;&nbsp;&nbsp;TIM_TimerInit
</UL>

<P><STRONG><a name="[48]"></a>SoftDelay</STRONG> (Thumb, 24 bytes, Stack size 8 bytes, hardware_init.o(i.SoftDelay))
<BR><BR>[Stack]<UL><LI>Max Depth = 8<LI>Call Chain = SoftDelay
</UL>
<BR>[Called By]<UL><LI><a href="#[47]">&gt;&gt;</a>&nbsp;&nbsp;&nbsp;Clock_Init
<LI><a href="#[2]">&gt;&gt;</a>&nbsp;&nbsp;&nbsp;HardFault_Handler
<LI><a href="#[4f]">&gt;&gt;</a>&nbsp;&nbsp;&nbsp;Hardware_Init
<LI><a href="#[1b]">&gt;&gt;</a>&nbsp;&nbsp;&nbsp;main
</UL>

<P><STRONG><a name="[5]"></a>SysTick_Handler</STRONG> (Thumb, 26 bytes, Stack size 8 bytes, interrupt.o(i.SysTick_Handler))
<BR><BR>[Stack]<UL><LI>Max Depth = 184<LI>Call Chain = SysTick_Handler &rArr; xPortSysTickHandler &rArr; xTaskIncrementTick &rArr; SEGGER_SYSVIEW_OnTaskStartReady &rArr; _SendPacket &rArr; _HandleIncomingPacket &rArr; SEGGER_SYSVIEW_Start &rArr;  _SendPacket (Cycle)
</UL>
<BR>[Calls]<UL><LI><a href="#[83]">&gt;&gt;</a>&nbsp;&nbsp;&nbsp;xTaskGetSchedulerState
<LI><a href="#[84]">&gt;&gt;</a>&nbsp;&nbsp;&nbsp;xPortSysTickHandler
</UL>
<BR>[Address Reference Count : 1]<UL><LI> startup_lks32mc08x.o(RESET)
</UL>
<P><STRONG><a name="[1c]"></a>SystemInit</STRONG> (Thumb, 8 bytes, Stack size 4 bytes, hardware_init.o(i.SystemInit))
<BR><BR>[Stack]<UL><LI>Max Depth = 16<LI>Call Chain = SystemInit &rArr; Clock_Init &rArr; SoftDelay
</UL>
<BR>[Calls]<UL><LI><a href="#[47]">&gt;&gt;</a>&nbsp;&nbsp;&nbsp;Clock_Init
</UL>
<BR>[Address Reference Count : 1]<UL><LI> startup_lks32mc08x.o(.text)
</UL>
<P><STRONG><a name="[85]"></a>TC_485TransmitFrame</STRONG> (Thumb, 148 bytes, Stack size 8 bytes, tc_485.o(i.TC_485TransmitFrame))
<BR><BR>[Stack]<UL><LI>Max Depth = 56<LI>Call Chain = TC_485TransmitFrame &rArr; TC_UARTSendBytes &rArr; __2printf
</UL>
<BR>[Calls]<UL><LI><a href="#[87]">&gt;&gt;</a>&nbsp;&nbsp;&nbsp;CheckSum
<LI><a href="#[88]">&gt;&gt;</a>&nbsp;&nbsp;&nbsp;TC_UARTSendBytes
</UL>
<BR>[Called By]<UL><LI><a href="#[1f]">&gt;&gt;</a>&nbsp;&nbsp;&nbsp;TC_485RxTaskFunc
</UL>

<P><STRONG><a name="[89]"></a>TC_485_GPIO_Init</STRONG> (Thumb, 120 bytes, Stack size 16 bytes, tc_485.o(i.TC_485_GPIO_Init))
<BR><BR>[Stack]<UL><LI>Max Depth = 36<LI>Call Chain = TC_485_GPIO_Init &rArr; GPIO_Init
</UL>
<BR>[Calls]<UL><LI><a href="#[8a]">&gt;&gt;</a>&nbsp;&nbsp;&nbsp;GPIO_StructInit
<LI><a href="#[8b]">&gt;&gt;</a>&nbsp;&nbsp;&nbsp;GPIO_Init
<LI><a href="#[49]">&gt;&gt;</a>&nbsp;&nbsp;&nbsp;GPIO_PinAFConfig
</UL>
<BR>[Called By]<UL><LI><a href="#[52]">&gt;&gt;</a>&nbsp;&nbsp;&nbsp;TC_485_Init
</UL>

<P><STRONG><a name="[52]"></a>TC_485_Init</STRONG> (Thumb, 78 bytes, Stack size 8 bytes, tc_485.o(i.TC_485_Init))
<BR><BR>[Stack]<UL><LI>Max Depth = 160<LI>Call Chain = TC_485_Init &rArr; TC_485_UART_Init &rArr; UART_Init &rArr; __aeabi_ldivmod &rArr; __aeabi_uldivmod &rArr; __aeabi_llsr
</UL>
<BR>[Calls]<UL><LI><a href="#[8d]">&gt;&gt;</a>&nbsp;&nbsp;&nbsp;TC_TimeoutTimer_Init
<LI><a href="#[8e]">&gt;&gt;</a>&nbsp;&nbsp;&nbsp;TC_FsmStateTable_Init
<LI><a href="#[8c]">&gt;&gt;</a>&nbsp;&nbsp;&nbsp;TC_485_UART_Init
<LI><a href="#[89]">&gt;&gt;</a>&nbsp;&nbsp;&nbsp;TC_485_GPIO_Init
<LI><a href="#[82]">&gt;&gt;</a>&nbsp;&nbsp;&nbsp;__aeabi_memclr4
</UL>
<BR>[Called By]<UL><LI><a href="#[4f]">&gt;&gt;</a>&nbsp;&nbsp;&nbsp;Hardware_Init
</UL>

<P><STRONG><a name="[8c]"></a>TC_485_UART_Init</STRONG> (Thumb, 46 bytes, Stack size 24 bytes, tc_485.o(i.TC_485_UART_Init))
<BR><BR>[Stack]<UL><LI>Max Depth = 152<LI>Call Chain = TC_485_UART_Init &rArr; UART_Init &rArr; __aeabi_ldivmod &rArr; __aeabi_uldivmod &rArr; __aeabi_llsr
</UL>
<BR>[Calls]<UL><LI><a href="#[8f]">&gt;&gt;</a>&nbsp;&nbsp;&nbsp;UART_StructInit
<LI><a href="#[90]">&gt;&gt;</a>&nbsp;&nbsp;&nbsp;UART_Init
</UL>
<BR>[Called By]<UL><LI><a href="#[52]">&gt;&gt;</a>&nbsp;&nbsp;&nbsp;TC_485_Init
</UL>

<P><STRONG><a name="[92]"></a>TC_CAN_GPIO_Init</STRONG> (Thumb, 78 bytes, Stack size 16 bytes, tc_can.o(i.TC_CAN_GPIO_Init))
<BR><BR>[Stack]<UL><LI>Max Depth = 36<LI>Call Chain = TC_CAN_GPIO_Init &rArr; GPIO_Init
</UL>
<BR>[Calls]<UL><LI><a href="#[8a]">&gt;&gt;</a>&nbsp;&nbsp;&nbsp;GPIO_StructInit
<LI><a href="#[8b]">&gt;&gt;</a>&nbsp;&nbsp;&nbsp;GPIO_Init
<LI><a href="#[49]">&gt;&gt;</a>&nbsp;&nbsp;&nbsp;GPIO_PinAFConfig
</UL>
<BR>[Called By]<UL><LI><a href="#[51]">&gt;&gt;</a>&nbsp;&nbsp;&nbsp;TC_CAN_Init
</UL>

<P><STRONG><a name="[51]"></a>TC_CAN_Init</STRONG> (Thumb, 82 bytes, Stack size 48 bytes, tc_can.o(i.TC_CAN_Init))
<BR><BR>[Stack]<UL><LI>Max Depth = 84<LI>Call Chain = TC_CAN_Init &rArr; TC_CAN_GPIO_Init &rArr; GPIO_Init
</UL>
<BR>[Calls]<UL><LI><a href="#[94]">&gt;&gt;</a>&nbsp;&nbsp;&nbsp;SFF_ID_Filter
<LI><a href="#[93]">&gt;&gt;</a>&nbsp;&nbsp;&nbsp;CAN_StructInit
<LI><a href="#[45]">&gt;&gt;</a>&nbsp;&nbsp;&nbsp;CAN_Sleep
<LI><a href="#[43]">&gt;&gt;</a>&nbsp;&nbsp;&nbsp;CAN_Init
<LI><a href="#[92]">&gt;&gt;</a>&nbsp;&nbsp;&nbsp;TC_CAN_GPIO_Init
</UL>
<BR>[Called By]<UL><LI><a href="#[4f]">&gt;&gt;</a>&nbsp;&nbsp;&nbsp;Hardware_Init
</UL>

<P><STRONG><a name="[96]"></a>TC_FsmRunningFunc</STRONG> (Thumb, 80 bytes, Stack size 8 bytes, tc_485.o(i.TC_FsmRunningFunc))
<BR><BR>[Stack]<UL><LI>Max Depth = 40<LI>Call Chain = TC_FsmRunningFunc &rArr; TC_FsmCrash &rArr; __2printf
</UL>
<BR>[Calls]<UL><LI><a href="#[99]">&gt;&gt;</a>&nbsp;&nbsp;&nbsp;TC_SetCurState
<LI><a href="#[97]">&gt;&gt;</a>&nbsp;&nbsp;&nbsp;TC_GetCurState
<LI><a href="#[98]">&gt;&gt;</a>&nbsp;&nbsp;&nbsp;TC_GetCurEvent
<LI><a href="#[95]">&gt;&gt;</a>&nbsp;&nbsp;&nbsp;TC_FsmCrash
</UL>
<BR>[Called By]<UL><LI><a href="#[e]">&gt;&gt;</a>&nbsp;&nbsp;&nbsp;UART0_IRQHandler
</UL>

<P><STRONG><a name="[8e]"></a>TC_FsmStateTable_Init</STRONG> (Thumb, 130 bytes, Stack size 0 bytes, tc_485.o(i.TC_FsmStateTable_Init))
<BR><BR>[Called By]<UL><LI><a href="#[52]">&gt;&gt;</a>&nbsp;&nbsp;&nbsp;TC_485_Init
</UL>

<P><STRONG><a name="[54]"></a>TC_NVIC_Init</STRONG> (Thumb, 48 bytes, Stack size 8 bytes, hardware_init.o(i.TC_NVIC_Init))
<BR><BR>[Stack]<UL><LI>Max Depth = 16<LI>Call Chain = TC_NVIC_Init &rArr; __NVIC_SetPriority
</UL>
<BR>[Calls]<UL><LI><a href="#[9b]">&gt;&gt;</a>&nbsp;&nbsp;&nbsp;__NVIC_SetPriority
<LI><a href="#[9c]">&gt;&gt;</a>&nbsp;&nbsp;&nbsp;__NVIC_EnableIRQ
<LI><a href="#[9a]">&gt;&gt;</a>&nbsp;&nbsp;&nbsp;UART_ClearIRQFlag
</UL>
<BR>[Called By]<UL><LI><a href="#[4f]">&gt;&gt;</a>&nbsp;&nbsp;&nbsp;Hardware_Init
</UL>

<P><STRONG><a name="[55]"></a>TC_SysTick_Config</STRONG> (Thumb, 78 bytes, Stack size 8 bytes, hardware_init.o(i.TC_SysTick_Config))
<BR><BR>[Stack]<UL><LI>Max Depth = 16<LI>Call Chain = TC_SysTick_Config &rArr; __NVIC_SetPriority
</UL>
<BR>[Calls]<UL><LI><a href="#[9b]">&gt;&gt;</a>&nbsp;&nbsp;&nbsp;__NVIC_SetPriority
</UL>
<BR>[Called By]<UL><LI><a href="#[4f]">&gt;&gt;</a>&nbsp;&nbsp;&nbsp;Hardware_Init
</UL>

<P><STRONG><a name="[8d]"></a>TC_TimeoutTimer_Init</STRONG> (Thumb, 42 bytes, Stack size 56 bytes, tc_485.o(i.TC_TimeoutTimer_Init))
<BR><BR>[Stack]<UL><LI>Max Depth = 96<LI>Call Chain = TC_TimeoutTimer_Init &rArr; TIM_TimerInit
</UL>
<BR>[Calls]<UL><LI><a href="#[9d]">&gt;&gt;</a>&nbsp;&nbsp;&nbsp;TIM_TimerStrutInit
<LI><a href="#[9e]">&gt;&gt;</a>&nbsp;&nbsp;&nbsp;TIM_TimerInit
<LI><a href="#[9f]">&gt;&gt;</a>&nbsp;&nbsp;&nbsp;TIM_TimerCmd
</UL>
<BR>[Called By]<UL><LI><a href="#[52]">&gt;&gt;</a>&nbsp;&nbsp;&nbsp;TC_485_Init
</UL>

<P><STRONG><a name="[88]"></a>TC_UARTSendBytes</STRONG> (Thumb, 74 bytes, Stack size 24 bytes, tc_uart .o(i.TC_UARTSendBytes))
<BR><BR>[Stack]<UL><LI>Max Depth = 48<LI>Call Chain = TC_UARTSendBytes &rArr; __2printf
</UL>
<BR>[Calls]<UL><LI><a href="#[a0]">&gt;&gt;</a>&nbsp;&nbsp;&nbsp;UART_SendData
<LI><a href="#[56]">&gt;&gt;</a>&nbsp;&nbsp;&nbsp;__2printf
</UL>
<BR>[Called By]<UL><LI><a href="#[85]">&gt;&gt;</a>&nbsp;&nbsp;&nbsp;TC_485TransmitFrame
</UL>

<P><STRONG><a name="[a1]"></a>TC_UART_GPIO_Init</STRONG> (Thumb, 82 bytes, Stack size 16 bytes, tc_uart .o(i.TC_UART_GPIO_Init))
<BR><BR>[Stack]<UL><LI>Max Depth = 36<LI>Call Chain = TC_UART_GPIO_Init &rArr; GPIO_Init
</UL>
<BR>[Calls]<UL><LI><a href="#[8a]">&gt;&gt;</a>&nbsp;&nbsp;&nbsp;GPIO_StructInit
<LI><a href="#[8b]">&gt;&gt;</a>&nbsp;&nbsp;&nbsp;GPIO_Init
<LI><a href="#[49]">&gt;&gt;</a>&nbsp;&nbsp;&nbsp;GPIO_PinAFConfig
</UL>
<BR>[Called By]<UL><LI><a href="#[53]">&gt;&gt;</a>&nbsp;&nbsp;&nbsp;TC_UART_Init
</UL>

<P><STRONG><a name="[53]"></a>TC_UART_Init</STRONG> (Thumb, 50 bytes, Stack size 24 bytes, tc_uart .o(i.TC_UART_Init))
<BR><BR>[Stack]<UL><LI>Max Depth = 152<LI>Call Chain = TC_UART_Init &rArr; UART_Init &rArr; __aeabi_ldivmod &rArr; __aeabi_uldivmod &rArr; __aeabi_llsr
</UL>
<BR>[Calls]<UL><LI><a href="#[a1]">&gt;&gt;</a>&nbsp;&nbsp;&nbsp;TC_UART_GPIO_Init
<LI><a href="#[8f]">&gt;&gt;</a>&nbsp;&nbsp;&nbsp;UART_StructInit
<LI><a href="#[90]">&gt;&gt;</a>&nbsp;&nbsp;&nbsp;UART_Init
</UL>
<BR>[Called By]<UL><LI><a href="#[4f]">&gt;&gt;</a>&nbsp;&nbsp;&nbsp;Hardware_Init
</UL>

<P><STRONG><a name="[9f]"></a>TIM_TimerCmd</STRONG> (Thumb, 208 bytes, Stack size 0 bytes, lks32mc08x_tim.o(i.TIM_TimerCmd))
<BR><BR>[Called By]<UL><LI><a href="#[8d]">&gt;&gt;</a>&nbsp;&nbsp;&nbsp;TC_TimeoutTimer_Init
</UL>

<P><STRONG><a name="[9e]"></a>TIM_TimerInit</STRONG> (Thumb, 360 bytes, Stack size 40 bytes, lks32mc08x_tim.o(i.TIM_TimerInit))
<BR><BR>[Stack]<UL><LI>Max Depth = 40<LI>Call Chain = TIM_TimerInit
</UL>
<BR>[Calls]<UL><LI><a href="#[44]">&gt;&gt;</a>&nbsp;&nbsp;&nbsp;SYS_ModuleClockCmd
</UL>
<BR>[Called By]<UL><LI><a href="#[8d]">&gt;&gt;</a>&nbsp;&nbsp;&nbsp;TC_TimeoutTimer_Init
</UL>

<P><STRONG><a name="[9d]"></a>TIM_TimerStrutInit</STRONG> (Thumb, 38 bytes, Stack size 0 bytes, lks32mc08x_tim.o(i.TIM_TimerStrutInit))
<BR><BR>[Called By]<UL><LI><a href="#[8d]">&gt;&gt;</a>&nbsp;&nbsp;&nbsp;TC_TimeoutTimer_Init
</UL>

<P><STRONG><a name="[e]"></a>UART0_IRQHandler</STRONG> (Thumb, 96 bytes, Stack size 8 bytes, interrupt.o(i.UART0_IRQHandler))
<BR><BR>[Stack]<UL><LI>Max Depth = 48<LI>Call Chain = UART0_IRQHandler &rArr; TC_FsmRunningFunc &rArr; TC_FsmCrash &rArr; __2printf
</UL>
<BR>[Calls]<UL><LI><a href="#[96]">&gt;&gt;</a>&nbsp;&nbsp;&nbsp;TC_FsmRunningFunc
</UL>
<BR>[Address Reference Count : 1]<UL><LI> startup_lks32mc08x.o(RESET)
</UL>
<P><STRONG><a name="[14]"></a>UART1_IRQHandler</STRONG> (Thumb, 42 bytes, Stack size 8 bytes, interrupt.o(i.UART1_IRQHandler))
<BR><BR>[Stack]<UL><LI>Max Depth = 8<LI>Call Chain = UART1_IRQHandler
</UL>
<BR>[Calls]<UL><LI><a href="#[a2]">&gt;&gt;</a>&nbsp;&nbsp;&nbsp;UART_GetIRQFlag
<LI><a href="#[9a]">&gt;&gt;</a>&nbsp;&nbsp;&nbsp;UART_ClearIRQFlag
</UL>
<BR>[Address Reference Count : 1]<UL><LI> startup_lks32mc08x.o(RESET)
</UL>
<P><STRONG><a name="[9a]"></a>UART_ClearIRQFlag</STRONG> (Thumb, 4 bytes, Stack size 0 bytes, lks32mc08x_uart.o(i.UART_ClearIRQFlag))
<BR><BR>[Called By]<UL><LI><a href="#[54]">&gt;&gt;</a>&nbsp;&nbsp;&nbsp;TC_NVIC_Init
<LI><a href="#[14]">&gt;&gt;</a>&nbsp;&nbsp;&nbsp;UART1_IRQHandler
</UL>

<P><STRONG><a name="[a2]"></a>UART_GetIRQFlag</STRONG> (Thumb, 22 bytes, Stack size 0 bytes, lks32mc08x_uart.o(i.UART_GetIRQFlag))
<BR><BR>[Called By]<UL><LI><a href="#[14]">&gt;&gt;</a>&nbsp;&nbsp;&nbsp;UART1_IRQHandler
</UL>

<P><STRONG><a name="[90]"></a>UART_Init</STRONG> (Thumb, 238 bytes, Stack size 48 bytes, lks32mc08x_uart.o(i.UART_Init))
<BR><BR>[Stack]<UL><LI>Max Depth = 128<LI>Call Chain = UART_Init &rArr; __aeabi_ldivmod &rArr; __aeabi_uldivmod &rArr; __aeabi_llsr
</UL>
<BR>[Calls]<UL><LI><a href="#[44]">&gt;&gt;</a>&nbsp;&nbsp;&nbsp;SYS_ModuleClockCmd
<LI><a href="#[37]">&gt;&gt;</a>&nbsp;&nbsp;&nbsp;__aeabi_ldivmod
</UL>
<BR>[Called By]<UL><LI><a href="#[53]">&gt;&gt;</a>&nbsp;&nbsp;&nbsp;TC_UART_Init
<LI><a href="#[8c]">&gt;&gt;</a>&nbsp;&nbsp;&nbsp;TC_485_UART_Init
</UL>

<P><STRONG><a name="[a0]"></a>UART_SendData</STRONG> (Thumb, 4 bytes, Stack size 0 bytes, lks32mc08x_uart.o(i.UART_SendData))
<BR><BR>[Called By]<UL><LI><a href="#[2c]">&gt;&gt;</a>&nbsp;&nbsp;&nbsp;fputc
<LI><a href="#[88]">&gt;&gt;</a>&nbsp;&nbsp;&nbsp;TC_UARTSendBytes
</UL>

<P><STRONG><a name="[8f]"></a>UART_StructInit</STRONG> (Thumb, 30 bytes, Stack size 0 bytes, lks32mc08x_uart.o(i.UART_StructInit))
<BR><BR>[Called By]<UL><LI><a href="#[53]">&gt;&gt;</a>&nbsp;&nbsp;&nbsp;TC_UART_Init
<LI><a href="#[8c]">&gt;&gt;</a>&nbsp;&nbsp;&nbsp;TC_485_UART_Init
</UL>

<P><STRONG><a name="[6]"></a>UTIMER0_IRQHandler</STRONG> (Thumb, 2 bytes, Stack size 0 bytes, interrupt.o(i.UTIMER0_IRQHandler))
<BR>[Address Reference Count : 1]<UL><LI> startup_lks32mc08x.o(RESET)
</UL>
<P><STRONG><a name="[7]"></a>UTIMER1_IRQHandler</STRONG> (Thumb, 2 bytes, Stack size 0 bytes, interrupt.o(i.UTIMER1_IRQHandler))
<BR>[Address Reference Count : 1]<UL><LI> startup_lks32mc08x.o(RESET)
</UL>
<P><STRONG><a name="[8]"></a>UTIMER2_IRQHandler</STRONG> (Thumb, 2 bytes, Stack size 0 bytes, interrupt.o(i.UTIMER2_IRQHandler))
<BR>[Address Reference Count : 1]<UL><LI> startup_lks32mc08x.o(RESET)
</UL>
<P><STRONG><a name="[9]"></a>UTIMER3_IRQHandler</STRONG> (Thumb, 2 bytes, Stack size 0 bytes, interrupt.o(i.UTIMER3_IRQHandler))
<BR>[Address Reference Count : 1]<UL><LI> startup_lks32mc08x.o(RESET)
</UL>
<P><STRONG><a name="[a6]"></a>__0printf$8</STRONG> (Thumb, 24 bytes, Stack size 24 bytes, printf8.o(i.__0printf$8), UNUSED)
<BR><BR>[Calls]<UL><LI><a href="#[a7]">&gt;&gt;</a>&nbsp;&nbsp;&nbsp;_printf_core
</UL>

<P><STRONG><a name="[f5]"></a>__1printf$8</STRONG> (Thumb, 0 bytes, Stack size 24 bytes, printf8.o(i.__0printf$8), UNUSED)

<P><STRONG><a name="[56]"></a>__2printf</STRONG> (Thumb, 0 bytes, Stack size 24 bytes, printf8.o(i.__0printf$8))
<BR><BR>[Stack]<UL><LI>Max Depth = 24<LI>Call Chain = __2printf
</UL>
<BR>[Called By]<UL><LI><a href="#[58]">&gt;&gt;</a>&nbsp;&nbsp;&nbsp;LKS_FREERTOS_Init
<LI><a href="#[4f]">&gt;&gt;</a>&nbsp;&nbsp;&nbsp;Hardware_Init
<LI><a href="#[1b]">&gt;&gt;</a>&nbsp;&nbsp;&nbsp;main
<LI><a href="#[88]">&gt;&gt;</a>&nbsp;&nbsp;&nbsp;TC_UARTSendBytes
<LI><a href="#[29]">&gt;&gt;</a>&nbsp;&nbsp;&nbsp;fsmActionData2
<LI><a href="#[95]">&gt;&gt;</a>&nbsp;&nbsp;&nbsp;TC_FsmCrash
</UL>

<P><STRONG><a name="[4a]"></a>__ARM_common_switch8</STRONG> (Thumb, 28 bytes, Stack size 8 bytes, lks32mc08x_gpio.o(i.__ARM_common_switch8))
<BR><BR>[Stack]<UL><LI>Max Depth = 8<LI>Call Chain = __ARM_common_switch8
</UL>
<BR>[Called By]<UL><LI><a href="#[98]">&gt;&gt;</a>&nbsp;&nbsp;&nbsp;TC_GetCurEvent
<LI><a href="#[49]">&gt;&gt;</a>&nbsp;&nbsp;&nbsp;GPIO_PinAFConfig
<LI><a href="#[c6]">&gt;&gt;</a>&nbsp;&nbsp;&nbsp;prvProcessReceivedCommands
</UL>

<P><STRONG><a name="[f6]"></a>__scatterload_copy</STRONG> (Thumb, 14 bytes, Stack size unknown bytes, handlers.o(i.__scatterload_copy), UNUSED)

<P><STRONG><a name="[f7]"></a>__scatterload_null</STRONG> (Thumb, 2 bytes, Stack size unknown bytes, handlers.o(i.__scatterload_null), UNUSED)

<P><STRONG><a name="[f8]"></a>__scatterload_zeroinit</STRONG> (Thumb, 14 bytes, Stack size unknown bytes, handlers.o(i.__scatterload_zeroinit), UNUSED)

<P><STRONG><a name="[2c]"></a>fputc</STRONG> (Thumb, 32 bytes, Stack size 16 bytes, tc_uart .o(i.fputc))
<BR><BR>[Stack]<UL><LI>Max Depth = 16<LI>Call Chain = fputc
</UL>
<BR>[Calls]<UL><LI><a href="#[a0]">&gt;&gt;</a>&nbsp;&nbsp;&nbsp;UART_SendData
</UL>
<BR>[Address Reference Count : 1]<UL><LI> printf8.o(i.__0printf$8)
</UL>
<P><STRONG><a name="[1b]"></a>main</STRONG> (Thumb, 40 bytes, Stack size 0 bytes, main.o(i.main))
<BR><BR>[Stack]<UL><LI>Max Depth = 376<LI>Call Chain = main &rArr; LKS_FREERTOS_Init &rArr; xTimerCreate &rArr; prvInitialiseNewTimer &rArr; prvCheckForValidListAndQueue &rArr; xQueueGenericCreate &rArr; prvInitialiseNewQueue &rArr; xQueueGenericReset &rArr; xTaskRemoveFromEventList &rArr; SEGGER_SYSVIEW_OnTaskStartReady &rArr; _SendPacket &rArr; _HandleIncomingPacket &rArr; SEGGER_SYSVIEW_Start &rArr;  _SendPacket (Cycle)
</UL>
<BR>[Calls]<UL><LI><a href="#[ab]">&gt;&gt;</a>&nbsp;&nbsp;&nbsp;vTaskStartScheduler
<LI><a href="#[48]">&gt;&gt;</a>&nbsp;&nbsp;&nbsp;SoftDelay
<LI><a href="#[65]">&gt;&gt;</a>&nbsp;&nbsp;&nbsp;SEGGER_SYSVIEW_Conf
<LI><a href="#[58]">&gt;&gt;</a>&nbsp;&nbsp;&nbsp;LKS_FREERTOS_Init
<LI><a href="#[4e]">&gt;&gt;</a>&nbsp;&nbsp;&nbsp;Invers_GPIO
<LI><a href="#[4f]">&gt;&gt;</a>&nbsp;&nbsp;&nbsp;Hardware_Init
<LI><a href="#[56]">&gt;&gt;</a>&nbsp;&nbsp;&nbsp;__2printf
</UL>
<BR>[Address Reference Count : 1]<UL><LI> entry9a.o(.ARM.Collect$$$$0000000B)
</UL>
<P><STRONG><a name="[d2]"></a>pvPortMalloc</STRONG> (Thumb, 268 bytes, Stack size 32 bytes, heap_4.o(i.pvPortMalloc))
<BR><BR>[Stack]<UL><LI>Max Depth = 216<LI>Call Chain = pvPortMalloc &rArr; xTaskResumeAll &rArr; xTaskIncrementTick &rArr; SEGGER_SYSVIEW_OnTaskStartReady &rArr; _SendPacket &rArr; _HandleIncomingPacket &rArr; SEGGER_SYSVIEW_Start &rArr;  _SendPacket (Cycle)
</UL>
<BR>[Calls]<UL><LI><a href="#[cb]">&gt;&gt;</a>&nbsp;&nbsp;&nbsp;xTaskResumeAll
<LI><a href="#[ca]">&gt;&gt;</a>&nbsp;&nbsp;&nbsp;vTaskSuspendAll
<LI><a href="#[d4]">&gt;&gt;</a>&nbsp;&nbsp;&nbsp;prvInsertBlockIntoFreeList
<LI><a href="#[d3]">&gt;&gt;</a>&nbsp;&nbsp;&nbsp;prvHeapInit
</UL>
<BR>[Called By]<UL><LI><a href="#[59]">&gt;&gt;</a>&nbsp;&nbsp;&nbsp;xTimerCreate
<LI><a href="#[5d]">&gt;&gt;</a>&nbsp;&nbsp;&nbsp;xTaskCreate
<LI><a href="#[b4]">&gt;&gt;</a>&nbsp;&nbsp;&nbsp;xQueueGenericCreate
</UL>

<P><STRONG><a name="[bf]"></a>pxPortInitialiseStack</STRONG> (Thumb, 26 bytes, Stack size 0 bytes, port.o(i.pxPortInitialiseStack))
<BR><BR>[Called By]<UL><LI><a href="#[bd]">&gt;&gt;</a>&nbsp;&nbsp;&nbsp;prvInitialiseNewTask
</UL>

<P><STRONG><a name="[ad]"></a>uxListRemove</STRONG> (Thumb, 40 bytes, Stack size 0 bytes, list.o(i.uxListRemove))
<BR><BR>[Called By]<UL><LI><a href="#[c6]">&gt;&gt;</a>&nbsp;&nbsp;&nbsp;prvProcessReceivedCommands
<LI><a href="#[c4]">&gt;&gt;</a>&nbsp;&nbsp;&nbsp;prvProcessExpiredTimer
<LI><a href="#[b5]">&gt;&gt;</a>&nbsp;&nbsp;&nbsp;prvCheckTasksWaitingTermination
<LI><a href="#[ac]">&gt;&gt;</a>&nbsp;&nbsp;&nbsp;prvAddCurrentTaskToDelayedList
<LI><a href="#[b9]">&gt;&gt;</a>&nbsp;&nbsp;&nbsp;xTaskPriorityDisinherit
</UL>

<P><STRONG><a name="[e3]"></a>uxTaskGetNumberOfTasks</STRONG> (Thumb, 6 bytes, Stack size 0 bytes, tasks.o(i.uxTaskGetNumberOfTasks))
<BR><BR>[Called By]<UL><LI><a href="#[e2]">&gt;&gt;</a>&nbsp;&nbsp;&nbsp;xQueueGenericSendFromISR
</UL>

<P><STRONG><a name="[b3]"></a>vListInitialise</STRONG> (Thumb, 26 bytes, Stack size 0 bytes, list.o(i.vListInitialise))
<BR><BR>[Called By]<UL><LI><a href="#[b2]">&gt;&gt;</a>&nbsp;&nbsp;&nbsp;prvCheckForValidListAndQueue
<LI><a href="#[b0]">&gt;&gt;</a>&nbsp;&nbsp;&nbsp;prvInitialiseTaskLists
<LI><a href="#[bc]">&gt;&gt;</a>&nbsp;&nbsp;&nbsp;xQueueGenericReset
</UL>

<P><STRONG><a name="[be]"></a>vListInitialiseItem</STRONG> (Thumb, 6 bytes, Stack size 0 bytes, list.o(i.vListInitialiseItem))
<BR><BR>[Called By]<UL><LI><a href="#[c0]">&gt;&gt;</a>&nbsp;&nbsp;&nbsp;prvInitialiseNewTimer
<LI><a href="#[bd]">&gt;&gt;</a>&nbsp;&nbsp;&nbsp;prvInitialiseNewTask
</UL>

<P><STRONG><a name="[ae]"></a>vListInsert</STRONG> (Thumb, 54 bytes, Stack size 8 bytes, list.o(i.vListInsert))
<BR><BR>[Stack]<UL><LI>Max Depth = 8<LI>Call Chain = vListInsert
</UL>
<BR>[Called By]<UL><LI><a href="#[c1]">&gt;&gt;</a>&nbsp;&nbsp;&nbsp;prvInsertTimerInActiveList
<LI><a href="#[ac]">&gt;&gt;</a>&nbsp;&nbsp;&nbsp;prvAddCurrentTaskToDelayedList
<LI><a href="#[d7]">&gt;&gt;</a>&nbsp;&nbsp;&nbsp;vTaskPlaceOnEventList
</UL>

<P><STRONG><a name="[5c]"></a>vPortEnterCritical</STRONG> (Thumb, 22 bytes, Stack size 0 bytes, port.o(i.vPortEnterCritical))
<BR><BR>[Called By]<UL><LI><a href="#[58]">&gt;&gt;</a>&nbsp;&nbsp;&nbsp;LKS_FREERTOS_Init
<LI><a href="#[cb]">&gt;&gt;</a>&nbsp;&nbsp;&nbsp;xTaskResumeAll
<LI><a href="#[b2]">&gt;&gt;</a>&nbsp;&nbsp;&nbsp;prvCheckForValidListAndQueue
<LI><a href="#[b5]">&gt;&gt;</a>&nbsp;&nbsp;&nbsp;prvCheckTasksWaitingTermination
<LI><a href="#[af]">&gt;&gt;</a>&nbsp;&nbsp;&nbsp;prvAddNewTaskToReadyList
<LI><a href="#[e1]">&gt;&gt;</a>&nbsp;&nbsp;&nbsp;xTaskCheckForTimeOut
<LI><a href="#[c8]">&gt;&gt;</a>&nbsp;&nbsp;&nbsp;xQueueReceive
<LI><a href="#[de]">&gt;&gt;</a>&nbsp;&nbsp;&nbsp;xQueueGenericSend
<LI><a href="#[bc]">&gt;&gt;</a>&nbsp;&nbsp;&nbsp;xQueueGenericReset
<LI><a href="#[cc]">&gt;&gt;</a>&nbsp;&nbsp;&nbsp;vQueueWaitForMessageRestricted
<LI><a href="#[cf]">&gt;&gt;</a>&nbsp;&nbsp;&nbsp;prvUnlockQueue
<LI><a href="#[c3]">&gt;&gt;</a>&nbsp;&nbsp;&nbsp;prvIsQueueFull
<LI><a href="#[c2]">&gt;&gt;</a>&nbsp;&nbsp;&nbsp;prvIsQueueEmpty
</UL>

<P><STRONG><a name="[5e]"></a>vPortExitCritical</STRONG> (Thumb, 36 bytes, Stack size 0 bytes, port.o(i.vPortExitCritical))
<BR><BR>[Called By]<UL><LI><a href="#[58]">&gt;&gt;</a>&nbsp;&nbsp;&nbsp;LKS_FREERTOS_Init
<LI><a href="#[cb]">&gt;&gt;</a>&nbsp;&nbsp;&nbsp;xTaskResumeAll
<LI><a href="#[b2]">&gt;&gt;</a>&nbsp;&nbsp;&nbsp;prvCheckForValidListAndQueue
<LI><a href="#[b5]">&gt;&gt;</a>&nbsp;&nbsp;&nbsp;prvCheckTasksWaitingTermination
<LI><a href="#[af]">&gt;&gt;</a>&nbsp;&nbsp;&nbsp;prvAddNewTaskToReadyList
<LI><a href="#[e1]">&gt;&gt;</a>&nbsp;&nbsp;&nbsp;xTaskCheckForTimeOut
<LI><a href="#[c8]">&gt;&gt;</a>&nbsp;&nbsp;&nbsp;xQueueReceive
<LI><a href="#[de]">&gt;&gt;</a>&nbsp;&nbsp;&nbsp;xQueueGenericSend
<LI><a href="#[bc]">&gt;&gt;</a>&nbsp;&nbsp;&nbsp;xQueueGenericReset
<LI><a href="#[cc]">&gt;&gt;</a>&nbsp;&nbsp;&nbsp;vQueueWaitForMessageRestricted
<LI><a href="#[cf]">&gt;&gt;</a>&nbsp;&nbsp;&nbsp;prvUnlockQueue
<LI><a href="#[c3]">&gt;&gt;</a>&nbsp;&nbsp;&nbsp;prvIsQueueFull
<LI><a href="#[c2]">&gt;&gt;</a>&nbsp;&nbsp;&nbsp;prvIsQueueEmpty
</UL>

<P><STRONG><a name="[ba]"></a>vPortFree</STRONG> (Thumb, 110 bytes, Stack size 16 bytes, heap_4.o(i.vPortFree))
<BR><BR>[Stack]<UL><LI>Max Depth = 200<LI>Call Chain = vPortFree &rArr; xTaskResumeAll &rArr; xTaskIncrementTick &rArr; SEGGER_SYSVIEW_OnTaskStartReady &rArr; _SendPacket &rArr; _HandleIncomingPacket &rArr; SEGGER_SYSVIEW_Start &rArr;  _SendPacket (Cycle)
</UL>
<BR>[Calls]<UL><LI><a href="#[cb]">&gt;&gt;</a>&nbsp;&nbsp;&nbsp;xTaskResumeAll
<LI><a href="#[ca]">&gt;&gt;</a>&nbsp;&nbsp;&nbsp;vTaskSuspendAll
<LI><a href="#[d4]">&gt;&gt;</a>&nbsp;&nbsp;&nbsp;prvInsertBlockIntoFreeList
</UL>
<BR>[Called By]<UL><LI><a href="#[5d]">&gt;&gt;</a>&nbsp;&nbsp;&nbsp;xTaskCreate
<LI><a href="#[c6]">&gt;&gt;</a>&nbsp;&nbsp;&nbsp;prvProcessReceivedCommands
<LI><a href="#[b6]">&gt;&gt;</a>&nbsp;&nbsp;&nbsp;prvDeleteTCB
</UL>

<P><STRONG><a name="[d5]"></a>vPortSetupTimerInterrupt</STRONG> (Thumb, 34 bytes, Stack size 8 bytes, port.o(i.vPortSetupTimerInterrupt))
<BR><BR>[Stack]<UL><LI>Max Depth = 20<LI>Call Chain = vPortSetupTimerInterrupt &rArr; __aeabi_uidivmod
</UL>
<BR>[Calls]<UL><LI><a href="#[46]">&gt;&gt;</a>&nbsp;&nbsp;&nbsp;__aeabi_uidivmod
</UL>
<BR>[Called By]<UL><LI><a href="#[d9]">&gt;&gt;</a>&nbsp;&nbsp;&nbsp;xPortStartScheduler
</UL>

<P><STRONG><a name="[b1]"></a>vPortYield</STRONG> (Thumb, 18 bytes, Stack size 0 bytes, port.o(i.vPortYield))
<BR><BR>[Called By]<UL><LI><a href="#[86]">&gt;&gt;</a>&nbsp;&nbsp;&nbsp;vTaskDelay
<LI><a href="#[cb]">&gt;&gt;</a>&nbsp;&nbsp;&nbsp;xTaskResumeAll
<LI><a href="#[c9]">&gt;&gt;</a>&nbsp;&nbsp;&nbsp;prvProcessTimerOrBlockTask
<LI><a href="#[2e]">&gt;&gt;</a>&nbsp;&nbsp;&nbsp;prvIdleTask
<LI><a href="#[af]">&gt;&gt;</a>&nbsp;&nbsp;&nbsp;prvAddNewTaskToReadyList
<LI><a href="#[c8]">&gt;&gt;</a>&nbsp;&nbsp;&nbsp;xQueueReceive
<LI><a href="#[de]">&gt;&gt;</a>&nbsp;&nbsp;&nbsp;xQueueGenericSend
<LI><a href="#[bc]">&gt;&gt;</a>&nbsp;&nbsp;&nbsp;xQueueGenericReset
</UL>

<P><STRONG><a name="[cc]"></a>vQueueWaitForMessageRestricted</STRONG> (Thumb, 76 bytes, Stack size 24 bytes, queue.o(i.vQueueWaitForMessageRestricted))
<BR><BR>[Stack]<UL><LI>Max Depth = 200<LI>Call Chain = vQueueWaitForMessageRestricted &rArr; prvUnlockQueue &rArr; xTaskRemoveFromEventList &rArr; SEGGER_SYSVIEW_OnTaskStartReady &rArr; _SendPacket &rArr; _HandleIncomingPacket &rArr; SEGGER_SYSVIEW_Start &rArr;  _SendPacket (Cycle)
</UL>
<BR>[Calls]<UL><LI><a href="#[5e]">&gt;&gt;</a>&nbsp;&nbsp;&nbsp;vPortExitCritical
<LI><a href="#[5c]">&gt;&gt;</a>&nbsp;&nbsp;&nbsp;vPortEnterCritical
<LI><a href="#[d6]">&gt;&gt;</a>&nbsp;&nbsp;&nbsp;vTaskPlaceOnEventListRestricted
<LI><a href="#[cf]">&gt;&gt;</a>&nbsp;&nbsp;&nbsp;prvUnlockQueue
</UL>
<BR>[Called By]<UL><LI><a href="#[c9]">&gt;&gt;</a>&nbsp;&nbsp;&nbsp;prvProcessTimerOrBlockTask
</UL>

<P><STRONG><a name="[86]"></a>vTaskDelay</STRONG> (Thumb, 70 bytes, Stack size 16 bytes, tasks.o(i.vTaskDelay))
<BR><BR>[Stack]<UL><LI>Max Depth = 200<LI>Call Chain = vTaskDelay &rArr; xTaskResumeAll &rArr; xTaskIncrementTick &rArr; SEGGER_SYSVIEW_OnTaskStartReady &rArr; _SendPacket &rArr; _HandleIncomingPacket &rArr; SEGGER_SYSVIEW_Start &rArr;  _SendPacket (Cycle)
</UL>
<BR>[Calls]<UL><LI><a href="#[cb]">&gt;&gt;</a>&nbsp;&nbsp;&nbsp;xTaskResumeAll
<LI><a href="#[ca]">&gt;&gt;</a>&nbsp;&nbsp;&nbsp;vTaskSuspendAll
<LI><a href="#[ac]">&gt;&gt;</a>&nbsp;&nbsp;&nbsp;prvAddCurrentTaskToDelayedList
<LI><a href="#[72]">&gt;&gt;</a>&nbsp;&nbsp;&nbsp;SEGGER_SYSVIEW_RecordU32
<LI><a href="#[b1]">&gt;&gt;</a>&nbsp;&nbsp;&nbsp;vPortYield
</UL>
<BR>[Called By]<UL><LI><a href="#[20]">&gt;&gt;</a>&nbsp;&nbsp;&nbsp;TC_CANRxTaskFunc
<LI><a href="#[1f]">&gt;&gt;</a>&nbsp;&nbsp;&nbsp;TC_485RxTaskFunc
</UL>

<P><STRONG><a name="[e0]"></a>vTaskInternalSetTimeOutState</STRONG> (Thumb, 14 bytes, Stack size 0 bytes, tasks.o(i.vTaskInternalSetTimeOutState))
<BR><BR>[Called By]<UL><LI><a href="#[e1]">&gt;&gt;</a>&nbsp;&nbsp;&nbsp;xTaskCheckForTimeOut
<LI><a href="#[c8]">&gt;&gt;</a>&nbsp;&nbsp;&nbsp;xQueueReceive
<LI><a href="#[de]">&gt;&gt;</a>&nbsp;&nbsp;&nbsp;xQueueGenericSend
</UL>

<P><STRONG><a name="[d1]"></a>vTaskMissedYield</STRONG> (Thumb, 8 bytes, Stack size 0 bytes, tasks.o(i.vTaskMissedYield))
<BR><BR>[Called By]<UL><LI><a href="#[cf]">&gt;&gt;</a>&nbsp;&nbsp;&nbsp;prvUnlockQueue
</UL>

<P><STRONG><a name="[d7]"></a>vTaskPlaceOnEventList</STRONG> (Thumb, 38 bytes, Stack size 16 bytes, tasks.o(i.vTaskPlaceOnEventList))
<BR><BR>[Stack]<UL><LI>Max Depth = 48<LI>Call Chain = vTaskPlaceOnEventList &rArr; prvAddCurrentTaskToDelayedList &rArr; vListInsert
</UL>
<BR>[Calls]<UL><LI><a href="#[ac]">&gt;&gt;</a>&nbsp;&nbsp;&nbsp;prvAddCurrentTaskToDelayedList
<LI><a href="#[ae]">&gt;&gt;</a>&nbsp;&nbsp;&nbsp;vListInsert
</UL>
<BR>[Called By]<UL><LI><a href="#[c8]">&gt;&gt;</a>&nbsp;&nbsp;&nbsp;xQueueReceive
<LI><a href="#[de]">&gt;&gt;</a>&nbsp;&nbsp;&nbsp;xQueueGenericSend
</UL>

<P><STRONG><a name="[d6]"></a>vTaskPlaceOnEventListRestricted</STRONG> (Thumb, 88 bytes, Stack size 16 bytes, tasks.o(i.vTaskPlaceOnEventListRestricted))
<BR><BR>[Stack]<UL><LI>Max Depth = 48<LI>Call Chain = vTaskPlaceOnEventListRestricted &rArr; prvAddCurrentTaskToDelayedList &rArr; vListInsert
</UL>
<BR>[Calls]<UL><LI><a href="#[75]">&gt;&gt;</a>&nbsp;&nbsp;&nbsp;SEGGER_SYSVIEW_RecordVoid
<LI><a href="#[ac]">&gt;&gt;</a>&nbsp;&nbsp;&nbsp;prvAddCurrentTaskToDelayedList
</UL>
<BR>[Called By]<UL><LI><a href="#[cc]">&gt;&gt;</a>&nbsp;&nbsp;&nbsp;vQueueWaitForMessageRestricted
</UL>

<P><STRONG><a name="[ab]"></a>vTaskStartScheduler</STRONG> (Thumb, 120 bytes, Stack size 16 bytes, tasks.o(i.vTaskStartScheduler))
<BR><BR>[Stack]<UL><LI>Max Depth = 328<LI>Call Chain = vTaskStartScheduler &rArr; xTimerCreateTimerTask &rArr; xTaskCreate &rArr; prvAddNewTaskToReadyList &rArr; SYSVIEW_AddTask &rArr; SYSVIEW_SendTaskInfo &rArr; SEGGER_SYSVIEW_SendTaskInfo &rArr; _SendPacket &rArr; _HandleIncomingPacket &rArr; SEGGER_SYSVIEW_Start &rArr;  _SendPacket (Cycle)
</UL>
<BR>[Calls]<UL><LI><a href="#[5d]">&gt;&gt;</a>&nbsp;&nbsp;&nbsp;xTaskCreate
<LI><a href="#[d8]">&gt;&gt;</a>&nbsp;&nbsp;&nbsp;xTimerCreateTimerTask
<LI><a href="#[6e]">&gt;&gt;</a>&nbsp;&nbsp;&nbsp;SEGGER_SYSVIEW_OnTaskStartExec
<LI><a href="#[6c]">&gt;&gt;</a>&nbsp;&nbsp;&nbsp;SEGGER_SYSVIEW_OnIdle
<LI><a href="#[d9]">&gt;&gt;</a>&nbsp;&nbsp;&nbsp;xPortStartScheduler
</UL>
<BR>[Called By]<UL><LI><a href="#[1b]">&gt;&gt;</a>&nbsp;&nbsp;&nbsp;main
</UL>

<P><STRONG><a name="[ca]"></a>vTaskSuspendAll</STRONG> (Thumb, 12 bytes, Stack size 0 bytes, tasks.o(i.vTaskSuspendAll))
<BR><BR>[Called By]<UL><LI><a href="#[86]">&gt;&gt;</a>&nbsp;&nbsp;&nbsp;vTaskDelay
<LI><a href="#[ba]">&gt;&gt;</a>&nbsp;&nbsp;&nbsp;vPortFree
<LI><a href="#[d2]">&gt;&gt;</a>&nbsp;&nbsp;&nbsp;pvPortMalloc
<LI><a href="#[c9]">&gt;&gt;</a>&nbsp;&nbsp;&nbsp;prvProcessTimerOrBlockTask
<LI><a href="#[c8]">&gt;&gt;</a>&nbsp;&nbsp;&nbsp;xQueueReceive
<LI><a href="#[de]">&gt;&gt;</a>&nbsp;&nbsp;&nbsp;xQueueGenericSend
</UL>

<P><STRONG><a name="[36]"></a>vTaskSwitchContext</STRONG> (Thumb, 134 bytes, Stack size 8 bytes, tasks.o(i.vTaskSwitchContext))
<BR><BR>[Stack]<UL><LI>Max Depth = 152<LI>Call Chain = vTaskSwitchContext &rArr; SEGGER_SYSVIEW_OnTaskStartExec &rArr; _SendPacket &rArr; _HandleIncomingPacket &rArr; SEGGER_SYSVIEW_Start &rArr;  _SendPacket (Cycle)
</UL>
<BR>[Calls]<UL><LI><a href="#[6e]">&gt;&gt;</a>&nbsp;&nbsp;&nbsp;SEGGER_SYSVIEW_OnTaskStartExec
<LI><a href="#[6c]">&gt;&gt;</a>&nbsp;&nbsp;&nbsp;SEGGER_SYSVIEW_OnIdle
</UL>
<BR>[Called By]<UL><LI><a href="#[4]">&gt;&gt;</a>&nbsp;&nbsp;&nbsp;PendSV_Handler
</UL>

<P><STRONG><a name="[d9]"></a>xPortStartScheduler</STRONG> (Thumb, 48 bytes, Stack size 8 bytes, port.o(i.xPortStartScheduler))
<BR><BR>[Stack]<UL><LI>Max Depth = 28<LI>Call Chain = xPortStartScheduler &rArr; vPortSetupTimerInterrupt &rArr; __aeabi_uidivmod
</UL>
<BR>[Calls]<UL><LI><a href="#[da]">&gt;&gt;</a>&nbsp;&nbsp;&nbsp;__asm___6_port_c_39a90d8d__prvPortStartFirstTask
<LI><a href="#[d5]">&gt;&gt;</a>&nbsp;&nbsp;&nbsp;vPortSetupTimerInterrupt
</UL>
<BR>[Called By]<UL><LI><a href="#[ab]">&gt;&gt;</a>&nbsp;&nbsp;&nbsp;vTaskStartScheduler
</UL>

<P><STRONG><a name="[84]"></a>xPortSysTickHandler</STRONG> (Thumb, 32 bytes, Stack size 8 bytes, port.o(i.xPortSysTickHandler))
<BR><BR>[Stack]<UL><LI>Max Depth = 176<LI>Call Chain = xPortSysTickHandler &rArr; xTaskIncrementTick &rArr; SEGGER_SYSVIEW_OnTaskStartReady &rArr; _SendPacket &rArr; _HandleIncomingPacket &rArr; SEGGER_SYSVIEW_Start &rArr;  _SendPacket (Cycle)
</UL>
<BR>[Calls]<UL><LI><a href="#[dd]">&gt;&gt;</a>&nbsp;&nbsp;&nbsp;vClearInterruptMaskFromISR
[...]
<BR><BR>[Stack]<UL><LI>Max Depth = 216<LI>Call Chain = prvCheckTasksWaitingTermination &rArr; prvDeleteTCB &rArr; vPortFree &rArr; xTaskResumeAll &rArr; xTaskIncrementTick &rArr; SEGGER_SYSVIEW_OnTaskStartReady &rArr; _SendPacket &rArr; _HandleIncomingPacket &rArr; SEGGER_SYSVIEW_Start &rArr;  _SendPacket (Cycle)
</UL>
<BR>[Calls]<UL><LI><a href="#[5e]">&gt;&gt;</a>&nbsp;&nbsp;&nbsp;vPortExitCritical
<LI><a href="#[5c]">&gt;&gt;</a>&nbsp;&nbsp;&nbsp;vPortEnterCritical
<LI><a href="#[b6]">&gt;&gt;</a>&nbsp;&nbsp;&nbsp;prvDeleteTCB
<LI><a href="#[ad]">&gt;&gt;</a>&nbsp;&nbsp;&nbsp;uxListRemove
</UL>
<BR>[Called By]<UL><LI><a href="#[2e]">&gt;&gt;</a>&nbsp;&nbsp;&nbsp;prvIdleTask
</UL>

<P><STRONG><a name="[b6]"></a>prvDeleteTCB</STRONG> (Thumb, 18 bytes, Stack size 8 bytes, tasks.o(i.prvDeleteTCB))
<BR><BR>[Stack]<UL><LI>Max Depth = 208<LI>Call Chain = prvDeleteTCB &rArr; vPortFree &rArr; xTaskResumeAll &rArr; xTaskIncrementTick &rArr; SEGGER_SYSVIEW_OnTaskStartReady &rArr; _SendPacket &rArr; _HandleIncomingPacket &rArr; SEGGER_SYSVIEW_Start &rArr;  _SendPacket (Cycle)
</UL>
<BR>[Calls]<UL><LI><a href="#[ba]">&gt;&gt;</a>&nbsp;&nbsp;&nbsp;vPortFree
</UL>
<BR>[Called By]<UL><LI><a href="#[b5]">&gt;&gt;</a>&nbsp;&nbsp;&nbsp;prvCheckTasksWaitingTermination
</UL>

<P><STRONG><a name="[2e]"></a>prvIdleTask</STRONG> (Thumb, 20 bytes, Stack size 0 bytes, tasks.o(i.prvIdleTask))
<BR><BR>[Stack]<UL><LI>Max Depth = 216<LI>Call Chain = prvIdleTask &rArr; prvCheckTasksWaitingTermination &rArr; prvDeleteTCB &rArr; vPortFree &rArr; xTaskResumeAll &rArr; xTaskIncrementTick &rArr; SEGGER_SYSVIEW_OnTaskStartReady &rArr; _SendPacket &rArr; _HandleIncomingPacket &rArr; SEGGER_SYSVIEW_Start &rArr;  _SendPacket (Cycle)
</UL>
<BR>[Calls]<UL><LI><a href="#[b5]">&gt;&gt;</a>&nbsp;&nbsp;&nbsp;prvCheckTasksWaitingTermination
<LI><a href="#[b1]">&gt;&gt;</a>&nbsp;&nbsp;&nbsp;vPortYield
</UL>
<BR>[Address Reference Count : 1]<UL><LI> tasks.o(i.vTaskStartScheduler)
</UL>
<P><STRONG><a name="[bd]"></a>prvInitialiseNewTask</STRONG> (Thumb, 186 bytes, Stack size 40 bytes, tasks.o(i.prvInitialiseNewTask))
<BR><BR>[Stack]<UL><LI>Max Depth = 40<LI>Call Chain = prvInitialiseNewTask
</UL>
<BR>[Calls]<UL><LI><a href="#[be]">&gt;&gt;</a>&nbsp;&nbsp;&nbsp;vListInitialiseItem
<LI><a href="#[bf]">&gt;&gt;</a>&nbsp;&nbsp;&nbsp;pxPortInitialiseStack
<LI><a href="#[3c]">&gt;&gt;</a>&nbsp;&nbsp;&nbsp;__aeabi_memset
</UL>
<BR>[Called By]<UL><LI><a href="#[5d]">&gt;&gt;</a>&nbsp;&nbsp;&nbsp;xTaskCreate
</UL>

<P><STRONG><a name="[b0]"></a>prvInitialiseTaskLists</STRONG> (Thumb, 68 bytes, Stack size 8 bytes, tasks.o(i.prvInitialiseTaskLists))
<BR><BR>[Stack]<UL><LI>Max Depth = 8<LI>Call Chain = prvInitialiseTaskLists
</UL>
<BR>[Calls]<UL><LI><a href="#[b3]">&gt;&gt;</a>&nbsp;&nbsp;&nbsp;vListInitialise
</UL>
<BR>[Called By]<UL><LI><a href="#[af]">&gt;&gt;</a>&nbsp;&nbsp;&nbsp;prvAddNewTaskToReadyList
</UL>

<P><STRONG><a name="[e4]"></a>prvResetNextTaskUnblockTime</STRONG> (Thumb, 44 bytes, Stack size 0 bytes, tasks.o(i.prvResetNextTaskUnblockTime))
<BR><BR>[Called By]<UL><LI><a href="#[cb]">&gt;&gt;</a>&nbsp;&nbsp;&nbsp;xTaskResumeAll
<LI><a href="#[dc]">&gt;&gt;</a>&nbsp;&nbsp;&nbsp;xTaskIncrementTick
</UL>

<P><STRONG><a name="[b2]"></a>prvCheckForValidListAndQueue</STRONG> (Thumb, 58 bytes, Stack size 8 bytes, timers.o(i.prvCheckForValidListAndQueue))
<BR><BR>[Stack]<UL><LI>Max Depth = 272<LI>Call Chain = prvCheckForValidListAndQueue &rArr; xQueueGenericCreate &rArr; prvInitialiseNewQueue &rArr; xQueueGenericReset &rArr; xTaskRemoveFromEventList &rArr; SEGGER_SYSVIEW_OnTaskStartReady &rArr; _SendPacket &rArr; _HandleIncomingPacket &rArr; SEGGER_SYSVIEW_Start &rArr;  _SendPacket (Cycle)
</UL>
<BR>[Calls]<UL><LI><a href="#[5e]">&gt;&gt;</a>&nbsp;&nbsp;&nbsp;vPortExitCritical
<LI><a href="#[5c]">&gt;&gt;</a>&nbsp;&nbsp;&nbsp;vPortEnterCritical
<LI><a href="#[b4]">&gt;&gt;</a>&nbsp;&nbsp;&nbsp;xQueueGenericCreate
<LI><a href="#[b3]">&gt;&gt;</a>&nbsp;&nbsp;&nbsp;vListInitialise
</UL>
<BR>[Called By]<UL><LI><a href="#[c0]">&gt;&gt;</a>&nbsp;&nbsp;&nbsp;prvInitialiseNewTimer
<LI><a href="#[d8]">&gt;&gt;</a>&nbsp;&nbsp;&nbsp;xTimerCreateTimerTask
</UL>

<P><STRONG><a name="[ce]"></a>prvGetNextExpireTime</STRONG> (Thumb, 40 bytes, Stack size 0 bytes, timers.o(i.prvGetNextExpireTime))
<BR><BR>[Called By]<UL><LI><a href="#[2f]">&gt;&gt;</a>&nbsp;&nbsp;&nbsp;prvTimerTask
</UL>

<P><STRONG><a name="[c0]"></a>prvInitialiseNewTimer</STRONG> (Thumb, 74 bytes, Stack size 40 bytes, timers.o(i.prvInitialiseNewTimer))
<BR><BR>[Stack]<UL><LI>Max Depth = 312<LI>Call Chain = prvInitialiseNewTimer &rArr; prvCheckForValidListAndQueue &rArr; xQueueGenericCreate &rArr; prvInitialiseNewQueue &rArr; xQueueGenericReset &rArr; xTaskRemoveFromEventList &rArr; SEGGER_SYSVIEW_OnTaskStartReady &rArr; _SendPacket &rArr; _HandleIncomingPacket &rArr; SEGGER_SYSVIEW_Start &rArr;  _SendPacket (Cycle)
</UL>
<BR>[Calls]<UL><LI><a href="#[b2]">&gt;&gt;</a>&nbsp;&nbsp;&nbsp;prvCheckForValidListAndQueue
<LI><a href="#[be]">&gt;&gt;</a>&nbsp;&nbsp;&nbsp;vListInitialiseItem
</UL>
<BR>[Called By]<UL><LI><a href="#[59]">&gt;&gt;</a>&nbsp;&nbsp;&nbsp;xTimerCreate
</UL>

<P><STRONG><a name="[c1]"></a>prvInsertTimerInActiveList</STRONG> (Thumb, 76 bytes, Stack size 24 bytes, timers.o(i.prvInsertTimerInActiveList))
<BR><BR>[Stack]<UL><LI>Max Depth = 32<LI>Call Chain = prvInsertTimerInActiveList &rArr; vListInsert
</UL>
<BR>[Calls]<UL><LI><a href="#[ae]">&gt;&gt;</a>&nbsp;&nbsp;&nbsp;vListInsert
</UL>
<BR>[Called By]<UL><LI><a href="#[c5]">&gt;&gt;</a>&nbsp;&nbsp;&nbsp;prvReloadTimer
<LI><a href="#[c6]">&gt;&gt;</a>&nbsp;&nbsp;&nbsp;prvProcessReceivedCommands
</UL>

<P><STRONG><a name="[c4]"></a>prvProcessExpiredTimer</STRONG> (Thumb, 64 bytes, Stack size 16 bytes, timers.o(i.prvProcessExpiredTimer))
<BR><BR>[Stack]<UL><LI>Max Depth = 64<LI>Call Chain = prvProcessExpiredTimer &rArr; prvReloadTimer &rArr; prvInsertTimerInActiveList &rArr; vListInsert
</UL>
<BR>[Calls]<UL><LI><a href="#[c5]">&gt;&gt;</a>&nbsp;&nbsp;&nbsp;prvReloadTimer
<LI><a href="#[ad]">&gt;&gt;</a>&nbsp;&nbsp;&nbsp;uxListRemove
</UL>
<BR>[Called By]<UL><LI><a href="#[cd]">&gt;&gt;</a>&nbsp;&nbsp;&nbsp;prvSwitchTimerLists
<LI><a href="#[c9]">&gt;&gt;</a>&nbsp;&nbsp;&nbsp;prvProcessTimerOrBlockTask
</UL>

<P><STRONG><a name="[c6]"></a>prvProcessReceivedCommands</STRONG> (Thumb, 278 bytes, Stack size 32 bytes, timers.o(i.prvProcessReceivedCommands))
<BR><BR>[Stack]<UL><LI>Max Depth = 272<LI>Call Chain = prvProcessReceivedCommands &rArr; xQueueReceive &rArr; xTaskResumeAll &rArr; xTaskIncrementTick &rArr; SEGGER_SYSVIEW_OnTaskStartReady &rArr; _SendPacket &rArr; _HandleIncomingPacket &rArr; SEGGER_SYSVIEW_Start &rArr;  _SendPacket (Cycle)
</UL>
<BR>[Calls]<UL><LI><a href="#[ba]">&gt;&gt;</a>&nbsp;&nbsp;&nbsp;vPortFree
<LI><a href="#[4a]">&gt;&gt;</a>&nbsp;&nbsp;&nbsp;__ARM_common_switch8
<LI><a href="#[c7]">&gt;&gt;</a>&nbsp;&nbsp;&nbsp;prvSampleTimeNow
<LI><a href="#[c5]">&gt;&gt;</a>&nbsp;&nbsp;&nbsp;prvReloadTimer
<LI><a href="#[c1]">&gt;&gt;</a>&nbsp;&nbsp;&nbsp;prvInsertTimerInActiveList
<LI><a href="#[c8]">&gt;&gt;</a>&nbsp;&nbsp;&nbsp;xQueueReceive
<LI><a href="#[ad]">&gt;&gt;</a>&nbsp;&nbsp;&nbsp;uxListRemove
</UL>
<BR>[Called By]<UL><LI><a href="#[2f]">&gt;&gt;</a>&nbsp;&nbsp;&nbsp;prvTimerTask
</UL>

<P><STRONG><a name="[c9]"></a>prvProcessTimerOrBlockTask</STRONG> (Thumb, 100 bytes, Stack size 24 bytes, timers.o(i.prvProcessTimerOrBlockTask))
<BR><BR>[Stack]<UL><LI>Max Depth = 224<LI>Call Chain = prvProcessTimerOrBlockTask &rArr; vQueueWaitForMessageRestricted &rArr; prvUnlockQueue &rArr; xTaskRemoveFromEventList &rArr; SEGGER_SYSVIEW_OnTaskStartReady &rArr; _SendPacket &rArr; _HandleIncomingPacket &rArr; SEGGER_SYSVIEW_Start &rArr;  _SendPacket (Cycle)
</UL>
<BR>[Calls]<UL><LI><a href="#[cb]">&gt;&gt;</a>&nbsp;&nbsp;&nbsp;xTaskResumeAll
<LI><a href="#[ca]">&gt;&gt;</a>&nbsp;&nbsp;&nbsp;vTaskSuspendAll
<LI><a href="#[c7]">&gt;&gt;</a>&nbsp;&nbsp;&nbsp;prvSampleTimeNow
<LI><a href="#[c4]">&gt;&gt;</a>&nbsp;&nbsp;&nbsp;prvProcessExpiredTimer
<LI><a href="#[cc]">&gt;&gt;</a>&nbsp;&nbsp;&nbsp;vQueueWaitForMessageRestricted
<LI><a href="#[b1]">&gt;&gt;</a>&nbsp;&nbsp;&nbsp;vPortYield
</UL>
<BR>[Called By]<UL><LI><a href="#[2f]">&gt;&gt;</a>&nbsp;&nbsp;&nbsp;prvTimerTask
</UL>

<P><STRONG><a name="[c5]"></a>prvReloadTimer</STRONG> (Thumb, 40 bytes, Stack size 16 bytes, timers.o(i.prvReloadTimer))
<BR><BR>[Stack]<UL><LI>Max Depth = 48<LI>Call Chain = prvReloadTimer &rArr; prvInsertTimerInActiveList &rArr; vListInsert
</UL>
<BR>[Calls]<UL><LI><a href="#[c1]">&gt;&gt;</a>&nbsp;&nbsp;&nbsp;prvInsertTimerInActiveList
</UL>
<BR>[Called By]<UL><LI><a href="#[c6]">&gt;&gt;</a>&nbsp;&nbsp;&nbsp;prvProcessReceivedCommands
<LI><a href="#[c4]">&gt;&gt;</a>&nbsp;&nbsp;&nbsp;prvProcessExpiredTimer
</UL>

<P><STRONG><a name="[c7]"></a>prvSampleTimeNow</STRONG> (Thumb, 40 bytes, Stack size 16 bytes, timers.o(i.prvSampleTimeNow))
<BR><BR>[Stack]<UL><LI>Max Depth = 96<LI>Call Chain = prvSampleTimeNow &rArr; prvSwitchTimerLists &rArr; prvProcessExpiredTimer &rArr; prvReloadTimer &rArr; prvInsertTimerInActiveList &rArr; vListInsert
</UL>
<BR>[Calls]<UL><LI><a href="#[5a]">&gt;&gt;</a>&nbsp;&nbsp;&nbsp;xTaskGetTickCount
<LI><a href="#[cd]">&gt;&gt;</a>&nbsp;&nbsp;&nbsp;prvSwitchTimerLists
</UL>
<BR>[Called By]<UL><LI><a href="#[c9]">&gt;&gt;</a>&nbsp;&nbsp;&nbsp;prvProcessTimerOrBlockTask
<LI><a href="#[c6]">&gt;&gt;</a>&nbsp;&nbsp;&nbsp;prvProcessReceivedCommands
</UL>

<P><STRONG><a name="[cd]"></a>prvSwitchTimerLists</STRONG> (Thumb, 60 bytes, Stack size 16 bytes, timers.o(i.prvSwitchTimerLists))
<BR><BR>[Stack]<UL><LI>Max Depth = 80<LI>Call Chain = prvSwitchTimerLists &rArr; prvProcessExpiredTimer &rArr; prvReloadTimer &rArr; prvInsertTimerInActiveList &rArr; vListInsert
</UL>
<BR>[Calls]<UL><LI><a href="#[c4]">&gt;&gt;</a>&nbsp;&nbsp;&nbsp;prvProcessExpiredTimer
</UL>
<BR>[Called By]<UL><LI><a href="#[c7]">&gt;&gt;</a>&nbsp;&nbsp;&nbsp;prvSampleTimeNow
</UL>

<P><STRONG><a name="[2f]"></a>prvTimerTask</STRONG> (Thumb, 26 bytes, Stack size 8 bytes, timers.o(i.prvTimerTask))
<BR><BR>[Stack]<UL><LI>Max Depth = 280<LI>Call Chain = prvTimerTask &rArr; prvProcessReceivedCommands &rArr; xQueueReceive &rArr; xTaskResumeAll &rArr; xTaskIncrementTick &rArr; SEGGER_SYSVIEW_OnTaskStartReady &rArr; _SendPacket &rArr; _HandleIncomingPacket &rArr; SEGGER_SYSVIEW_Start &rArr;  _SendPacket (Cycle)
</UL>
<BR>[Calls]<UL><LI><a href="#[c9]">&gt;&gt;</a>&nbsp;&nbsp;&nbsp;prvProcessTimerOrBlockTask
<LI><a href="#[c6]">&gt;&gt;</a>&nbsp;&nbsp;&nbsp;prvProcessReceivedCommands
<LI><a href="#[ce]">&gt;&gt;</a>&nbsp;&nbsp;&nbsp;prvGetNextExpireTime
</UL>
<BR>[Address Reference Count : 1]<UL><LI> timers.o(i.xTimerCreateTimerTask)
</UL>
<P><STRONG><a name="[60]"></a>_DoInit</STRONG> (Thumb, 82 bytes, Stack size 16 bytes, segger_rtt.o(i._DoInit))
<BR><BR>[Stack]<UL><LI>Max Depth = 16<LI>Call Chain = _DoInit
</UL>
<BR>[Calls]<UL><LI><a href="#[82]">&gt;&gt;</a>&nbsp;&nbsp;&nbsp;__aeabi_memclr4
</UL>
<BR>[Called By]<UL><LI><a href="#[62]">&gt;&gt;</a>&nbsp;&nbsp;&nbsp;SEGGER_RTT_ReadNoLock
<LI><a href="#[61]">&gt;&gt;</a>&nbsp;&nbsp;&nbsp;SEGGER_RTT_ConfigDownBuffer
<LI><a href="#[5f]">&gt;&gt;</a>&nbsp;&nbsp;&nbsp;SEGGER_RTT_AllocUpBuffer
</UL>

<P><STRONG><a name="[77]"></a>_EncodeStr</STRONG> (Thumb, 74 bytes, Stack size 12 bytes, segger_sysview.o(i._EncodeStr))
<BR><BR>[Stack]<UL><LI>Max Depth = 12<LI>Call Chain = _EncodeStr
</UL>
<BR>[Called By]<UL><LI><a href="#[7e]">&gt;&gt;</a>&nbsp;&nbsp;&nbsp;SEGGER_SYSVIEW_Warn
<LI><a href="#[7a]">&gt;&gt;</a>&nbsp;&nbsp;&nbsp;SEGGER_SYSVIEW_SendTaskInfo
<LI><a href="#[79]">&gt;&gt;</a>&nbsp;&nbsp;&nbsp;SEGGER_SYSVIEW_SendSysDesc
<LI><a href="#[76]">&gt;&gt;</a>&nbsp;&nbsp;&nbsp;SEGGER_SYSVIEW_SendModule
</UL>

<P><STRONG><a name="[a3]"></a>_HandleIncomingPacket</STRONG> (Thumb, 164 bytes, Stack size 16 bytes, segger_sysview.o(i._HandleIncomingPacket))
<BR><BR>[Stack]<UL><LI>Max Depth = 88<LI>Call Chain = _HandleIncomingPacket &rArr; SEGGER_SYSVIEW_Start &rArr;  _SendPacket (Cycle)
</UL>
<BR>[Calls]<UL><LI><a href="#[7d]">&gt;&gt;</a>&nbsp;&nbsp;&nbsp;SEGGER_SYSVIEW_Stop
<LI><a href="#[7b]">&gt;&gt;</a>&nbsp;&nbsp;&nbsp;SEGGER_SYSVIEW_Start
<LI><a href="#[7c]">&gt;&gt;</a>&nbsp;&nbsp;&nbsp;SEGGER_SYSVIEW_SendTaskList
<LI><a href="#[78]">&gt;&gt;</a>&nbsp;&nbsp;&nbsp;SEGGER_SYSVIEW_SendNumModules
<LI><a href="#[a4]">&gt;&gt;</a>&nbsp;&nbsp;&nbsp;SEGGER_SYSVIEW_SendModuleDescription
<LI><a href="#[76]">&gt;&gt;</a>&nbsp;&nbsp;&nbsp;SEGGER_SYSVIEW_SendModule
<LI><a href="#[70]">&gt;&gt;</a>&nbsp;&nbsp;&nbsp;SEGGER_SYSVIEW_RecordSystime
<LI><a href="#[68]">&gt;&gt;</a>&nbsp;&nbsp;&nbsp;SEGGER_SYSVIEW_GetSysDesc
<LI><a href="#[62]">&gt;&gt;</a>&nbsp;&nbsp;&nbsp;SEGGER_RTT_ReadNoLock
</UL>
<BR>[Called By]<UL><LI><a href="#[6a]">&gt;&gt;</a>&nbsp;&nbsp;&nbsp;_SendPacket
</UL>

<P><STRONG><a name="[69]"></a>_PreparePacket</STRONG> (Thumb, 6 bytes, Stack size 0 bytes, segger_sysview.o(i._PreparePacket))
<BR><BR>[Called By]<UL><LI><a href="#[75]">&gt;&gt;</a>&nbsp;&nbsp;&nbsp;SEGGER_SYSVIEW_RecordVoid
<LI><a href="#[6f]">&gt;&gt;</a>&nbsp;&nbsp;&nbsp;SEGGER_SYSVIEW_OnTaskStartReady
<LI><a href="#[6e]">&gt;&gt;</a>&nbsp;&nbsp;&nbsp;SEGGER_SYSVIEW_OnTaskStartExec
<LI><a href="#[6d]">&gt;&gt;</a>&nbsp;&nbsp;&nbsp;SEGGER_SYSVIEW_OnTaskCreate
<LI><a href="#[6c]">&gt;&gt;</a>&nbsp;&nbsp;&nbsp;SEGGER_SYSVIEW_OnIdle
<LI><a href="#[74]">&gt;&gt;</a>&nbsp;&nbsp;&nbsp;SEGGER_SYSVIEW_RecordU32x4
<LI><a href="#[73]">&gt;&gt;</a>&nbsp;&nbsp;&nbsp;SEGGER_SYSVIEW_RecordU32x3
<LI><a href="#[71]">&gt;&gt;</a>&nbsp;&nbsp;&nbsp;SEGGER_SYSVIEW_RecordU32x2
<LI><a href="#[72]">&gt;&gt;</a>&nbsp;&nbsp;&nbsp;SEGGER_SYSVIEW_RecordU32
<LI><a href="#[7e]">&gt;&gt;</a>&nbsp;&nbsp;&nbsp;SEGGER_SYSVIEW_Warn
<LI><a href="#[7d]">&gt;&gt;</a>&nbsp;&nbsp;&nbsp;SEGGER_SYSVIEW_Stop
<LI><a href="#[7b]">&gt;&gt;</a>&nbsp;&nbsp;&nbsp;SEGGER_SYSVIEW_Start
<LI><a href="#[7a]">&gt;&gt;</a>&nbsp;&nbsp;&nbsp;SEGGER_SYSVIEW_SendTaskInfo
<LI><a href="#[79]">&gt;&gt;</a>&nbsp;&nbsp;&nbsp;SEGGER_SYSVIEW_SendSysDesc
<LI><a href="#[78]">&gt;&gt;</a>&nbsp;&nbsp;&nbsp;SEGGER_SYSVIEW_SendNumModules
<LI><a href="#[76]">&gt;&gt;</a>&nbsp;&nbsp;&nbsp;SEGGER_SYSVIEW_SendModule
<LI><a href="#[68]">&gt;&gt;</a>&nbsp;&nbsp;&nbsp;SEGGER_SYSVIEW_GetSysDesc
</UL>

<P><STRONG><a name="[6a]"></a>_SendPacket</STRONG> (Thumb, 472 bytes, Stack size 32 bytes, segger_sysview.o(i._SendPacket))
<BR><BR>[Stack]<UL><LI>Max Depth = 120<LI>Call Chain = _SendPacket &rArr; _HandleIncomingPacket &rArr; SEGGER_SYSVIEW_Start &rArr;  _SendPacket (Cycle)
</UL>
<BR>[Calls]<UL><LI><a href="#[6b]">&gt;&gt;</a>&nbsp;&nbsp;&nbsp;SEGGER_SYSVIEW_X_GetTimestamp
<LI><a href="#[a5]">&gt;&gt;</a>&nbsp;&nbsp;&nbsp;_TrySendOverflowPacket
<LI><a href="#[a3]">&gt;&gt;</a>&nbsp;&nbsp;&nbsp;_HandleIncomingPacket
<LI><a href="#[64]">&gt;&gt;</a>&nbsp;&nbsp;&nbsp;SEGGER_RTT_WriteSkipNoLock
</UL>
<BR>[Called By]<UL><LI><a href="#[75]">&gt;&gt;</a>&nbsp;&nbsp;&nbsp;SEGGER_SYSVIEW_RecordVoid
<LI><a href="#[6f]">&gt;&gt;</a>&nbsp;&nbsp;&nbsp;SEGGER_SYSVIEW_OnTaskStartReady
<LI><a href="#[6e]">&gt;&gt;</a>&nbsp;&nbsp;&nbsp;SEGGER_SYSVIEW_OnTaskStartExec
<LI><a href="#[6d]">&gt;&gt;</a>&nbsp;&nbsp;&nbsp;SEGGER_SYSVIEW_OnTaskCreate
<LI><a href="#[6c]">&gt;&gt;</a>&nbsp;&nbsp;&nbsp;SEGGER_SYSVIEW_OnIdle
<LI><a href="#[74]">&gt;&gt;</a>&nbsp;&nbsp;&nbsp;SEGGER_SYSVIEW_RecordU32x4
<LI><a href="#[73]">&gt;&gt;</a>&nbsp;&nbsp;&nbsp;SEGGER_SYSVIEW_RecordU32x3
<LI><a href="#[71]">&gt;&gt;</a>&nbsp;&nbsp;&nbsp;SEGGER_SYSVIEW_RecordU32x2
<LI><a href="#[72]">&gt;&gt;</a>&nbsp;&nbsp;&nbsp;SEGGER_SYSVIEW_RecordU32
<LI><a href="#[7e]">&gt;&gt;</a>&nbsp;&nbsp;&nbsp;SEGGER_SYSVIEW_Warn
<LI><a href="#[7d]">&gt;&gt;</a>&nbsp;&nbsp;&nbsp;SEGGER_SYSVIEW_Stop
<LI><a href="#[7b]">&gt;&gt;</a>&nbsp;&nbsp;&nbsp;SEGGER_SYSVIEW_Start
<LI><a href="#[7a]">&gt;&gt;</a>&nbsp;&nbsp;&nbsp;SEGGER_SYSVIEW_SendTaskInfo
<LI><a href="#[79]">&gt;&gt;</a>&nbsp;&nbsp;&nbsp;SEGGER_SYSVIEW_SendSysDesc
<LI><a href="#[78]">&gt;&gt;</a>&nbsp;&nbsp;&nbsp;SEGGER_SYSVIEW_SendNumModules
<LI><a href="#[76]">&gt;&gt;</a>&nbsp;&nbsp;&nbsp;SEGGER_SYSVIEW_SendModule
<LI><a href="#[68]">&gt;&gt;</a>&nbsp;&nbsp;&nbsp;SEGGER_SYSVIEW_GetSysDesc
</UL>

<P><STRONG><a name="[a5]"></a>_TrySendOverflowPacket</STRONG> (Thumb, 124 bytes, Stack size 32 bytes, segger_sysview.o(i._TrySendOverflowPacket))
<BR><BR>[Stack]<UL><LI>Max Depth = 80<LI>Call Chain = _TrySendOverflowPacket &rArr; SEGGER_RTT_WriteSkipNoLock
</UL>
<BR>[Calls]<UL><LI><a href="#[6b]">&gt;&gt;</a>&nbsp;&nbsp;&nbsp;SEGGER_SYSVIEW_X_GetTimestamp
<LI><a href="#[64]">&gt;&gt;</a>&nbsp;&nbsp;&nbsp;SEGGER_RTT_WriteSkipNoLock
</UL>
<BR>[Called By]<UL><LI><a href="#[6a]">&gt;&gt;</a>&nbsp;&nbsp;&nbsp;_SendPacket
</UL>

<P><STRONG><a name="[30]"></a>_cbGetTime</STRONG> (Thumb, 80 bytes, Stack size 48 bytes, segger_sysview_freertos.o(i._cbGetTime))
<BR><BR>[Stack]<UL><LI>Max Depth = 120<LI>Call Chain = _cbGetTime &rArr; __aeabi_lmul &rArr; __aeabi_llsl
</UL>
<BR>[Calls]<UL><LI><a href="#[a8]">&gt;&gt;</a>&nbsp;&nbsp;&nbsp;xTaskGetTickCountFromISR
<LI><a href="#[39]">&gt;&gt;</a>&nbsp;&nbsp;&nbsp;__aeabi_lmul
</UL>
<BR>[Address Reference Count : 1]<UL><LI> segger_sysview_freertos.o(.constdata)
</UL>
<P><STRONG><a name="[31]"></a>_cbSendTaskList</STRONG> (Thumb, 66 bytes, Stack size 24 bytes, segger_sysview_freertos.o(i._cbSendTaskList))
<BR><BR>[Stack]<UL><LI>Max Depth = 208<LI>Call Chain = _cbSendTaskList &rArr; SYSVIEW_SendTaskInfo &rArr; SEGGER_SYSVIEW_SendTaskInfo &rArr; _SendPacket &rArr; _HandleIncomingPacket &rArr; SEGGER_SYSVIEW_Start &rArr;  _SendPacket (Cycle)
</UL>
<BR>[Calls]<UL><LI><a href="#[81]">&gt;&gt;</a>&nbsp;&nbsp;&nbsp;SYSVIEW_SendTaskInfo
</UL>
<BR>[Address Reference Count : 1]<UL><LI> segger_sysview_freertos.o(.constdata)
</UL>
<P><STRONG><a name="[21]"></a>_cbSendSystemDesc</STRONG> (Thumb, 16 bytes, Stack size 8 bytes, segger_sysview_config_freertos.o(i._cbSendSystemDesc))
<BR><BR>[Stack]<UL><LI>Max Depth = 152<LI>Call Chain = _cbSendSystemDesc &rArr; SEGGER_SYSVIEW_SendSysDesc &rArr; _SendPacket &rArr; _HandleIncomingPacket &rArr; SEGGER_SYSVIEW_Start &rArr;  _SendPacket (Cycle)
</UL>
<BR>[Calls]<UL><LI><a href="#[79]">&gt;&gt;</a>&nbsp;&nbsp;&nbsp;SEGGER_SYSVIEW_SendSysDesc
</UL>
<BR>[Address Reference Count : 1]<UL><LI> segger_sysview_config_freertos.o(i.SEGGER_SYSVIEW_Conf)
</UL>
<P><STRONG><a name="[a7]"></a>_printf_core</STRONG> (Thumb, 1020 bytes, Stack size 104 bytes, printf8.o(i._printf_core), UNUSED)
<BR><BR>[Calls]<UL><LI><a href="#[38]">&gt;&gt;</a>&nbsp;&nbsp;&nbsp;__aeabi_uldivmod
<LI><a href="#[a9]">&gt;&gt;</a>&nbsp;&nbsp;&nbsp;_printf_pre_padding
<LI><a href="#[aa]">&gt;&gt;</a>&nbsp;&nbsp;&nbsp;_printf_post_padding
</UL>
<BR>[Called By]<UL><LI><a href="#[a6]">&gt;&gt;</a>&nbsp;&nbsp;&nbsp;__0printf$8
</UL>

<P><STRONG><a name="[aa]"></a>_printf_post_padding</STRONG> (Thumb, 32 bytes, Stack size 24 bytes, printf8.o(i._printf_post_padding), UNUSED)
<BR><BR>[Called By]<UL><LI><a href="#[a7]">&gt;&gt;</a>&nbsp;&nbsp;&nbsp;_printf_core
</UL>

<P><STRONG><a name="[a9]"></a>_printf_pre_padding</STRONG> (Thumb, 44 bytes, Stack size 40 bytes, printf8.o(i._printf_pre_padding), UNUSED)
<BR><BR>[Called By]<UL><LI><a href="#[a7]">&gt;&gt;</a>&nbsp;&nbsp;&nbsp;_printf_core
</UL>
<P>
<H3>
Undefined Global Symbols
</H3>
<P><STRONG><a name="[35]"></a>__arm_fini_</STRONG> (Unknown, 0 bytes, Stack size 0 bytes, UNDEFINED)
<BR><BR>[Called By]<UL><LI><a href="#[34]">&gt;&gt;</a>&nbsp;&nbsp;&nbsp;__rt_lib_shutdown_fini
</UL>
<HR></body></html>
