Component: ARM Compiler 5.06 update 7 (build 960) Tool: armlink [4d3601]

==============================================================================

Section Cross References

    hw_485.o(i.HW_485TransmitFrame) refers to common.o(i.CheckSum) for CheckSum
    hw_485.o(i.HW_485TransmitFrame) refers to hw_uart .o(i.HW_UARTSendBytes) for HW_UARTSendBytes
    hw_485.o(i.HW_485TransmitFrame) refers to hw_485.o(.data) for hw_485_Transmit
    hw_485.o(i.HW_485_GPIO_Init) refers to lks32mc08x_gpio.o(i.GPIO_StructInit) for GPIO_StructInit
    hw_485.o(i.HW_485_GPIO_Init) refers to lks32mc08x_gpio.o(i.GPIO_Init) for GPIO_Init
    hw_485.o(i.HW_485_GPIO_Init) refers to lks32mc08x_gpio.o(i.GPIO_PinAFConfig) for GPIO_PinAFConfig
    hw_485.o(i.HW_485_Init) refers to hw_485.o(i.HW_485_GPIO_Init) for HW_485_GPIO_Init
    hw_485.o(i.HW_485_Init) refers to hw_485.o(i.HW_485_UART_Init) for HW_485_UART_Init
    hw_485.o(i.HW_485_Init) refers to hw_485.o(i.HW_TimeoutTimer_Init) for HW_TimeoutTimer_Init
    hw_485.o(i.HW_485_Init) refers to memseta.o(.text) for __aeabi_memclr4
    hw_485.o(i.HW_485_Init) refers to hw_485.o(i.HW_FsmStateTable_Init) for HW_FsmStateTable_Init
    hw_485.o(i.HW_485_Init) refers to hw_485.o(.bss) for hw_485_Manage
    hw_485.o(i.HW_485_Init) refers to hw_485.o(i.fsmActionIdle) for fsmActionIdle
    hw_485.o(i.HW_485_UART_Init) refers to lks32mc08x_uart.o(i.UART_StructInit) for UART_StructInit
    hw_485.o(i.HW_485_UART_Init) refers to lks32mc08x_uart.o(i.UART_Init) for UART_Init
    hw_485.o(i.HW_FsmCrash) refers to printf8.o(i.__0printf$8) for __2printf
    hw_485.o(i.HW_FsmCrash) refers to memseta.o(.text) for __aeabi_memclr4
    hw_485.o(i.HW_FsmCrash) refers to hw_485.o(.bss) for hw_485_Manage
    hw_485.o(i.HW_FsmCrash) refers to hw_485.o(i.fsmActionIdle) for fsmActionIdle
    hw_485.o(i.HW_FsmRunningFunc) refers to hw_485.o(i.HW_GetCurState) for HW_GetCurState
    hw_485.o(i.HW_FsmRunningFunc) refers to hw_485.o(i.HW_GetCurEvent) for HW_GetCurEvent
    hw_485.o(i.HW_FsmRunningFunc) refers to hw_485.o(i.HW_SetCurState) for HW_SetCurState
    hw_485.o(i.HW_FsmRunningFunc) refers to hw_485.o(i.HW_FsmCrash) for HW_FsmCrash
    hw_485.o(i.HW_FsmRunningFunc) refers to hw_485.o(.data) for tmpState
    hw_485.o(i.HW_FsmRunningFunc) refers to hw_485.o(.bss) for hw_FsmNodeTable
    hw_485.o(i.HW_FsmStateTable_Init) refers to hw_485.o(i.fsmActionIdle) for fsmActionIdle
    hw_485.o(i.HW_FsmStateTable_Init) refers to hw_485.o(.bss) for hw_FsmNodeTable
    hw_485.o(i.HW_FsmStateTable_Init) refers to hw_485.o(i.fsmActionHead) for fsmActionHead
    hw_485.o(i.HW_FsmStateTable_Init) refers to hw_485.o(i.fsmActionSrc) for fsmActionSrc
    hw_485.o(i.HW_FsmStateTable_Init) refers to hw_485.o(i.fsmActionDst) for fsmActionDst
    hw_485.o(i.HW_FsmStateTable_Init) refers to hw_485.o(i.fsmActionType) for fsmActionType
    hw_485.o(i.HW_FsmStateTable_Init) refers to hw_485.o(i.fsmActionLen) for fsmActionLen
    hw_485.o(i.HW_FsmStateTable_Init) refers to hw_485.o(i.fsmActionData1) for fsmActionData1
    hw_485.o(i.HW_FsmStateTable_Init) refers to hw_485.o(i.fsmActionData2) for fsmActionData2
    hw_485.o(i.HW_FsmStateTable_Init) refers to hw_485.o(i.fsmActionParity) for fsmActionParity
    hw_485.o(i.HW_FsmStateTable_Init) refers to hw_485.o(i.fsmActionError) for fsmActionError
    hw_485.o(i.HW_GetCurEvent) refers to hw_485.o(i.__ARM_common_switch8) for __ARM_common_switch8
    hw_485.o(i.HW_GetCurEvent) refers to common.o(i.CheckSum) for CheckSum
    hw_485.o(i.HW_GetCurEvent) refers to hw_485.o(.bss) for hw_485_Manage
    hw_485.o(i.HW_GetCurState) refers to hw_485.o(.bss) for hw_485_Manage
    hw_485.o(i.HW_SetCurState) refers to hw_485.o(.bss) for hw_485_Manage
    hw_485.o(i.HW_TimeoutTimer_Init) refers to lks32mc08x_tim.o(i.TIM_TimerStrutInit) for TIM_TimerStrutInit
    hw_485.o(i.HW_TimeoutTimer_Init) refers to lks32mc08x_tim.o(i.TIM_TimerInit) for TIM_TimerInit
    hw_485.o(i.HW_TimeoutTimer_Init) refers to lks32mc08x_tim.o(i.TIM_TimerCmd) for TIM_TimerCmd
    hw_485.o(i.fsmActionData1) refers to hw_485.o(.bss) for hw_485_Manage
    hw_485.o(i.fsmActionData2) refers to printf8.o(i.__0printf$8) for __2printf
    hw_485.o(i.fsmActionData2) refers to hw_485.o(.bss) for hw_485_Manage
    hw_485.o(i.fsmActionDst) refers to hw_485.o(.bss) for hw_485_Manage
    hw_485.o(i.fsmActionError) refers to hw_485.o(.bss) for hw_485_Manage
    hw_485.o(i.fsmActionHead) refers to hw_485.o(.bss) for hw_485_Manage
    hw_485.o(i.fsmActionIdle) refers to hw_485.o(.bss) for hw_485_Manage
    hw_485.o(i.fsmActionLen) refers to hw_485.o(.bss) for hw_485_Manage
    hw_485.o(i.fsmActionParity) refers to hw_485.o(.bss) for hw_485_Manage
    hw_485.o(i.fsmActionSrc) refers to hw_485.o(.bss) for hw_485_Manage
    hw_485.o(i.fsmActionType) refers to hw_485.o(.bss) for hw_485_Manage
    hw_can.o(i.HW_CAN_DMA_RX) refers to lks32mc08x_DMA.o(i.DMA_StructInit) for DMA_StructInit
[...]
    Removing lks32mc08x_sys.o(i.SYS_SetWakeInterval), (32 bytes).
    Removing lks32mc08x_sys.o(i.SYS_SoftResetModule), (28 bytes).
    Removing lks32mc08x_sys.o(i.SYS_StructInit), (26 bytes).
    Removing lks32mc08x_sys.o(i.SYS_WatchDogCmd), (52 bytes).
    Removing lks32mc08x_sys.o(i.SetWakeIO), (60 bytes).
    Removing lks32mc08x_sys.o(i.SoftDelay), (24 bytes).
    Removing lks32mc08x_sys.o(i.Switch2HRC), (76 bytes).
    Removing lks32mc08x_sys.o(i.Switch2PLL), (60 bytes).
    Removing lks32mc08x_sys.o(.bss), (12 bytes).
    Removing lks32mc08x_tim.o(.rev16_text), (4 bytes).
    Removing lks32mc08x_tim.o(.revsh_text), (4 bytes).
    Removing lks32mc08x_tim.o(i.ECD_ClearIRQFlag), (36 bytes).
    Removing lks32mc08x_tim.o(i.ECD_GetIRQFlag), (84 bytes).
    Removing lks32mc08x_tim.o(i.TIM_ClearIRQFlag), (68 bytes).
    Removing lks32mc08x_tim.o(i.TIM_ECDCmd), (84 bytes).
    Removing lks32mc08x_tim.o(i.TIM_ECDInit), (224 bytes).
    Removing lks32mc08x_tim.o(i.TIM_ECDStructInit), (24 bytes).
    Removing lks32mc08x_tim.o(i.TIM_ECD_GetCount), (6 bytes).
    Removing lks32mc08x_tim.o(i.TIM_GetIRQFlag), (156 bytes).
    Removing lks32mc08x_tim.o(i.TIM_Timer_GetCMPT0), (6 bytes).
    Removing lks32mc08x_tim.o(i.TIM_Timer_GetCMPT1), (6 bytes).
    Removing lks32mc08x_tim.o(i.TIM_Timer_GetCount), (6 bytes).
    Removing lks32mc08x_uart.o(.rev16_text), (4 bytes).
    Removing lks32mc08x_uart.o(.revsh_text), (4 bytes).
    Removing lks32mc08x_uart.o(i.UART_GetIRQFlag), (22 bytes).
    Removing lks32mc08x_uart.o(i.UART_ReadData), (6 bytes).
    Removing lks32mc08x_uart.o(i.UART_SendAddr_485), (52 bytes).
    Removing lks32mc08x_uart.o(i.UART_SendData_485), (52 bytes).
    Removing SEGGER_RTT.o(i.SEGGER_RTT_AllocDownBuffer), (172 bytes).
    Removing SEGGER_RTT.o(i.SEGGER_RTT_AllocUpBuffer), (172 bytes).
    Removing SEGGER_RTT.o(i.SEGGER_RTT_ConfigDownBuffer), (116 bytes).
    Removing SEGGER_RTT.o(i.SEGGER_RTT_ConfigUpBuffer), (116 bytes).
    Removing SEGGER_RTT.o(i.SEGGER_RTT_GetAvailWriteSpace), (24 bytes).
    Removing SEGGER_RTT.o(i.SEGGER_RTT_GetBytesInBuffer), (56 bytes).
    Removing SEGGER_RTT.o(i.SEGGER_RTT_GetKey), (32 bytes).
    Removing SEGGER_RTT.o(i.SEGGER_RTT_HasData), (24 bytes).
    Removing SEGGER_RTT.o(i.SEGGER_RTT_HasDataUp), (24 bytes).
    Removing SEGGER_RTT.o(i.SEGGER_RTT_HasKey), (44 bytes).
    Removing SEGGER_RTT.o(i.SEGGER_RTT_PutCharSkip), (112 bytes).
    Removing SEGGER_RTT.o(i.SEGGER_RTT_PutCharSkipNoLock), (56 bytes).
    Removing SEGGER_RTT.o(i.SEGGER_RTT_Read), (50 bytes).
    Removing SEGGER_RTT.o(i.SEGGER_RTT_ReadNoLock), (184 bytes).
    Removing SEGGER_RTT.o(i.SEGGER_RTT_ReadUpBuffer), (50 bytes).
    Removing SEGGER_RTT.o(i.SEGGER_RTT_ReadUpBufferNoLock), (184 bytes).
    Removing SEGGER_RTT.o(i.SEGGER_RTT_SetFlagsDownBuffer), (88 bytes).
    Removing SEGGER_RTT.o(i.SEGGER_RTT_SetFlagsUpBuffer), (88 bytes).
    Removing SEGGER_RTT.o(i.SEGGER_RTT_SetNameDownBuffer), (88 bytes).
    Removing SEGGER_RTT.o(i.SEGGER_RTT_SetNameUpBuffer), (88 bytes).
    Removing SEGGER_RTT.o(i.SEGGER_RTT_SetTerminal), (156 bytes).
    Removing SEGGER_RTT.o(i.SEGGER_RTT_TerminalOut), (260 bytes).
    Removing SEGGER_RTT.o(i.SEGGER_RTT_WaitKey), (14 bytes).
    Removing SEGGER_RTT.o(i.SEGGER_RTT_Write), (72 bytes).
    Removing SEGGER_RTT.o(i.SEGGER_RTT_WriteDownBuffer), (72 bytes).
    Removing SEGGER_RTT.o(i.SEGGER_RTT_WriteDownBufferNoLock), (132 bytes).
    Removing SEGGER_RTT.o(i.SEGGER_RTT_WriteNoLock), (132 bytes).
    Removing SEGGER_RTT.o(i.SEGGER_RTT_WriteSkipNoLock), (152 bytes).
    Removing SEGGER_RTT.o(i.SEGGER_RTT_WriteString), (26 bytes).
    Removing SEGGER_RTT.o(i.SEGGER_RTT_WriteWithOverwriteNoLock), (180 bytes).
    Removing SEGGER_RTT.o(i._GetAvailWriteSpace), (28 bytes).
    Removing SEGGER_RTT.o(i._PostTerminalSwitch), (36 bytes).
    Removing SEGGER_RTT.o(i._WriteBlocking), (126 bytes).
    Removing SEGGER_RTT.o(i._WriteNoCheck), (86 bytes).
    Removing SEGGER_RTT.o(.data), (17 bytes).
    Removing SEGGER_RTT_printf.o(i.SEGGER_RTT_printf), (36 bytes).
    Removing SEGGER_RTT_printf.o(i.SEGGER_RTT_vprintf), (536 bytes).
    Removing SEGGER_RTT_printf.o(i._PrintInt), (270 bytes).
    Removing SEGGER_RTT_printf.o(i._PrintUnsigned), (284 bytes).
    Removing SEGGER_RTT_printf.o(i._StoreChar), (68 bytes).
    Removing SEGGER_RTT_printf.o(.constdata), (16 bytes).
    Removing common.o(.rev16_text), (4 bytes).
    Removing common.o(.revsh_text), (4 bytes).
    Removing common.o(i.CheckCrc8), (96 bytes).
    Removing freertos.o(.rev16_text), (4 bytes).
    Removing freertos.o(.revsh_text), (4 bytes).
    Removing hardware_init.o(.rev16_text), (4 bytes).
    Removing hardware_init.o(.revsh_text), (4 bytes).
    Removing interrupt.o(.rev16_text), (4 bytes).
    Removing interrupt.o(.revsh_text), (4 bytes).
    Removing interrupt.o(i.BusFault_Handler), (28 bytes).
    Removing interrupt.o(i.MemManage_Handler), (4 bytes).
    Removing interrupt.o(i.SleepTimer_IRQHandler), (2 bytes).
    Removing interrupt.o(i.UsageFault_Handler), (28 bytes).
    Removing main.o(.rev16_text), (4 bytes).
    Removing main.o(.revsh_text), (4 bytes).
    Removing startup_lks32mc08x.o(HEAP), (2048 bytes).
    Removing dadd.o(.text), (360 bytes).
    Removing dmul.o(.text), (208 bytes).
    Removing ddiv.o(.text), (240 bytes).
    Removing dfixul.o(.text), (64 bytes).
    Removing cdrcmple.o(.text), (40 bytes).
    Removing depilogue.o(.text), (190 bytes).
    Removing depilogue.o(i.__ARM_clz), (46 bytes).

218 unused section(s) (total 17477 bytes) removed from the image.

==============================================================================

Image Symbol Table

    Local Symbols

    Symbol Name                              Value     Ov Type        Size  Object(Section)

    RESET                                    0x00000000   Section      192  startup_lks32mc08x.o(RESET)
    ../clib/microlib/division.c              0x00000000   Number         0  uldiv.o ABSOLUTE
    ../clib/microlib/division.c              0x00000000   Number         0  uidiv.o ABSOLUTE
    ../clib/microlib/division.c              0x00000000   Number         0  ldiv.o ABSOLUTE
    ../clib/microlib/division.c              0x00000000   Number         0  idiv.o ABSOLUTE
    ../clib/microlib/init/entry.s            0x00000000   Number         0  entry8b.o ABSOLUTE
    ../clib/microlib/init/entry.s            0x00000000   Number         0  entry8a.o ABSOLUTE
    ../clib/microlib/init/entry.s            0x00000000   Number         0  entry7b.o ABSOLUTE
    ../clib/microlib/init/entry.s            0x00000000   Number         0  entry7a.o ABSOLUTE
    ../clib/microlib/init/entry.s            0x00000000   Number         0  entry2.o ABSOLUTE
    ../clib/microlib/init/entry.s            0x00000000   Number         0  entry.o ABSOLUTE
    ../clib/microlib/init/entry.s            0x00000000   Number         0  entry5.o ABSOLUTE
    ../clib/microlib/init/entry.s            0x00000000   Number         0  entry11b.o ABSOLUTE
    ../clib/microlib/init/entry.s            0x00000000   Number         0  entry12b.o ABSOLUTE
    ../clib/microlib/init/entry.s            0x00000000   Number         0  entry12a.o ABSOLUTE
    ../clib/microlib/init/entry.s            0x00000000   Number         0  entry11a.o ABSOLUTE
    ../clib/microlib/init/entry.s            0x00000000   Number         0  entry10b.o ABSOLUTE
    ../clib/microlib/init/entry.s            0x00000000   Number         0  entry10a.o ABSOLUTE
    ../clib/microlib/init/entry.s            0x00000000   Number         0  entry9b.o ABSOLUTE
    ../clib/microlib/init/entry.s            0x00000000   Number         0  entry9a.o ABSOLUTE
    ../clib/microlib/longlong.c              0x00000000   Number         0  llsshr.o ABSOLUTE
    ../clib/microlib/longlong.c              0x00000000   Number         0  llushr.o ABSOLUTE
    ../clib/microlib/longlong.c              0x00000000   Number         0  llshl.o ABSOLUTE
    ../clib/microlib/printf/printf.c         0x00000000   Number         0  printf7.o ABSOLUTE
    ../clib/microlib/printf/printf.c         0x00000000   Number         0  printf8.o ABSOLUTE
    ../clib/microlib/printf/printf.c         0x00000000   Number         0  printfa.o ABSOLUTE
    ../clib/microlib/printf/printf.c         0x00000000   Number         0  printfb.o ABSOLUTE
    ../clib/microlib/printf/printf.c         0x00000000   Number         0  printf0.o ABSOLUTE
    ../clib/microlib/printf/printf.c         0x00000000   Number         0  printf1.o ABSOLUTE
    ../clib/microlib/printf/printf.c         0x00000000   Number         0  printf2.o ABSOLUTE
    ../clib/microlib/printf/printf.c         0x00000000   Number         0  printf3.o ABSOLUTE
    ../clib/microlib/printf/printf.c         0x00000000   Number         0  printf4.o ABSOLUTE
    ../clib/microlib/printf/printf.c         0x00000000   Number         0  printf5.o ABSOLUTE
    ../clib/microlib/printf/printf.c         0x00000000   Number         0  printf6.o ABSOLUTE
    ../clib/microlib/printf/stubs.s          0x00000000   Number         0  stubs.o ABSOLUTE
    ../clib/microlib/stdio/streams.c         0x00000000   Number         0  stdout.o ABSOLUTE
    ../clib/microlib/string/memcpy.c         0x00000000   Number         0  memcpyb.o ABSOLUTE
    ../clib/microlib/string/memcpy.c         0x00000000   Number         0  memcpya.o ABSOLUTE
    ../clib/microlib/string/memset.c         0x00000000   Number         0  memseta.o ABSOLUTE
    ../clib/microlib/string/strlen.c         0x00000000   Number         0  strlen.o ABSOLUTE
    ../clib/microlib/stubs.s                 0x00000000   Number         0  iusefp.o ABSOLUTE
    ../fplib/microlib/fpadd.c                0x00000000   Number         0  dadd.o ABSOLUTE
    ../fplib/microlib/fpdiv.c                0x00000000   Number         0  ddiv.o ABSOLUTE
    ../fplib/microlib/fpepilogue.c           0x00000000   Number         0  depilogue.o ABSOLUTE
    ../fplib/microlib/fpfix.c                0x00000000   Number         0  dfixul.o ABSOLUTE
    ../fplib/microlib/fpmul.c                0x00000000   Number         0  dmul.o ABSOLUTE
    .\Driver\Src\hw_485.c                    0x00000000   Number         0  hw_485.o ABSOLUTE
    .\Driver\Src\hw_can.c                    0x00000000   Number         0  hw_can.o ABSOLUTE
    .\Driver\Src\hw_uart .c                  0x00000000   Number         0  hw_uart .o ABSOLUTE
    .\FreeRTOS-Kernel\list.c                 0x00000000   Number         0  list.o ABSOLUTE
    .\FreeRTOS-Kernel\portable\MemMang\heap_4.c 0x00000000   Number         0  heap_4.o ABSOLUTE
    .\FreeRTOS-Kernel\portable\RVDS\ARM_CM0\port.c 0x00000000   Number         0  port.o ABSOLUTE
    .\FreeRTOS-Kernel\queue.c                0x00000000   Number         0  queue.o ABSOLUTE
    .\FreeRTOS-Kernel\tasks.c                0x00000000   Number         0  tasks.o ABSOLUTE
    .\FreeRTOS-Kernel\timers.c               0x00000000   Number         0  timers.o ABSOLUTE
    .\LKS32MC08x_Periph_Driver\Source\lks32mc08x_DMA.c 0x00000000   Number         0  lks32mc08x_DMA.o ABSOLUTE
    .\LKS32MC08x_Periph_Driver\Source\lks32mc08x_can.c 0x00000000   Number         0  lks32mc08x_can.o ABSOLUTE
    .\LKS32MC08x_Periph_Driver\Source\lks32mc08x_exti.c 0x00000000   Number         0  lks32mc08x_exti.o ABSOLUTE
    .\LKS32MC08x_Periph_Driver\Source\lks32mc08x_gpio.c 0x00000000   Number         0  lks32mc08x_gpio.o ABSOLUTE
    .\LKS32MC08x_Periph_Driver\Source\lks32mc08x_iwdg.c 0x00000000   Number         0  lks32mc08x_iwdg.o ABSOLUTE
    .\LKS32MC08x_Periph_Driver\Source\lks32mc08x_sys.c 0x00000000   Number         0  lks32mc08x_sys.o ABSOLUTE
    .\LKS32MC08x_Periph_Driver\Source\lks32mc08x_tim.c 0x00000000   Number         0  lks32mc08x_tim.o ABSOLUTE
    .\LKS32MC08x_Periph_Driver\Source\lks32mc08x_uart.c 0x00000000   Number         0  lks32mc08x_uart.o ABSOLUTE
    .\LKS32MC08x_Periph_Driver\Source\startup_lks32mc08x.s 0x00000000   Number         0  startup_lks32mc08x.o ABSOLUTE
    .\SEGGER_RTT_V764b\RTT\SEGGER_RTT.c      0x00000000   Number         0  SEGGER_RTT.o ABSOLUTE
    .\SEGGER_RTT_V764b\RTT\SEGGER_RTT_printf.c 0x00000000   Number         0  SEGGER_RTT_printf.o ABSOLUTE
    .\System\Src\common.c                    0x00000000   Number         0  common.o ABSOLUTE
    .\System\Src\freertos.c                  0x00000000   Number         0  freertos.o ABSOLUTE
    .\System\Src\hardware_init.c             0x00000000   Number         0  hardware_init.o ABSOLUTE
    .\System\Src\interrupt.c                 0x00000000   Number         0  interrupt.o ABSOLUTE
    .\System\Src\main.c                      0x00000000   Number         0  main.o ABSOLUTE
    .\\Driver\\Src\\hw_485.c                 0x00000000   Number         0  hw_485.o ABSOLUTE
    .\\Driver\\Src\\hw_can.c                 0x00000000   Number         0  hw_can.o ABSOLUTE
    .\\Driver\\Src\\hw_uart .c               0x00000000   Number         0  hw_uart .o ABSOLUTE
    .\\FreeRTOS-Kernel\\list.c               0x00000000   Number         0  list.o ABSOLUTE
    .\\FreeRTOS-Kernel\\portable\\MemMang\\heap_4.c 0x00000000   Number         0  heap_4.o ABSOLUTE
    .\\FreeRTOS-Kernel\\portable\\RVDS\\ARM_CM0\\port.c 0x00000000   Number         0  port.o ABSOLUTE
    .\\FreeRTOS-Kernel\\queue.c              0x00000000   Number         0  queue.o ABSOLUTE
    .\\FreeRTOS-Kernel\\tasks.c              0x00000000   Number         0  tasks.o ABSOLUTE
    .\\FreeRTOS-Kernel\\timers.c             0x00000000   Number         0  timers.o ABSOLUTE
    .\\LKS32MC08x_Periph_Driver\\Source\\lks32mc08x_DMA.c 0x00000000   Number         0  lks32mc08x_DMA.o ABSOLUTE
    .\\LKS32MC08x_Periph_Driver\\Source\\lks32mc08x_can.c 0x00000000   Number         0  lks32mc08x_can.o ABSOLUTE
    .\\LKS32MC08x_Periph_Driver\\Source\\lks32mc08x_exti.c 0x00000000   Number         0  lks32mc08x_exti.o ABSOLUTE
    .\\LKS32MC08x_Periph_Driver\\Source\\lks32mc08x_gpio.c 0x00000000   Number         0  lks32mc08x_gpio.o ABSOLUTE
    .\\LKS32MC08x_Periph_Driver\\Source\\lks32mc08x_iwdg.c 0x00000000   Number         0  lks32mc08x_iwdg.o ABSOLUTE
    .\\LKS32MC08x_Periph_Driver\\Source\\lks32mc08x_sys.c 0x00000000   Number         0  lks32mc08x_sys.o ABSOLUTE
    .\\LKS32MC08x_Periph_Driver\\Source\\lks32mc08x_tim.c 0x00000000   Number         0  lks32mc08x_tim.o ABSOLUTE
    .\\LKS32MC08x_Periph_Driver\\Source\\lks32mc08x_uart.c 0x00000000   Number         0  lks32mc08x_uart.o ABSOLUTE
    .\\System\\Src\\common.c                 0x00000000   Number         0  common.o ABSOLUTE
    .\\System\\Src\\freertos.c               0x00000000   Number         0  freertos.o ABSOLUTE
    .\\System\\Src\\hardware_init.c          0x00000000   Number         0  hardware_init.o ABSOLUTE
    .\\System\\Src\\interrupt.c              0x00000000   Number         0  interrupt.o ABSOLUTE
    .\\System\\Src\\main.c                   0x00000000   Number         0  main.o ABSOLUTE
    cdrcmple.s                               0x00000000   Number         0  cdrcmple.o ABSOLUTE
    dc.s                                     0x00000000   Number         0  dc.o ABSOLUTE
    handlers.s                               0x00000000   Number         0  handlers.o ABSOLUTE
    init.s                                   0x00000000   Number         0  init.o ABSOLUTE
    .ARM.Collect$$$$00000000                 0x000000c0   Section        0  entry.o(.ARM.Collect$$$$00000000)
    .ARM.Collect$$$$00000001                 0x000000c0   Section        4  entry2.o(.ARM.Collect$$$$00000001)
    .ARM.Collect$$$$00000004                 0x000000c4   Section        4  entry5.o(.ARM.Collect$$$$00000004)
    .ARM.Collect$$$$00000008                 0x000000c8   Section        0  entry7b.o(.ARM.Collect$$$$00000008)
    .ARM.Collect$$$$0000000A                 0x000000c8   Section        0  entry8b.o(.ARM.Collect$$$$0000000A)
    .ARM.Collect$$$$0000000B                 0x000000c8   Section        8  entry9a.o(.ARM.Collect$$$$0000000B)
    .ARM.Collect$$$$0000000E                 0x000000d0   Section        4  entry12b.o(.ARM.Collect$$$$0000000E)
    .ARM.Collect$$$$0000000F                 0x000000d4   Section        0  entry10a.o(.ARM.Collect$$$$0000000F)
    .ARM.Collect$$$$00000011                 0x000000d4   Section        0  entry11a.o(.ARM.Collect$$$$00000011)
    .ARM.Collect$$$$00002712                 0x000000d4   Section        4  entry2.o(.ARM.Collect$$$$00002712)
    __lit__00000000                          0x000000d4   Data           4  entry2.o(.ARM.Collect$$$$00002712)
    .emb_text                                0x000000d8   Section      120  port.o(.emb_text)
    .text                                    0x00000150   Section       40  startup_lks32mc08x.o(.text)
    .text                                    0x00000178   Section        0  uidiv.o(.text)
    .text                                    0x000001a4   Section        0  ldiv.o(.text)
    .text                                    0x000001f0   Section        0  memcpya.o(.text)
    .text                                    0x00000214   Section        0  memseta.o(.text)
    .text                                    0x00000238   Section        0  uldiv.o(.text)
    .text                                    0x00000298   Section       36  init.o(.text)
    .text                                    0x000002bc   Section        0  llshl.o(.text)
    .text                                    0x000002dc   Section        0  llushr.o(.text)
    i.ADC0_IRQHandler                        0x000002fe   Section        0  interrupt.o(i.ADC0_IRQHandler)
    i.CANTaskFunc                            0x00000300   Section        0  freertos.o(i.CANTaskFunc)
    CANTaskFunc                              0x00000301   Thumb Code    10  freertos.o(i.CANTaskFunc)
    i.CAN_GetIRQFlag                         0x0000030c   Section        0  lks32mc08x_can.o(i.CAN_GetIRQFlag)
    i.CAN_Init                               0x00000318   Section        0  lks32mc08x_can.o(i.CAN_Init)
    i.CAN_StructInit                         0x00000364   Section        0  lks32mc08x_can.o(i.CAN_StructInit)
    i.CMP_IRQHandler                         0x0000037c   Section        0  interrupt.o(i.CMP_IRQHandler)
    i.CheckSum                               0x0000037e   Section        0  common.o(i.CheckSum)
    i.Clock_Init                             0x000003ac   Section        0  hardware_init.o(i.Clock_Init)
    i.DMA_CHx_EN                             0x000003e0   Section        0  lks32mc08x_DMA.o(i.DMA_CHx_EN)
    i.DMA_IRQHandler                         0x000003f8   Section        0  interrupt.o(i.DMA_IRQHandler)
    i.DMA_Init                               0x000003fc   Section        0  lks32mc08x_DMA.o(i.DMA_Init)
    i.DMA_StructInit                         0x00000450   Section        0  lks32mc08x_DMA.o(i.DMA_StructInit)
    i.ENCODER0_IRQHandler                    0x0000045e   Section        0  interrupt.o(i.ENCODER0_IRQHandler)
    i.ENCODER1_IRQHandler                    0x00000460   Section        0  interrupt.o(i.ENCODER1_IRQHandler)
    i.GPIO_IRQHandler                        0x00000462   Section        0  interrupt.o(i.GPIO_IRQHandler)
    i.GPIO_Init                              0x00000464   Section        0  lks32mc08x_gpio.o(i.GPIO_Init)
    i.GPIO_PinAFConfig                       0x0000052c   Section        0  lks32mc08x_gpio.o(i.GPIO_PinAFConfig)
    i.GPIO_ReadOutputDataBit                 0x00000638   Section        0  lks32mc08x_gpio.o(i.GPIO_ReadOutputDataBit)
    i.GPIO_ResetBits                         0x0000064c   Section        0  lks32mc08x_gpio.o(i.GPIO_ResetBits)
    i.GPIO_SetBits                           0x0000065e   Section        0  lks32mc08x_gpio.o(i.GPIO_SetBits)
    i.GPIO_StructInit                        0x00000670   Section        0  lks32mc08x_gpio.o(i.GPIO_StructInit)
    i.GPIO_WriteBit                          0x0000067c   Section        0  lks32mc08x_gpio.o(i.GPIO_WriteBit)
    i.HALL_IRQHandler                        0x00000690   Section        0  interrupt.o(i.HALL_IRQHandler)
    i.HW_485TransmitFrame                    0x00000694   Section        0  hw_485.o(i.HW_485TransmitFrame)
    i.HW_485_GPIO_Init                       0x00000734   Section        0  hw_485.o(i.HW_485_GPIO_Init)
    i.HW_485_Init                            0x000007b0   Section        0  hw_485.o(i.HW_485_Init)
    i.HW_485_UART_Init                       0x0000080c   Section        0  hw_485.o(i.HW_485_UART_Init)
    i.HW_CAN_DMA_RX                          0x00000840   Section        0  hw_can.o(i.HW_CAN_DMA_RX)
    i.HW_CAN_GPIO_Init                       0x000008bc   Section        0  hw_can.o(i.HW_CAN_GPIO_Init)
    i.HW_CAN_Init                            0x00000928   Section        0  hw_can.o(i.HW_CAN_Init)
    i.HW_FsmCrash                            0x00000988   Section        0  hw_485.o(i.HW_FsmCrash)
    HW_FsmCrash                              0x00000989   Thumb Code    40  hw_485.o(i.HW_FsmCrash)
    i.HW_FsmRunningFunc                      0x000009c8   Section        0  hw_485.o(i.HW_FsmRunningFunc)
    i.HW_FsmStateTable_Init                  0x00000a28   Section        0  hw_485.o(i.HW_FsmStateTable_Init)
    i.HW_GetCurEvent                         0x00000ad8   Section        0  hw_485.o(i.HW_GetCurEvent)
    HW_GetCurEvent                           0x00000ad9   Thumb Code   176  hw_485.o(i.HW_GetCurEvent)
    i.HW_GetCurState                         0x00000b8c   Section        0  hw_485.o(i.HW_GetCurState)
    HW_GetCurState                           0x00000b8d   Thumb Code     6  hw_485.o(i.HW_GetCurState)
    i.HW_NVIC_Init                           0x00000b98   Section        0  hardware_init.o(i.HW_NVIC_Init)
    i.HW_SetCurState                         0x00000bb8   Section        0  hw_485.o(i.HW_SetCurState)
    HW_SetCurState                           0x00000bb9   Thumb Code     8  hw_485.o(i.HW_SetCurState)
    i.HW_SysLed_Init                         0x00000bc4   Section        0  hardware_init.o(i.HW_SysLed_Init)
    HW_SysLed_Init                           0x00000bc5   Thumb Code    34  hardware_init.o(i.HW_SysLed_Init)
    i.HW_SysTick_Config                      0x00000bec   Section        0  hardware_init.o(i.HW_SysTick_Config)
    i.HW_TimeoutTimer_Init                   0x00000c44   Section        0  hw_485.o(i.HW_TimeoutTimer_Init)
    i.HW_UARTSendBytes                       0x00000c78   Section        0  hw_uart .o(i.HW_UARTSendBytes)
    i.HW_UART_DMA_Init                       0x00000cd0   Section        0  hw_uart .o(i.HW_UART_DMA_Init)
    i.HW_UART_GPIO_Init                      0x00000d24   Section        0  hw_uart .o(i.HW_UART_GPIO_Init)
    i.HW_UART_Init                           0x00000d70   Section        0  hw_uart .o(i.HW_UART_Init)
    i.HardFault_Handler                      0x00000da4   Section        0  interrupt.o(i.HardFault_Handler)
    i.Hardware_Init                          0x00000dc0   Section        0  hardware_init.o(i.Hardware_Init)
    i.I2C0_IRQHandler                        0x00000e68   Section        0  interrupt.o(i.I2C0_IRQHandler)
    i.Invers_GPIO                            0x00000e6a   Section        0  hardware_init.o(i.Invers_GPIO)
    i.LKS_FREERTOS_Init                      0x00000e98   Section        0  freertos.o(i.LKS_FREERTOS_Init)
    i.MCPWM_IRQHandler                       0x0000109c   Section        0  interrupt.o(i.MCPWM_IRQHandler)
    i.NMI_Handler                            0x0000109e   Section        0  interrupt.o(i.NMI_Handler)
    i.RS485TaskFunc                          0x000010a4   Section        0  freertos.o(i.RS485TaskFunc)
    RS485TaskFunc                            0x000010a5   Thumb Code    24  freertos.o(i.RS485TaskFunc)
    i.SEGGER_RTT_Init                        0x000010c0   Section        0  SEGGER_RTT.o(i.SEGGER_RTT_Init)
    i.SEGGER_RTT_PutChar                     0x000010c8   Section        0  SEGGER_RTT.o(i.SEGGER_RTT_PutChar)
    i.SFF_ID_Filter                          0x00001144   Section        0  lks32mc08x_can.o(i.SFF_ID_Filter)
    i.SPI0_IRQHandler                        0x000011c0   Section        0  interrupt.o(i.SPI0_IRQHandler)
    i.SVC_Handler                            0x000011c2   Section        0  port.o(i.SVC_Handler)
    i.SYS_ModuleClockCmd                     0x000011c4   Section        0  lks32mc08x_sys.o(i.SYS_ModuleClockCmd)
    i.SoftDelay                              0x000011f4   Section        0  hardware_init.o(i.SoftDelay)
    i.SysLEDTimerCallback                    0x0000120c   Section        0  freertos.o(i.SysLEDTimerCallback)
    SysLEDTimerCallback                      0x0000120d   Thumb Code    14  freertos.o(i.SysLEDTimerCallback)
    i.SysTick_Handler                        0x00001220   Section        0  interrupt.o(i.SysTick_Handler)
    i.SystemInit                             0x00001230   Section        0  hardware_init.o(i.SystemInit)
    i.TIM_TimerCmd                           0x00001238   Section        0  lks32mc08x_tim.o(i.TIM_TimerCmd)
    i.TIM_TimerInit                          0x0000130c   Section        0  lks32mc08x_tim.o(i.TIM_TimerInit)
    i.TIM_TimerStrutInit                     0x00001478   Section        0  lks32mc08x_tim.o(i.TIM_TimerStrutInit)
    i.UART0_IRQHandler                       0x000014a0   Section        0  interrupt.o(i.UART0_IRQHandler)
    i.UART1_IRQHandler                       0x0000155c   Section        0  interrupt.o(i.UART1_IRQHandler)
    i.UART_ClearIRQFlag                      0x0000155e   Section        0  lks32mc08x_uart.o(i.UART_ClearIRQFlag)
    i.UART_Init                              0x00001564   Section        0  lks32mc08x_uart.o(i.UART_Init)
    i.UART_SendData                          0x00001668   Section        0  lks32mc08x_uart.o(i.UART_SendData)
    i.UART_StructInit                        0x0000166c   Section        0  lks32mc08x_uart.o(i.UART_StructInit)
    i.UTIMER0_IRQHandler                     0x0000168c   Section        0  interrupt.o(i.UTIMER0_IRQHandler)
    i.UTIMER1_IRQHandler                     0x000016c4   Section        0  interrupt.o(i.UTIMER1_IRQHandler)
    i.UTIMER2_IRQHandler                     0x000016c6   Section        0  interrupt.o(i.UTIMER2_IRQHandler)
    i.UTIMER3_IRQHandler                     0x000016c8   Section        0  interrupt.o(i.UTIMER3_IRQHandler)
    i._DoInit                                0x000016cc   Section        0  SEGGER_RTT.o(i._DoInit)
    _DoInit                                  0x000016cd   Thumb Code    80  SEGGER_RTT.o(i._DoInit)
    i.__0printf$8                            0x00001738   Section        0  printf8.o(i.__0printf$8)
    i.__ARM_common_switch8                   0x00001758   Section        0  hw_485.o(i.__ARM_common_switch8)
    i.__NVIC_EnableIRQ                       0x00001774   Section        0  hardware_init.o(i.__NVIC_EnableIRQ)
    __NVIC_EnableIRQ                         0x00001775   Thumb Code    26  hardware_init.o(i.__NVIC_EnableIRQ)
    i.__NVIC_SetPriority                     0x00001794   Section        0  hardware_init.o(i.__NVIC_SetPriority)
    __NVIC_SetPriority                       0x00001795   Thumb Code   110  hardware_init.o(i.__NVIC_SetPriority)
    i.__scatterload_copy                     0x0000180c   Section       14  handlers.o(i.__scatterload_copy)
    i.__scatterload_null                     0x0000181a   Section        2  handlers.o(i.__scatterload_null)
    i.__scatterload_zeroinit                 0x0000181c   Section       14  handlers.o(i.__scatterload_zeroinit)
    i._printf_core                           0x0000182c   Section        0  printf8.o(i._printf_core)
    _printf_core                             0x0000182d   Thumb Code  1020  printf8.o(i._printf_core)
    i._printf_post_padding                   0x00001c54   Section        0  printf8.o(i._printf_post_padding)
    _printf_post_padding                     0x00001c55   Thumb Code    32  printf8.o(i._printf_post_padding)
    i._printf_pre_padding                    0x00001c74   Section        0  printf8.o(i._printf_pre_padding)
    _printf_pre_padding                      0x00001c75   Thumb Code    44  printf8.o(i._printf_pre_padding)
    i.fputc                                  0x00001ca0   Section        0  hardware_init.o(i.fputc)
    i.fsmActionData1                         0x00001cb4   Section        0  hw_485.o(i.fsmActionData1)
    fsmActionData1                           0x00001cb5   Thumb Code    30  hw_485.o(i.fsmActionData1)
    i.fsmActionData2                         0x00001cd8   Section        0  hw_485.o(i.fsmActionData2)
    fsmActionData2                           0x00001cd9   Thumb Code    56  hw_485.o(i.fsmActionData2)
    i.fsmActionDst                           0x00001d20   Section        0  hw_485.o(i.fsmActionDst)
    fsmActionDst                             0x00001d21   Thumb Code    46  hw_485.o(i.fsmActionDst)
    i.fsmActionError                         0x00001d54   Section        0  hw_485.o(i.fsmActionError)
    fsmActionError                           0x00001d55   Thumb Code    44  hw_485.o(i.fsmActionError)
    i.fsmActionHead                          0x00001d84   Section        0  hw_485.o(i.fsmActionHead)
    fsmActionHead                            0x00001d85   Thumb Code    64  hw_485.o(i.fsmActionHead)
    i.fsmActionIdle                          0x00001dc8   Section        0  hw_485.o(i.fsmActionIdle)
    fsmActionIdle                            0x00001dc9   Thumb Code    44  hw_485.o(i.fsmActionIdle)
    i.fsmActionLen                           0x00001df8   Section        0  hw_485.o(i.fsmActionLen)
    fsmActionLen                             0x00001df9   Thumb Code    32  hw_485.o(i.fsmActionLen)
    i.fsmActionParity                        0x00001e1c   Section        0  hw_485.o(i.fsmActionParity)
    fsmActionParity                          0x00001e1d   Thumb Code    44  hw_485.o(i.fsmActionParity)
    i.fsmActionSrc                           0x00001e4c   Section        0  hw_485.o(i.fsmActionSrc)
    fsmActionSrc                             0x00001e4d   Thumb Code    46  hw_485.o(i.fsmActionSrc)
    i.fsmActionType                          0x00001e80   Section        0  hw_485.o(i.fsmActionType)
    fsmActionType                            0x00001e81   Thumb Code    46  hw_485.o(i.fsmActionType)
    i.main                                   0x00001eb4   Section        0  main.o(i.main)
    i.prvAddCurrentTaskToDelayedList         0x00001f04   Section        0  tasks.o(i.prvAddCurrentTaskToDelayedList)
    prvAddCurrentTaskToDelayedList           0x00001f05   Thumb Code   140  tasks.o(i.prvAddCurrentTaskToDelayedList)
    i.prvAddNewTaskToReadyList               0x00001fa8   Section        0  tasks.o(i.prvAddNewTaskToReadyList)
    prvAddNewTaskToReadyList                 0x00001fa9   Thumb Code   184  tasks.o(i.prvAddNewTaskToReadyList)
    i.prvCheckForValidListAndQueue           0x00002078   Section        0  timers.o(i.prvCheckForValidListAndQueue)
    prvCheckForValidListAndQueue             0x00002079   Thumb Code    58  timers.o(i.prvCheckForValidListAndQueue)
    i.prvCheckTasksWaitingTermination        0x000020c8   Section        0  tasks.o(i.prvCheckTasksWaitingTermination)
    prvCheckTasksWaitingTermination          0x000020c9   Thumb Code    60  tasks.o(i.prvCheckTasksWaitingTermination)
    i.prvCopyDataFromQueue                   0x00002110   Section        0  queue.o(i.prvCopyDataFromQueue)
    prvCopyDataFromQueue                     0x00002111   Thumb Code    44  queue.o(i.prvCopyDataFromQueue)
    i.prvCopyDataToQueue                     0x0000213c   Section        0  queue.o(i.prvCopyDataToQueue)
    prvCopyDataToQueue                       0x0000213d   Thumb Code   128  queue.o(i.prvCopyDataToQueue)
    i.prvDeleteTCB                           0x000021bc   Section        0  tasks.o(i.prvDeleteTCB)
    prvDeleteTCB                             0x000021bd   Thumb Code    18  tasks.o(i.prvDeleteTCB)
    i.prvGetNextExpireTime                   0x000021d0   Section        0  timers.o(i.prvGetNextExpireTime)
    prvGetNextExpireTime                     0x000021d1   Thumb Code    40  timers.o(i.prvGetNextExpireTime)
    i.prvHeapInit                            0x000021fc   Section        0  heap_4.o(i.prvHeapInit)
    prvHeapInit                              0x000021fd   Thumb Code    92  heap_4.o(i.prvHeapInit)
    i.prvIdleTask                            0x0000226c   Section        0  tasks.o(i.prvIdleTask)
    prvIdleTask                              0x0000226d   Thumb Code    20  tasks.o(i.prvIdleTask)
    i.prvInitialiseNewQueue                  0x00002284   Section        0  queue.o(i.prvInitialiseNewQueue)
    prvInitialiseNewQueue                    0x00002285   Thumb Code    34  queue.o(i.prvInitialiseNewQueue)
    i.prvInitialiseNewTask                   0x000022a6   Section        0  tasks.o(i.prvInitialiseNewTask)
    prvInitialiseNewTask                     0x000022a7   Thumb Code   174  tasks.o(i.prvInitialiseNewTask)
    i.prvInitialiseNewTimer                  0x00002354   Section        0  timers.o(i.prvInitialiseNewTimer)
    prvInitialiseNewTimer                    0x00002355   Thumb Code    74  timers.o(i.prvInitialiseNewTimer)
    i.prvInitialiseTaskLists                 0x000023a0   Section        0  tasks.o(i.prvInitialiseTaskLists)
    prvInitialiseTaskLists                   0x000023a1   Thumb Code    68  tasks.o(i.prvInitialiseTaskLists)
    i.prvInsertBlockIntoFreeList             0x00002404   Section        0  heap_4.o(i.prvInsertBlockIntoFreeList)
    prvInsertBlockIntoFreeList               0x00002405   Thumb Code    96  heap_4.o(i.prvInsertBlockIntoFreeList)
    i.prvInsertTimerInActiveList             0x0000246c   Section        0  timers.o(i.prvInsertTimerInActiveList)
    prvInsertTimerInActiveList               0x0000246d   Thumb Code    76  timers.o(i.prvInsertTimerInActiveList)
    i.prvIsQueueEmpty                        0x000024c0   Section        0  queue.o(i.prvIsQueueEmpty)
    prvIsQueueEmpty                          0x000024c1   Thumb Code    28  queue.o(i.prvIsQueueEmpty)
    i.prvIsQueueFull                         0x000024dc   Section        0  queue.o(i.prvIsQueueFull)
    prvIsQueueFull                           0x000024dd   Thumb Code    30  queue.o(i.prvIsQueueFull)
    i.prvProcessExpiredTimer                 0x000024fc   Section        0  timers.o(i.prvProcessExpiredTimer)
    prvProcessExpiredTimer                   0x000024fd   Thumb Code    64  timers.o(i.prvProcessExpiredTimer)
    i.prvProcessReceivedCommands             0x00002540   Section        0  timers.o(i.prvProcessReceivedCommands)
    prvProcessReceivedCommands               0x00002541   Thumb Code   278  timers.o(i.prvProcessReceivedCommands)
    i.prvProcessTimerOrBlockTask             0x0000265c   Section        0  timers.o(i.prvProcessTimerOrBlockTask)
    prvProcessTimerOrBlockTask               0x0000265d   Thumb Code   100  timers.o(i.prvProcessTimerOrBlockTask)
    i.prvReloadTimer                         0x000026c8   Section        0  timers.o(i.prvReloadTimer)
    prvReloadTimer                           0x000026c9   Thumb Code    40  timers.o(i.prvReloadTimer)
    i.prvResetNextTaskUnblockTime            0x000026f0   Section        0  tasks.o(i.prvResetNextTaskUnblockTime)
    prvResetNextTaskUnblockTime              0x000026f1   Thumb Code    44  tasks.o(i.prvResetNextTaskUnblockTime)
    i.prvSampleTimeNow                       0x00002724   Section        0  timers.o(i.prvSampleTimeNow)
    prvSampleTimeNow                         0x00002725   Thumb Code    40  timers.o(i.prvSampleTimeNow)
    i.prvSwitchTimerLists                    0x00002750   Section        0  timers.o(i.prvSwitchTimerLists)
    prvSwitchTimerLists                      0x00002751   Thumb Code    60  timers.o(i.prvSwitchTimerLists)
    i.prvTaskExitError                       0x00002794   Section        0  port.o(i.prvTaskExitError)
    prvTaskExitError                         0x00002795   Thumb Code    32  port.o(i.prvTaskExitError)
    i.prvTimerTask                           0x000027b8   Section        0  timers.o(i.prvTimerTask)
    prvTimerTask                             0x000027b9   Thumb Code    26  timers.o(i.prvTimerTask)
    i.prvUnlockQueue                         0x000027d2   Section        0  queue.o(i.prvUnlockQueue)
    prvUnlockQueue                           0x000027d3   Thumb Code   142  queue.o(i.prvUnlockQueue)
    i.pvPortMalloc                           0x00002860   Section        0  heap_4.o(i.pvPortMalloc)
    i.pxPortInitialiseStack                  0x00002980   Section        0  port.o(i.pxPortInitialiseStack)
    i.uxListRemove                           0x000029a0   Section        0  list.o(i.uxListRemove)
    i.uxTaskGetNumberOfTasks                 0x000029c8   Section        0  tasks.o(i.uxTaskGetNumberOfTasks)
    i.vListInitialise                        0x000029d4   Section        0  list.o(i.vListInitialise)
    i.vListInitialiseItem                    0x000029ee   Section        0  list.o(i.vListInitialiseItem)
    i.vListInsert                            0x000029f4   Section        0  list.o(i.vListInsert)
    i.vPortEnterCritical                     0x00002a2c   Section        0  port.o(i.vPortEnterCritical)
    i.vPortExitCritical                      0x00002a48   Section        0  port.o(i.vPortExitCritical)
    i.vPortFree                              0x00002a70   Section        0  heap_4.o(i.vPortFree)
    i.vPortSetupTimerInterrupt               0x00002ae8   Section        0  port.o(i.vPortSetupTimerInterrupt)
    i.vPortYield                             0x00002b14   Section        0  port.o(i.vPortYield)
    i.vQueueWaitForMessageRestricted         0x00002b2c   Section        0  queue.o(i.vQueueWaitForMessageRestricted)
    i.vTaskDelay                             0x00002b78   Section        0  tasks.o(i.vTaskDelay)
    i.vTaskInternalSetTimeOutState           0x00002bbc   Section        0  tasks.o(i.vTaskInternalSetTimeOutState)
    i.vTaskMissedYield                       0x00002bd4   Section        0  tasks.o(i.vTaskMissedYield)
    i.vTaskPlaceOnEventList                  0x00002be0   Section        0  tasks.o(i.vTaskPlaceOnEventList)
    i.vTaskPlaceOnEventListRestricted        0x00002c0c   Section        0  tasks.o(i.vTaskPlaceOnEventListRestricted)
    i.vTaskStartScheduler                    0x00002c64   Section        0  tasks.o(i.vTaskStartScheduler)
    i.vTaskSuspendAll                        0x00002ce4   Section        0  tasks.o(i.vTaskSuspendAll)
    i.vTaskSwitchContext                     0x00002cf4   Section        0  tasks.o(i.vTaskSwitchContext)
    i.xPortStartScheduler                    0x00002d74   Section        0  port.o(i.xPortStartScheduler)
    i.xPortSysTickHandler                    0x00002dac   Section        0  port.o(i.xPortSysTickHandler)
    i.xQueueGenericCreate                    0x00002dd0   Section        0  queue.o(i.xQueueGenericCreate)
    i.xQueueGenericReset                     0x00002e32   Section        0  queue.o(i.xQueueGenericReset)
    i.xQueueGenericSend                      0x00002ee8   Section        0  queue.o(i.xQueueGenericSend)
    i.xQueueGenericSendFromISR               0x00003042   Section        0  queue.o(i.xQueueGenericSendFromISR)
    i.xQueueReceive                          0x00003120   Section        0  queue.o(i.xQueueReceive)
    i.xTaskCheckForTimeOut                   0x00003258   Section        0  tasks.o(i.xTaskCheckForTimeOut)
    i.xTaskCreate                            0x000032d0   Section        0  tasks.o(i.xTaskCreate)
    i.xTaskGetSchedulerState                 0x00003334   Section        0  tasks.o(i.xTaskGetSchedulerState)
    i.xTaskGetTickCount                      0x00003358   Section        0  tasks.o(i.xTaskGetTickCount)
    i.xTaskIncrementTick                     0x00003364   Section        0  tasks.o(i.xTaskIncrementTick)
    i.xTaskPriorityDisinherit                0x0000350c   Section        0  tasks.o(i.xTaskPriorityDisinherit)
    i.xTaskRemoveFromEventList               0x000035c0   Section        0  tasks.o(i.xTaskRemoveFromEventList)
    i.xTaskResumeAll                         0x000036c8   Section        0  tasks.o(i.xTaskResumeAll)
    i.xTimerCreate                           0x00003824   Section        0  timers.o(i.xTimerCreate)
    i.xTimerCreateTimerTask                  0x00003858   Section        0  timers.o(i.xTimerCreateTimerTask)
    i.xTimerGenericCommand                   0x000038a0   Section        0  timers.o(i.xTimerGenericCommand)
    i.xTimerGetPeriod                        0x00003914   Section        0  timers.o(i.xTimerGetPeriod)
    .constdata                               0x00003926   Section       17  SEGGER_RTT.o(.constdata)
    _aInitStr                                0x00003926   Data          17  SEGGER_RTT.o(.constdata)
    .data                                    0x20000000   Section       17  hw_485.o(.data)
    tmpState                                 0x2000000f   Data           1  hw_485.o(.data)
    tmpEvent                                 0x20000010   Data           1  hw_485.o(.data)
    .data                                    0x20000011   Section        1  hw_uart .o(.data)
    .data                                    0x20000014   Section       28  heap_4.o(.data)
    xStart                                   0x20000014   Data           8  heap_4.o(.data)
    pxEnd                                    0x2000001c   Data           4  heap_4.o(.data)
    xFreeBytesRemaining                      0x20000020   Data           4  heap_4.o(.data)
    xMinimumEverFreeBytesRemaining           0x20000024   Data           4  heap_4.o(.data)
    xNumberOfSuccessfulAllocations           0x20000028   Data           4  heap_4.o(.data)
    xNumberOfSuccessfulFrees                 0x2000002c   Data           4  heap_4.o(.data)
    .data                                    0x20000030   Section        4  port.o(.data)
    uxCriticalNesting                        0x20000030   Data           4  port.o(.data)
    .data                                    0x20000034   Section       64  tasks.o(.data)
    pxDelayedTaskList                        0x20000038   Data           4  tasks.o(.data)
    pxOverflowDelayedTaskList                0x2000003c   Data           4  tasks.o(.data)
    uxDeletedTasksWaitingCleanUp             0x20000040   Data           4  tasks.o(.data)
    uxCurrentNumberOfTasks                   0x20000044   Data           4  tasks.o(.data)
    xTickCount                               0x20000048   Data           4  tasks.o(.data)
    uxTopReadyPriority                       0x2000004c   Data           4  tasks.o(.data)
    xSchedulerRunning                        0x20000050   Data           4  tasks.o(.data)
    xPendedTicks                             0x20000054   Data           4  tasks.o(.data)
    xYieldPending                            0x20000058   Data           4  tasks.o(.data)
    xNumOfOverflows                          0x2000005c   Data           4  tasks.o(.data)
    uxTaskNumber                             0x20000060   Data           4  tasks.o(.data)
    xNextTaskUnblockTime                     0x20000064   Data           4  tasks.o(.data)
    xIdleTaskHandle                          0x20000068   Data           4  tasks.o(.data)
    uxSchedulerSuspended                     0x20000070   Data           4  tasks.o(.data)
    .data                                    0x20000074   Section       20  timers.o(.data)
    pxCurrentTimerList                       0x20000074   Data           4  timers.o(.data)
    pxOverflowTimerList                      0x20000078   Data           4  timers.o(.data)
    xTimerQueue                              0x2000007c   Data           4  timers.o(.data)
    xTimerTaskHandle                         0x20000080   Data           4  timers.o(.data)
    xLastTime                                0x20000084   Data           4  timers.o(.data)
    .data                                    0x20000088   Section       20  freertos.o(.data)
    .data                                    0x2000009c   Section        4  hardware_init.o(.data)
    .data                                    0x200000a0   Section        2  interrupt.o(.data)
    .data                                    0x200000a4   Section        4  stdout.o(.data)
    .bss                                     0x200000a8   Section      100  hw_485.o(.bss)
    .bss                                     0x2000010c   Section       55  hw_can.o(.bss)
    .bss                                     0x20000143   Section      128  hw_uart .o(.bss)
    .bss                                     0x200001c3   Section     3072  heap_4.o(.bss)
    ucHeap                                   0x200001c3   Data        3072  heap_4.o(.bss)
    .bss                                     0x20000dc4   Section      240  tasks.o(.bss)
    pxReadyTasksLists                        0x20000dc4   Data         140  tasks.o(.bss)
    xDelayedTaskList1                        0x20000e50   Data          20  tasks.o(.bss)
    xDelayedTaskList2                        0x20000e64   Data          20  tasks.o(.bss)
    xPendingReadyList                        0x20000e78   Data          20  tasks.o(.bss)
    xTasksWaitingTermination                 0x20000e8c   Data          20  tasks.o(.bss)
    xSuspendedTaskList                       0x20000ea0   Data          20  tasks.o(.bss)
    .bss                                     0x20000eb4   Section       40  timers.o(.bss)
    xActiveTimerList1                        0x20000eb4   Data          20  timers.o(.bss)
    xActiveTimerList2                        0x20000ec8   Data          20  timers.o(.bss)
    .bss                                     0x20000edc   Section      312  SEGGER_RTT.o(.bss)
    _acUpBuffer                              0x20000f84   Data         128  SEGGER_RTT.o(.bss)
    _acDownBuffer                            0x20001004   Data          16  SEGGER_RTT.o(.bss)
    STACK                                    0x20001018   Section      512  startup_lks32mc08x.o(STACK)

    Global Symbols

    Symbol Name                              Value     Ov Type        Size  Object(Section)

    BuildAttributes$$THM_ISAv3M$S$PE$A:L22$X:L11$S22$IEEE1$IW$USESV6$~STKCKD$USESV7$~SHL$OSPACE$ROPI$EBA8$MICROLIB$REQ8$PRES8$EABIv2 0x00000000   Number         0  anon$$obj.o ABSOLUTE
    __ARM_use_no_argv                        0x00000000   Number         0  main.o ABSOLUTE
    __Vectors                                0x00000000   Data           4  startup_lks32mc08x.o(RESET)
    _printf_a                                0x00000000   Number         0  stubs.o ABSOLUTE
    _printf_c                                0x00000000   Number         0  stubs.o ABSOLUTE
    _printf_charcount                        0x00000000   Number         0  stubs.o ABSOLUTE
    _printf_d                                0x00000000   Number         0  stubs.o ABSOLUTE
    _printf_e                                0x00000000   Number         0  stubs.o ABSOLUTE
    _printf_f                                0x00000000   Number         0  stubs.o ABSOLUTE
    _printf_flags                            0x00000000   Number         0  stubs.o ABSOLUTE
    _printf_fp_dec                           0x00000000   Number         0  stubs.o ABSOLUTE
    _printf_fp_hex                           0x00000000   Number         0  stubs.o ABSOLUTE
    _printf_g                                0x00000000   Number         0  stubs.o ABSOLUTE
    _printf_i                                0x00000000   Number         0  stubs.o ABSOLUTE
    _printf_int_dec                          0x00000000   Number         0  stubs.o ABSOLUTE
    _printf_l                                0x00000000   Number         0  stubs.o ABSOLUTE
    _printf_lc                               0x00000000   Number         0  stubs.o ABSOLUTE
    _printf_ll                               0x00000000   Number         0  stubs.o ABSOLUTE
    _printf_lld                              0x00000000   Number         0  stubs.o ABSOLUTE
    _printf_lli                              0x00000000   Number         0  stubs.o ABSOLUTE
    _printf_llo                              0x00000000   Number         0  stubs.o ABSOLUTE
    _printf_llu                              0x00000000   Number         0  stubs.o ABSOLUTE
    _printf_llx                              0x00000000   Number         0  stubs.o ABSOLUTE
    _printf_longlong_dec                     0x00000000   Number         0  stubs.o ABSOLUTE
    _printf_longlong_hex                     0x00000000   Number         0  stubs.o ABSOLUTE
    _printf_longlong_oct                     0x00000000   Number         0  stubs.o ABSOLUTE
    _printf_ls                               0x00000000   Number         0  stubs.o ABSOLUTE
    _printf_mbtowc                           0x00000000   Number         0  stubs.o ABSOLUTE
    _printf_n                                0x00000000   Number         0  stubs.o ABSOLUTE
    _printf_o                                0x00000000   Number         0  stubs.o ABSOLUTE
    _printf_p                                0x00000000   Number         0  stubs.o ABSOLUTE
    _printf_percent                          0x00000000   Number         0  stubs.o ABSOLUTE
    _printf_pre_padding                      0x00000000   Number         0  stubs.o ABSOLUTE
    _printf_return_value                     0x00000000   Number         0  stubs.o ABSOLUTE
    _printf_s                                0x00000000   Number         0  stubs.o ABSOLUTE
    _printf_sizespec                         0x00000000   Number         0  stubs.o ABSOLUTE
    _printf_str                              0x00000000   Number         0  stubs.o ABSOLUTE
    _printf_truncate_signed                  0x00000000   Number         0  stubs.o ABSOLUTE
    _printf_truncate_unsigned                0x00000000   Number         0  stubs.o ABSOLUTE
    _printf_u                                0x00000000   Number         0  stubs.o ABSOLUTE
    _printf_wc                               0x00000000   Number         0  stubs.o ABSOLUTE
    _printf_wctomb                           0x00000000   Number         0  stubs.o ABSOLUTE
    _printf_widthprec                        0x00000000   Number         0  stubs.o ABSOLUTE
    _printf_x                                0x00000000   Number         0  stubs.o ABSOLUTE
    __arm_fini_                               - Undefined Weak Reference
    __cpp_initialize__aeabi_                  - Undefined Weak Reference
    __cxa_finalize                            - Undefined Weak Reference
    __decompress                              - Undefined Weak Reference
    _clock_init                               - Undefined Weak Reference
    _microlib_exit                            - Undefined Weak Reference
    __Vectors_End                            0x000000c0   Data           0  startup_lks32mc08x.o(RESET)
    __Vectors_Size                           0x000000c0   Number         0  startup_lks32mc08x.o ABSOLUTE
    __main                                   0x000000c1   Thumb Code     0  entry.o(.ARM.Collect$$$$00000000)
    _main_stk                                0x000000c1   Thumb Code     0  entry2.o(.ARM.Collect$$$$00000001)
    _main_scatterload                        0x000000c5   Thumb Code     0  entry5.o(.ARM.Collect$$$$00000004)
    __main_after_scatterload                 0x000000c9   Thumb Code     0  entry5.o(.ARM.Collect$$$$00000004)
    _main_clock                              0x000000c9   Thumb Code     0  entry7b.o(.ARM.Collect$$$$00000008)
    _main_cpp_init                           0x000000c9   Thumb Code     0  entry8b.o(.ARM.Collect$$$$0000000A)
    _main_init                               0x000000c9   Thumb Code     0  entry9a.o(.ARM.Collect$$$$0000000B)
    __rt_lib_shutdown_fini                   0x000000d1   Thumb Code     0  entry12b.o(.ARM.Collect$$$$0000000E)
    __rt_final_cpp                           0x000000d5   Thumb Code     0  entry10a.o(.ARM.Collect$$$$0000000F)
    __rt_final_exit                          0x000000d5   Thumb Code     0  entry11a.o(.ARM.Collect$$$$00000011)
    __asm___6_port_c_39a90d8d__prvPortStartFirstTask 0x000000d9   Thumb Code    36  port.o(.emb_text)
    ulSetInterruptMaskFromISR                0x00000101   Thumb Code     8  port.o(.emb_text)
    vClearInterruptMaskFromISR               0x00000109   Thumb Code     6  port.o(.emb_text)
    PendSV_Handler                           0x0000010f   Thumb Code    62  port.o(.emb_text)
    Reset_Handler                            0x00000151   Thumb Code    14  startup_lks32mc08x.o(.text)
    CAN_IRQHandler                           0x00000169   Thumb Code     0  startup_lks32mc08x.o(.text)
    DSP_IRQHandler                           0x00000169   Thumb Code     0  startup_lks32mc08x.o(.text)
    PWRDN_IRQHandler                         0x00000169   Thumb Code     0  startup_lks32mc08x.o(.text)
    SIF_IRQHandler                           0x00000169   Thumb Code     0  startup_lks32mc08x.o(.text)
    WAKE_IRQHandler                          0x00000169   Thumb Code     0  startup_lks32mc08x.o(.text)
    __aeabi_uidiv                            0x00000179   Thumb Code     0  uidiv.o(.text)
    __aeabi_uidivmod                         0x00000179   Thumb Code    44  uidiv.o(.text)
    __aeabi_ldivmod                          0x000001a5   Thumb Code    76  ldiv.o(.text)
    __aeabi_memcpy                           0x000001f1   Thumb Code    36  memcpya.o(.text)
    __aeabi_memcpy4                          0x000001f1   Thumb Code     0  memcpya.o(.text)
    __aeabi_memcpy8                          0x000001f1   Thumb Code     0  memcpya.o(.text)
    __aeabi_memset                           0x00000215   Thumb Code    14  memseta.o(.text)
    __aeabi_memset4                          0x00000215   Thumb Code     0  memseta.o(.text)
    __aeabi_memset8                          0x00000215   Thumb Code     0  memseta.o(.text)
    __aeabi_memclr                           0x00000223   Thumb Code     4  memseta.o(.text)
    __aeabi_memclr4                          0x00000223   Thumb Code     0  memseta.o(.text)
    __aeabi_memclr8                          0x00000223   Thumb Code     0  memseta.o(.text)
    _memset$wrapper                          0x00000227   Thumb Code    18  memseta.o(.text)
    __aeabi_uldivmod                         0x00000239   Thumb Code    96  uldiv.o(.text)
    __scatterload                            0x00000299   Thumb Code    28  init.o(.text)
    __scatterload_rt2                        0x00000299   Thumb Code     0  init.o(.text)
    __aeabi_llsl                             0x000002bd   Thumb Code    32  llshl.o(.text)
    _ll_shift_l                              0x000002bd   Thumb Code     0  llshl.o(.text)
    __aeabi_llsr                             0x000002dd   Thumb Code    34  llushr.o(.text)
    _ll_ushift_r                             0x000002dd   Thumb Code     0  llushr.o(.text)
    ADC0_IRQHandler                          0x000002ff   Thumb Code     2  interrupt.o(i.ADC0_IRQHandler)
    CAN_GetIRQFlag                           0x0000030d   Thumb Code     6  lks32mc08x_can.o(i.CAN_GetIRQFlag)
    CAN_Init                                 0x00000319   Thumb Code    72  lks32mc08x_can.o(i.CAN_Init)
    CAN_StructInit                           0x00000365   Thumb Code    24  lks32mc08x_can.o(i.CAN_StructInit)
    CMP_IRQHandler                           0x0000037d   Thumb Code     2  interrupt.o(i.CMP_IRQHandler)
    CheckSum                                 0x0000037f   Thumb Code    44  common.o(i.CheckSum)
    Clock_Init                               0x000003ad   Thumb Code    40  hardware_init.o(i.Clock_Init)
    DMA_CHx_EN                               0x000003e1   Thumb Code    24  lks32mc08x_DMA.o(i.DMA_CHx_EN)
    DMA_IRQHandler                           0x000003f9   Thumb Code     2  interrupt.o(i.DMA_IRQHandler)
    DMA_Init                                 0x000003fd   Thumb Code    78  lks32mc08x_DMA.o(i.DMA_Init)
    DMA_StructInit                           0x00000451   Thumb Code    14  lks32mc08x_DMA.o(i.DMA_StructInit)
    ENCODER0_IRQHandler                      0x0000045f   Thumb Code     2  interrupt.o(i.ENCODER0_IRQHandler)
    ENCODER1_IRQHandler                      0x00000461   Thumb Code     2  interrupt.o(i.ENCODER1_IRQHandler)
    GPIO_IRQHandler                          0x00000463   Thumb Code     2  interrupt.o(i.GPIO_IRQHandler)
    GPIO_Init                                0x00000465   Thumb Code   198  lks32mc08x_gpio.o(i.GPIO_Init)
    GPIO_PinAFConfig                         0x0000052d   Thumb Code   258  lks32mc08x_gpio.o(i.GPIO_PinAFConfig)
    GPIO_ReadOutputDataBit                   0x00000639   Thumb Code    20  lks32mc08x_gpio.o(i.GPIO_ReadOutputDataBit)
    GPIO_ResetBits                           0x0000064d   Thumb Code    18  lks32mc08x_gpio.o(i.GPIO_ResetBits)
    GPIO_SetBits                             0x0000065f   Thumb Code    18  lks32mc08x_gpio.o(i.GPIO_SetBits)
    GPIO_StructInit                          0x00000671   Thumb Code    12  lks32mc08x_gpio.o(i.GPIO_StructInit)
    GPIO_WriteBit                            0x0000067d   Thumb Code    20  lks32mc08x_gpio.o(i.GPIO_WriteBit)
    HALL_IRQHandler                          0x00000691   Thumb Code     2  interrupt.o(i.HALL_IRQHandler)
    HW_485TransmitFrame                      0x00000695   Thumb Code   148  hw_485.o(i.HW_485TransmitFrame)
    HW_485_GPIO_Init                         0x00000735   Thumb Code   120  hw_485.o(i.HW_485_GPIO_Init)
    HW_485_Init                              0x000007b1   Thumb Code    78  hw_485.o(i.HW_485_Init)
    HW_485_UART_Init                         0x0000080d   Thumb Code    46  hw_485.o(i.HW_485_UART_Init)
    HW_CAN_DMA_RX                            0x00000841   Thumb Code   114  hw_can.o(i.HW_CAN_DMA_RX)
    HW_CAN_GPIO_Init                         0x000008bd   Thumb Code   102  hw_can.o(i.HW_CAN_GPIO_Init)
    HW_CAN_Init                              0x00000929   Thumb Code    88  hw_can.o(i.HW_CAN_Init)
    HW_FsmRunningFunc                        0x000009c9   Thumb Code    80  hw_485.o(i.HW_FsmRunningFunc)
    HW_FsmStateTable_Init                    0x00000a29   Thumb Code   130  hw_485.o(i.HW_FsmStateTable_Init)
    HW_NVIC_Init                             0x00000b99   Thumb Code    26  hardware_init.o(i.HW_NVIC_Init)
    HW_SysTick_Config                        0x00000bed   Thumb Code    78  hardware_init.o(i.HW_SysTick_Config)
    HW_TimeoutTimer_Init                     0x00000c45   Thumb Code    42  hw_485.o(i.HW_TimeoutTimer_Init)
    HW_UARTSendBytes                         0x00000c79   Thumb Code    74  hw_uart .o(i.HW_UARTSendBytes)
    HW_UART_DMA_Init                         0x00000cd1   Thumb Code    72  hw_uart .o(i.HW_UART_DMA_Init)
    HW_UART_GPIO_Init                        0x00000d25   Thumb Code    70  hw_uart .o(i.HW_UART_GPIO_Init)
    HW_UART_Init                             0x00000d71   Thumb Code    48  hw_uart .o(i.HW_UART_Init)
    HardFault_Handler                        0x00000da5   Thumb Code    18  interrupt.o(i.HardFault_Handler)
    Hardware_Init                            0x00000dc1   Thumb Code   104  hardware_init.o(i.Hardware_Init)
    I2C0_IRQHandler                          0x00000e69   Thumb Code     2  interrupt.o(i.I2C0_IRQHandler)
    Invers_GPIO                              0x00000e6b   Thumb Code    44  hardware_init.o(i.Invers_GPIO)
    LKS_FREERTOS_Init                        0x00000e99   Thumb Code   208  freertos.o(i.LKS_FREERTOS_Init)
    MCPWM_IRQHandler                         0x0000109d   Thumb Code     2  interrupt.o(i.MCPWM_IRQHandler)
    NMI_Handler                              0x0000109f   Thumb Code     4  interrupt.o(i.NMI_Handler)
    SEGGER_RTT_Init                          0x000010c1   Thumb Code     8  SEGGER_RTT.o(i.SEGGER_RTT_Init)
    SEGGER_RTT_PutChar                       0x000010c9   Thumb Code   120  SEGGER_RTT.o(i.SEGGER_RTT_PutChar)
    SFF_ID_Filter                            0x00001145   Thumb Code   118  lks32mc08x_can.o(i.SFF_ID_Filter)
    SPI0_IRQHandler                          0x000011c1   Thumb Code     2  interrupt.o(i.SPI0_IRQHandler)
    SVC_Handler                              0x000011c3   Thumb Code     2  port.o(i.SVC_Handler)
    SYS_ModuleClockCmd                       0x000011c5   Thumb Code    38  lks32mc08x_sys.o(i.SYS_ModuleClockCmd)
    SoftDelay                                0x000011f5   Thumb Code    24  hardware_init.o(i.SoftDelay)
    SysTick_Handler                          0x00001221   Thumb Code    16  interrupt.o(i.SysTick_Handler)
    SystemInit                               0x00001231   Thumb Code     8  hardware_init.o(i.SystemInit)
    TIM_TimerCmd                             0x00001239   Thumb Code   208  lks32mc08x_tim.o(i.TIM_TimerCmd)
    TIM_TimerInit                            0x0000130d   Thumb Code   360  lks32mc08x_tim.o(i.TIM_TimerInit)
    TIM_TimerStrutInit                       0x00001479   Thumb Code    38  lks32mc08x_tim.o(i.TIM_TimerStrutInit)
    UART0_IRQHandler                         0x000014a1   Thumb Code   118  interrupt.o(i.UART0_IRQHandler)
    UART1_IRQHandler                         0x0000155d   Thumb Code     2  interrupt.o(i.UART1_IRQHandler)
    UART_ClearIRQFlag                        0x0000155f   Thumb Code     4  lks32mc08x_uart.o(i.UART_ClearIRQFlag)
    UART_Init                                0x00001565   Thumb Code   238  lks32mc08x_uart.o(i.UART_Init)
    UART_SendData                            0x00001669   Thumb Code     4  lks32mc08x_uart.o(i.UART_SendData)
    UART_StructInit                          0x0000166d   Thumb Code    30  lks32mc08x_uart.o(i.UART_StructInit)
    UTIMER0_IRQHandler                       0x0000168d   Thumb Code    48  interrupt.o(i.UTIMER0_IRQHandler)
    UTIMER1_IRQHandler                       0x000016c5   Thumb Code     2  interrupt.o(i.UTIMER1_IRQHandler)
    UTIMER2_IRQHandler                       0x000016c7   Thumb Code     2  interrupt.o(i.UTIMER2_IRQHandler)
    UTIMER3_IRQHandler                       0x000016c9   Thumb Code     2  interrupt.o(i.UTIMER3_IRQHandler)
    __0printf$8                              0x00001739   Thumb Code    24  printf8.o(i.__0printf$8)
    __1printf$8                              0x00001739   Thumb Code     0  printf8.o(i.__0printf$8)
    __2printf                                0x00001739   Thumb Code     0  printf8.o(i.__0printf$8)
    __ARM_common_switch8                     0x00001759   Thumb Code    28  hw_485.o(i.__ARM_common_switch8)
    __scatterload_copy                       0x0000180d   Thumb Code    14  handlers.o(i.__scatterload_copy)
    __scatterload_null                       0x0000181b   Thumb Code     2  handlers.o(i.__scatterload_null)
    __scatterload_zeroinit                   0x0000181d   Thumb Code    14  handlers.o(i.__scatterload_zeroinit)
    fputc                                    0x00001ca1   Thumb Code    18  hardware_init.o(i.fputc)
    main                                     0x00001eb5   Thumb Code    32  main.o(i.main)
    pvPortMalloc                             0x00002861   Thumb Code   268  heap_4.o(i.pvPortMalloc)
    pxPortInitialiseStack                    0x00002981   Thumb Code    26  port.o(i.pxPortInitialiseStack)
    uxListRemove                             0x000029a1   Thumb Code    40  list.o(i.uxListRemove)
    uxTaskGetNumberOfTasks                   0x000029c9   Thumb Code     6  tasks.o(i.uxTaskGetNumberOfTasks)
    vListInitialise                          0x000029d5   Thumb Code    26  list.o(i.vListInitialise)
    vListInitialiseItem                      0x000029ef   Thumb Code     6  list.o(i.vListInitialiseItem)
    vListInsert                              0x000029f5   Thumb Code    54  list.o(i.vListInsert)
    vPortEnterCritical                       0x00002a2d   Thumb Code    22  port.o(i.vPortEnterCritical)
    vPortExitCritical                        0x00002a49   Thumb Code    36  port.o(i.vPortExitCritical)
    vPortFree                                0x00002a71   Thumb Code   110  heap_4.o(i.vPortFree)
    vPortSetupTimerInterrupt                 0x00002ae9   Thumb Code    34  port.o(i.vPortSetupTimerInterrupt)
    vPortYield                               0x00002b15   Thumb Code    18  port.o(i.vPortYield)
    vQueueWaitForMessageRestricted           0x00002b2d   Thumb Code    76  queue.o(i.vQueueWaitForMessageRestricted)
    vTaskDelay                               0x00002b79   Thumb Code    62  tasks.o(i.vTaskDelay)
    vTaskInternalSetTimeOutState             0x00002bbd   Thumb Code    14  tasks.o(i.vTaskInternalSetTimeOutState)
    vTaskMissedYield                         0x00002bd5   Thumb Code     8  tasks.o(i.vTaskMissedYield)
    vTaskPlaceOnEventList                    0x00002be1   Thumb Code    38  tasks.o(i.vTaskPlaceOnEventList)
    vTaskPlaceOnEventListRestricted          0x00002c0d   Thumb Code    82  tasks.o(i.vTaskPlaceOnEventListRestricted)
    vTaskStartScheduler                      0x00002c65   Thumb Code    94  tasks.o(i.vTaskStartScheduler)
    vTaskSuspendAll                          0x00002ce5   Thumb Code    12  tasks.o(i.vTaskSuspendAll)
    vTaskSwitchContext                       0x00002cf5   Thumb Code   108  tasks.o(i.vTaskSwitchContext)
    xPortStartScheduler                      0x00002d75   Thumb Code    48  port.o(i.xPortStartScheduler)
    xPortSysTickHandler                      0x00002dad   Thumb Code    32  port.o(i.xPortSysTickHandler)
    xQueueGenericCreate                      0x00002dd1   Thumb Code    98  queue.o(i.xQueueGenericCreate)
    xQueueGenericReset                       0x00002e33   Thumb Code   182  queue.o(i.xQueueGenericReset)
    xQueueGenericSend                        0x00002ee9   Thumb Code   346  queue.o(i.xQueueGenericSend)
    xQueueGenericSendFromISR                 0x00003043   Thumb Code   222  queue.o(i.xQueueGenericSendFromISR)
    xQueueReceive                            0x00003121   Thumb Code   312  queue.o(i.xQueueReceive)
    xTaskCheckForTimeOut                     0x00003259   Thumb Code   110  tasks.o(i.xTaskCheckForTimeOut)
    xTaskCreate                              0x000032d1   Thumb Code   100  tasks.o(i.xTaskCreate)
    xTaskGetSchedulerState                   0x00003335   Thumb Code    28  tasks.o(i.xTaskGetSchedulerState)
    xTaskGetTickCount                        0x00003359   Thumb Code     6  tasks.o(i.xTaskGetTickCount)
    xTaskIncrementTick                       0x00003365   Thumb Code   380  tasks.o(i.xTaskIncrementTick)
    xTaskPriorityDisinherit                  0x0000350d   Thumb Code   168  tasks.o(i.xTaskPriorityDisinherit)
    xTaskRemoveFromEventList                 0x000035c1   Thumb Code   240  tasks.o(i.xTaskRemoveFromEventList)
    xTaskResumeAll                           0x000036c9   Thumb Code   314  tasks.o(i.xTaskResumeAll)
    xTimerCreate                             0x00003825   Thumb Code    50  timers.o(i.xTimerCreate)
    xTimerCreateTimerTask                    0x00003859   Thumb Code    52  timers.o(i.xTimerCreateTimerTask)
    xTimerGenericCommand                     0x000038a1   Thumb Code   110  timers.o(i.xTimerGenericCommand)
    xTimerGetPeriod                          0x00003915   Thumb Code    18  timers.o(i.xTimerGetPeriod)
    Region$$Table$$Base                      0x00003938   Number         0  anon$$obj.o(Region$$Table)
    Region$$Table$$Limit                     0x00003958   Number         0  anon$$obj.o(Region$$Table)
    rs485_Rx                                 0x20000000   Data           8  hw_485.o(.data)
    hw_485_Transmit                          0x20000008   Data           7  hw_485.o(.data)
    rs485_RxFlag                             0x20000011   Data           1  hw_uart .o(.data)
    pxCurrentTCB                             0x20000034   Data           4  tasks.o(.data)
    uxTopUsedPriority                        0x2000006c   Data           4  tasks.o(.data)
    rs485Task_Handler                        0x20000088   Data           4  freertos.o(.data)
    canTask_Handler                          0x2000008c   Data           4  freertos.o(.data)
    sysLEDTimer_Handler                      0x20000090   Data           4  freertos.o(.data)
    sysLEDTimerStart                         0x20000094   Data           4  freertos.o(.data)
    taskCreateStatus                         0x20000098   Data           4  freertos.o(.data)
    SystemCoreClock                          0x2000009c   Data           4  hardware_init.o(.data)
    timetik                                  0x200000a0   Data           2  interrupt.o(.data)
    __stdout                                 0x200000a4   Data           4  stdout.o(.data)
    hw_FsmNodeTable                          0x200000a8   Data          80  hw_485.o(.bss)
    hw_485_Manage                            0x200000f8   Data          20  hw_485.o(.bss)
    CAN_Rx                                   0x2000010c   Data          55  hw_can.o(.bss)
    DUART_DMA_RX                             0x20000143   Data         128  hw_uart .o(.bss)
    _SEGGER_RTT                              0x20000edc   Data         168  SEGGER_RTT.o(.bss)
    __initial_sp                             0x20001218   Data           0  startup_lks32mc08x.o(STACK)



==============================================================================

Memory Map of the image

  Image Entry point : 0x000000c1

  Load Region LR_IROM1 (Base: 0x00000000, Size: 0x00003a00, Max: 0x00010000, ABSOLUTE)

    Execution Region ER_IROM1 (Base: 0x00000000, Size: 0x00003958, Max: 0x00010000, ABSOLUTE)

    Base Addr    Size         Type   Attr      Idx    E Section Name        Object

    0x00000000   0x000000c0   Data   RO         2500    RESET               startup_lks32mc08x.o
    0x000000c0   0x00000000   Code   RO         2505  * .ARM.Collect$$$$00000000  mc_p.l(entry.o)
    0x000000c0   0x00000004   Code   RO         2783    .ARM.Collect$$$$00000001  mc_p.l(entry2.o)
    0x000000c4   0x00000004   Code   RO         2786    .ARM.Collect$$$$00000004  mc_p.l(entry5.o)
    0x000000c8   0x00000000   Code   RO         2788    .ARM.Collect$$$$00000008  mc_p.l(entry7b.o)
    0x000000c8   0x00000000   Code   RO         2790    .ARM.Collect$$$$0000000A  mc_p.l(entry8b.o)
    0x000000c8   0x00000008   Code   RO         2791    .ARM.Collect$$$$0000000B  mc_p.l(entry9a.o)
    0x000000d0   0x00000004   Code   RO         2798    .ARM.Collect$$$$0000000E  mc_p.l(entry12b.o)
    0x000000d4   0x00000000   Code   RO         2793    .ARM.Collect$$$$0000000F  mc_p.l(entry10a.o)
    0x000000d4   0x00000000   Code   RO         2795    .ARM.Collect$$$$00000011  mc_p.l(entry11a.o)
    0x000000d4   0x00000004   Code   RO         2784    .ARM.Collect$$$$00002712  mc_p.l(entry2.o)
    0x000000d8   0x00000078   Code   RO          491    .emb_text           port.o
    0x00000150   0x00000028   Code   RO         2501    .text               startup_lks32mc08x.o
    0x00000178   0x0000002c   Code   RO         2508    .text               mc_p.l(uidiv.o)
    0x000001a4   0x0000004c   Code   RO         2512    .text               mc_p.l(ldiv.o)
    0x000001f0   0x00000024   Code   RO         2514    .text               mc_p.l(memcpya.o)
    0x00000214   0x00000024   Code   RO         2516    .text               mc_p.l(memseta.o)
    0x00000238   0x00000060   Code   RO         2800    .text               mc_p.l(uldiv.o)
    0x00000298   0x00000024   Code   RO         2813    .text               mc_p.l(init.o)
    0x000002bc   0x00000020   Code   RO         2815    .text               mc_p.l(llshl.o)
    0x000002dc   0x00000022   Code   RO         2817    .text               mc_p.l(llushr.o)
    0x000002fe   0x00000002   Code   RO         2325    i.ADC0_IRQHandler   interrupt.o
    0x00000300   0x0000000a   Code   RO         2156    i.CANTaskFunc       freertos.o
    0x0000030a   0x00000002   PAD
    0x0000030c   0x0000000c   Code   RO         1287    i.CAN_GetIRQFlag    lks32mc08x_can.o
    0x00000318   0x0000004c   Code   RO         1288    i.CAN_Init          lks32mc08x_can.o
    0x00000364   0x00000018   Code   RO         1298    i.CAN_StructInit    lks32mc08x_can.o
    0x0000037c   0x00000002   Code   RO         2327    i.CMP_IRQHandler    interrupt.o
    0x0000037e   0x0000002c   Code   RO         2131    i.CheckSum          common.o
    0x000003aa   0x00000002   PAD
    0x000003ac   0x00000034   Code   RO         2230    i.Clock_Init        hardware_init.o
    0x000003e0   0x00000018   Code   RO         1243    i.DMA_CHx_EN        lks32mc08x_DMA.o
    0x000003f8   0x00000002   Code   RO         2328    i.DMA_IRQHandler    interrupt.o
    0x000003fa   0x00000002   PAD
    0x000003fc   0x00000054   Code   RO         1246    i.DMA_Init          lks32mc08x_DMA.o
    0x00000450   0x0000000e   Code   RO         1247    i.DMA_StructInit    lks32mc08x_DMA.o
    0x0000045e   0x00000002   Code   RO         2329    i.ENCODER0_IRQHandler  interrupt.o
    0x00000460   0x00000002   Code   RO         2330    i.ENCODER1_IRQHandler  interrupt.o
    0x00000462   0x00000002   Code   RO         2331    i.GPIO_IRQHandler   interrupt.o
    0x00000464   0x000000c6   Code   RO         1441    i.GPIO_Init         lks32mc08x_gpio.o
    0x0000052a   0x00000002   PAD
    0x0000052c   0x0000010c   Code   RO         1443    i.GPIO_PinAFConfig  lks32mc08x_gpio.o
    0x00000638   0x00000014   Code   RO         1447    i.GPIO_ReadOutputDataBit  lks32mc08x_gpio.o
    0x0000064c   0x00000012   Code   RO         1448    i.GPIO_ResetBits    lks32mc08x_gpio.o
    0x0000065e   0x00000012   Code   RO         1449    i.GPIO_SetBits      lks32mc08x_gpio.o
    0x00000670   0x0000000c   Code   RO         1450    i.GPIO_StructInit   lks32mc08x_gpio.o
    0x0000067c   0x00000014   Code   RO         1453    i.GPIO_WriteBit     lks32mc08x_gpio.o
    0x00000690   0x00000002   Code   RO         2332    i.HALL_IRQHandler   interrupt.o
    0x00000692   0x00000002   PAD
    0x00000694   0x000000a0   Code   RO            3    i.HW_485TransmitFrame  hw_485.o
    0x00000734   0x0000007c   Code   RO            4    i.HW_485_GPIO_Init  hw_485.o
    0x000007b0   0x0000005c   Code   RO            5    i.HW_485_Init       hw_485.o
    0x0000080c   0x00000034   Code   RO            6    i.HW_485_UART_Init  hw_485.o
    0x00000840   0x0000007c   Code   RO          249    i.HW_CAN_DMA_RX     hw_can.o
    0x000008bc   0x0000006c   Code   RO          251    i.HW_CAN_GPIO_Init  hw_can.o
    0x00000928   0x00000060   Code   RO          252    i.HW_CAN_Init       hw_can.o
    0x00000988   0x00000040   Code   RO            7    i.HW_FsmCrash       hw_485.o
    0x000009c8   0x00000060   Code   RO            8    i.HW_FsmRunningFunc  hw_485.o
    0x00000a28   0x000000b0   Code   RO            9    i.HW_FsmStateTable_Init  hw_485.o
    0x00000ad8   0x000000b4   Code   RO           10    i.HW_GetCurEvent    hw_485.o
    0x00000b8c   0x0000000c   Code   RO           11    i.HW_GetCurState    hw_485.o
    0x00000b98   0x00000020   Code   RO         2231    i.HW_NVIC_Init      hardware_init.o
    0x00000bb8   0x0000000c   Code   RO           12    i.HW_SetCurState    hw_485.o
    0x00000bc4   0x00000028   Code   RO         2232    i.HW_SysLed_Init    hardware_init.o
    0x00000bec   0x00000058   Code   RO         2233    i.HW_SysTick_Config  hardware_init.o
    0x00000c44   0x00000034   Code   RO           13    i.HW_TimeoutTimer_Init  hw_485.o
    0x00000c78   0x00000058   Code   RO          293    i.HW_UARTSendBytes  hw_uart .o
    0x00000cd0   0x00000054   Code   RO          294    i.HW_UART_DMA_Init  hw_uart .o
    0x00000d24   0x0000004c   Code   RO          295    i.HW_UART_GPIO_Init  hw_uart .o
    0x00000d70   0x00000034   Code   RO          296    i.HW_UART_Init      hw_uart .o
    0x00000da4   0x0000001c   Code   RO         2333    i.HardFault_Handler  interrupt.o
    0x00000dc0   0x000000a8   Code   RO         2234    i.Hardware_Init     hardware_init.o
    0x00000e68   0x00000002   Code   RO         2334    i.I2C0_IRQHandler   interrupt.o
    0x00000e6a   0x0000002c   Code   RO         2235    i.Invers_GPIO       hardware_init.o
    0x00000e96   0x00000002   PAD
    0x00000e98   0x00000204   Code   RO         2157    i.LKS_FREERTOS_Init  freertos.o
    0x0000109c   0x00000002   Code   RO         2335    i.MCPWM_IRQHandler  interrupt.o
    0x0000109e   0x00000004   Code   RO         2337    i.NMI_Handler       interrupt.o
    0x000010a2   0x00000002   PAD
    0x000010a4   0x0000001c   Code   RO         2158    i.RS485TaskFunc     freertos.o
    0x000010c0   0x00000008   Code   RO         1863    i.SEGGER_RTT_Init   SEGGER_RTT.o
    0x000010c8   0x0000007c   Code   RO         1864    i.SEGGER_RTT_PutChar  SEGGER_RTT.o
    0x00001144   0x0000007c   Code   RO         1303    i.SFF_ID_Filter     lks32mc08x_can.o
    0x000011c0   0x00000002   Code   RO         2338    i.SPI0_IRQHandler   interrupt.o
    0x000011c2   0x00000002   Code   RO          492    i.SVC_Handler       port.o
    0x000011c4   0x00000030   Code   RO         1585    i.SYS_ModuleClockCmd  lks32mc08x_sys.o
    0x000011f4   0x00000018   Code   RO         2236    i.SoftDelay         hardware_init.o
    0x0000120c   0x00000014   Code   RO         2159    i.SysLEDTimerCallback  freertos.o
    0x00001220   0x00000010   Code   RO         2340    i.SysTick_Handler   interrupt.o
    0x00001230   0x00000008   Code   RO         2237    i.SystemInit        hardware_init.o
    0x00001238   0x000000d4   Code   RO         1703    i.TIM_TimerCmd      lks32mc08x_tim.o
    0x0000130c   0x0000016c   Code   RO         1704    i.TIM_TimerInit     lks32mc08x_tim.o
    0x00001478   0x00000026   Code   RO         1705    i.TIM_TimerStrutInit  lks32mc08x_tim.o
    0x0000149e   0x00000002   PAD
    0x000014a0   0x000000bc   Code   RO         2341    i.UART0_IRQHandler  interrupt.o
    0x0000155c   0x00000002   Code   RO         2342    i.UART1_IRQHandler  interrupt.o
    0x0000155e   0x00000004   Code   RO         1793    i.UART_ClearIRQFlag  lks32mc08x_uart.o
    0x00001562   0x00000002   PAD
    0x00001564   0x00000104   Code   RO         1795    i.UART_Init         lks32mc08x_uart.o
    0x00001668   0x00000004   Code   RO         1798    i.UART_SendData     lks32mc08x_uart.o
    0x0000166c   0x0000001e   Code   RO         1800    i.UART_StructInit   lks32mc08x_uart.o
    0x0000168a   0x00000002   PAD
    0x0000168c   0x00000038   Code   RO         2343    i.UTIMER0_IRQHandler  interrupt.o
    0x000016c4   0x00000002   Code   RO         2344    i.UTIMER1_IRQHandler  interrupt.o
    0x000016c6   0x00000002   Code   RO         2345    i.UTIMER2_IRQHandler  interrupt.o
    0x000016c8   0x00000002   Code   RO         2346    i.UTIMER3_IRQHandler  interrupt.o
    0x000016ca   0x00000002   PAD
    0x000016cc   0x0000006c   Code   RO         1885    i._DoInit           SEGGER_RTT.o
    0x00001738   0x00000020   Code   RO         2729    i.__0printf$8       mc_p.l(printf8.o)
    0x00001758   0x0000001c   Code   RO          129    i.__ARM_common_switch8  hw_485.o
    0x00001774   0x00000020   Code   RO         2238    i.__NVIC_EnableIRQ  hardware_init.o
    0x00001794   0x00000078   Code   RO         2239    i.__NVIC_SetPriority  hardware_init.o
    0x0000180c   0x0000000e   Code   RO         2827    i.__scatterload_copy  mc_p.l(handlers.o)
    0x0000181a   0x00000002   Code   RO         2828    i.__scatterload_null  mc_p.l(handlers.o)
    0x0000181c   0x0000000e   Code   RO         2829    i.__scatterload_zeroinit  mc_p.l(handlers.o)
    0x0000182a   0x00000002   PAD
    0x0000182c   0x00000428   Code   RO         2736    i._printf_core      mc_p.l(printf8.o)
    0x00001c54   0x00000020   Code   RO         2737    i._printf_post_padding  mc_p.l(printf8.o)
    0x00001c74   0x0000002c   Code   RO         2738    i._printf_pre_padding  mc_p.l(printf8.o)
    0x00001ca0   0x00000012   Code   RO         2240    i.fputc             hardware_init.o
    0x00001cb2   0x00000002   PAD
    0x00001cb4   0x00000024   Code   RO           14    i.fsmActionData1    hw_485.o
    0x00001cd8   0x00000048   Code   RO           15    i.fsmActionData2    hw_485.o
    0x00001d20   0x00000034   Code   RO           16    i.fsmActionDst      hw_485.o
    0x00001d54   0x00000030   Code   RO           17    i.fsmActionError    hw_485.o
    0x00001d84   0x00000044   Code   RO           18    i.fsmActionHead     hw_485.o
    0x00001dc8   0x00000030   Code   RO           19    i.fsmActionIdle     hw_485.o
    0x00001df8   0x00000024   Code   RO           20    i.fsmActionLen      hw_485.o
    0x00001e1c   0x00000030   Code   RO           21    i.fsmActionParity   hw_485.o
    0x00001e4c   0x00000034   Code   RO           22    i.fsmActionSrc      hw_485.o
    0x00001e80   0x00000034   Code   RO           23    i.fsmActionType     hw_485.o
    0x00001eb4   0x00000050   Code   RO         2480    i.main              main.o
    0x00001f04   0x000000a4   Code   RO          752    i.prvAddCurrentTaskToDelayedList  tasks.o
    0x00001fa8   0x000000d0   Code   RO          753    i.prvAddNewTaskToReadyList  tasks.o
    0x00002078   0x00000050   Code   RO         1088    i.prvCheckForValidListAndQueue  timers.o
    0x000020c8   0x00000048   Code   RO          754    i.prvCheckTasksWaitingTermination  tasks.o
    0x00002110   0x0000002c   Code   RO          586    i.prvCopyDataFromQueue  queue.o
    0x0000213c   0x00000080   Code   RO          587    i.prvCopyDataToQueue  queue.o
    0x000021bc   0x00000012   Code   RO          755    i.prvDeleteTCB      tasks.o
    0x000021ce   0x00000002   PAD
    0x000021d0   0x0000002c   Code   RO         1089    i.prvGetNextExpireTime  timers.o
    0x000021fc   0x00000070   Code   RO          419    i.prvHeapInit       heap_4.o
    0x0000226c   0x00000018   Code   RO          756    i.prvIdleTask       tasks.o
    0x00002284   0x00000022   Code   RO          590    i.prvInitialiseNewQueue  queue.o
    0x000022a6   0x000000ae   Code   RO          757    i.prvInitialiseNewTask  tasks.o
    0x00002354   0x0000004a   Code   RO         1090    i.prvInitialiseNewTimer  timers.o
    0x0000239e   0x00000002   PAD
    0x000023a0   0x00000064   Code   RO          758    i.prvInitialiseTaskLists  tasks.o
    0x00002404   0x00000068   Code   RO          420    i.prvInsertBlockIntoFreeList  heap_4.o
    0x0000246c   0x00000054   Code   RO         1091    i.prvInsertTimerInActiveList  timers.o
    0x000024c0   0x0000001c   Code   RO          591    i.prvIsQueueEmpty   queue.o
    0x000024dc   0x0000001e   Code   RO          592    i.prvIsQueueFull    queue.o
    0x000024fa   0x00000002   PAD
    0x000024fc   0x00000044   Code   RO         1092    i.prvProcessExpiredTimer  timers.o
    0x00002540   0x0000011c   Code   RO         1093    i.prvProcessReceivedCommands  timers.o
    0x0000265c   0x0000006c   Code   RO         1094    i.prvProcessTimerOrBlockTask  timers.o
    0x000026c8   0x00000028   Code   RO         1095    i.prvReloadTimer    timers.o
    0x000026f0   0x00000034   Code   RO          759    i.prvResetNextTaskUnblockTime  tasks.o
    0x00002724   0x0000002c   Code   RO         1096    i.prvSampleTimeNow  timers.o
    0x00002750   0x00000044   Code   RO         1097    i.prvSwitchTimerLists  timers.o
    0x00002794   0x00000024   Code   RO          493    i.prvTaskExitError  port.o
    0x000027b8   0x0000001a   Code   RO         1098    i.prvTimerTask      timers.o
    0x000027d2   0x0000008e   Code   RO          593    i.prvUnlockQueue    queue.o
    0x00002860   0x00000120   Code   RO          422    i.pvPortMalloc      heap_4.o
    0x00002980   0x00000020   Code   RO          494    i.pxPortInitialiseStack  port.o
    0x000029a0   0x00000028   Code   RO          341    i.uxListRemove      list.o
    0x000029c8   0x0000000c   Code   RO          764    i.uxTaskGetNumberOfTasks  tasks.o
    0x000029d4   0x0000001a   Code   RO          342    i.vListInitialise   list.o
    0x000029ee   0x00000006   Code   RO          343    i.vListInitialiseItem  list.o
    0x000029f4   0x00000036   Code   RO          344    i.vListInsert       list.o
    0x00002a2a   0x00000002   PAD
    0x00002a2c   0x0000001c   Code   RO          496    i.vPortEnterCritical  port.o
    0x00002a48   0x00000028   Code   RO          497    i.vPortExitCritical  port.o
    0x00002a70   0x00000078   Code   RO          423    i.vPortFree         heap_4.o
    0x00002ae8   0x0000002c   Code   RO          498    i.vPortSetupTimerInterrupt  port.o
    0x00002b14   0x00000018   Code   RO          499    i.vPortYield        port.o
    0x00002b2c   0x0000004c   Code   RO          598    i.vQueueWaitForMessageRestricted  queue.o
    0x00002b78   0x00000044   Code   RO          768    i.vTaskDelay        tasks.o
    0x00002bbc   0x00000018   Code   RO          772    i.vTaskInternalSetTimeOutState  tasks.o
    0x00002bd4   0x0000000c   Code   RO          773    i.vTaskMissedYield  tasks.o
    0x00002be0   0x0000002c   Code   RO          774    i.vTaskPlaceOnEventList  tasks.o
    0x00002c0c   0x00000058   Code   RO          775    i.vTaskPlaceOnEventListRestricted  tasks.o
    0x00002c64   0x00000080   Code   RO          782    i.vTaskStartScheduler  tasks.o
    0x00002ce4   0x00000010   Code   RO          784    i.vTaskSuspendAll   tasks.o
    0x00002cf4   0x00000080   Code   RO          785    i.vTaskSwitchContext  tasks.o
    0x00002d74   0x00000038   Code   RO          500    i.xPortStartScheduler  port.o
    0x00002dac   0x00000024   Code   RO          501    i.xPortSysTickHandler  port.o
    0x00002dd0   0x00000062   Code   RO          600    i.xQueueGenericCreate  queue.o
    0x00002e32   0x000000b6   Code   RO          601    i.xQueueGenericReset  queue.o
    0x00002ee8   0x0000015a   Code   RO          602    i.xQueueGenericSend  queue.o
    0x00003042   0x000000de   Code   RO          603    i.xQueueGenericSendFromISR  queue.o
    0x00003120   0x00000138   Code   RO          609    i.xQueueReceive     queue.o
    0x00003258   0x00000078   Code   RO          787    i.xTaskCheckForTimeOut  tasks.o
    0x000032d0   0x00000064   Code   RO          788    i.xTaskCreate       tasks.o
    0x00003334   0x00000024   Code   RO          795    i.xTaskGetSchedulerState  tasks.o
    0x00003358   0x0000000c   Code   RO          796    i.xTaskGetTickCount  tasks.o
    0x00003364   0x000001a8   Code   RO          798    i.xTaskIncrementTick  tasks.o
    0x0000350c   0x000000b4   Code   RO          799    i.xTaskPriorityDisinherit  tasks.o
    0x000035c0   0x00000108   Code   RO          801    i.xTaskRemoveFromEventList  tasks.o
    0x000036c8   0x0000015c   Code   RO          802    i.xTaskResumeAll    tasks.o
    0x00003824   0x00000032   Code   RO         1103    i.xTimerCreate      timers.o
    0x00003856   0x00000002   PAD
    0x00003858   0x00000048   Code   RO         1104    i.xTimerCreateTimerTask  timers.o
    0x000038a0   0x00000074   Code   RO         1105    i.xTimerGenericCommand  timers.o
    0x00003914   0x00000012   Code   RO         1107    i.xTimerGetPeriod   timers.o
    0x00003926   0x00000011   Data   RO         1891    .constdata          SEGGER_RTT.o
    0x00003937   0x00000001   PAD
    0x00003938   0x00000020   Data   RO         2825    Region$$Table       anon$$obj.o


    Execution Region RW_IRAM1 (Base: 0x20000000, Size: 0x00001218, Max: 0x00002000, ABSOLUTE)

    Base Addr    Size         Type   Attr      Idx    E Section Name        Object

    0x20000000   0x00000011   Data   RW           25    .data               hw_485.o
    0x20000011   0x00000001   Data   RW          298    .data               hw_uart .o
    0x20000012   0x00000002   PAD
    0x20000014   0x0000001c   Data   RW          429    .data               heap_4.o
    0x20000030   0x00000004   Data   RW          502    .data               port.o
    0x20000034   0x00000040   Data   RW          805    .data               tasks.o
    0x20000074   0x00000014   Data   RW         1112    .data               timers.o
    0x20000088   0x00000014   Data   RW         2160    .data               freertos.o
    0x2000009c   0x00000004   Data   RW         2241    .data               hardware_init.o
    0x200000a0   0x00000002   Data   RW         2348    .data               interrupt.o
    0x200000a2   0x00000002   PAD
    0x200000a4   0x00000004   Data   RW         2799    .data               mc_p.l(stdout.o)
    0x200000a8   0x00000064   Zero   RW           24    .bss                hw_485.o
    0x2000010c   0x00000037   Zero   RW          253    .bss                hw_can.o
    0x20000143   0x00000080   Zero   RW          297    .bss                hw_uart .o
    0x200001c3   0x00000c00   Zero   RW          428    .bss                heap_4.o
    0x20000dc3   0x00000001   PAD
    0x20000dc4   0x000000f0   Zero   RW          804    .bss                tasks.o
    0x20000eb4   0x00000028   Zero   RW         1111    .bss                timers.o
    0x20000edc   0x00000138   Zero   RW         1890    .bss                SEGGER_RTT.o
    0x20001014   0x00000004   PAD
    0x20001018   0x00000200   Zero   RW         2498    STACK               startup_lks32mc08x.o


==============================================================================

Image component sizes


      Code (inc. data)   RO Data    RW Data    ZI Data      Debug   Object Name

       240         32         17          0        312       7353   SEGGER_RTT.o
        44          0          0          0          0       1019   common.o
       574        318          0         20          0       2362   freertos.o
       626        114          0          4          0      15037   hardware_init.o
       624         58          0         28       3072      11087   heap_4.o
      1560        218          0         17        100      49474   hw_485.o
       328         24          0          0         55       2446   hw_can.o
       300         36          0          1        128       4225   hw_uart .o
       320         88          0          2          0       8727   interrupt.o
       126          0          0          0          0      10865   list.o
       122          6          0          0          0       2069   lks32mc08x_DMA.o
       236         16          0          0          0       2909   lks32mc08x_can.o
       554         28          0          0          0       4918   lks32mc08x_gpio.o
        48         10          0          0          0        573   lks32mc08x_sys.o
       614          8          0          0          0       2520   lks32mc08x_tim.o
       298         22          0          0          0       2842   lks32mc08x_uart.o
        80         48          0          0          0        439   main.o
       418         58          0          4          0       6911   port.o
      1642          0          0          0          0      14699   queue.o
        40         14        192          0        512        664   startup_lks32mc08x.o
      2816        338          0         64        240      29021   tasks.o
      1176        102          0         20         40      16060   timers.o

    ----------------------------------------------------------------------
     12820       1538        242        164       4464     196220   Object Totals
         0          0         32          0          0          0   (incl. Generated)
        34          0          1          4          5          0   (incl. Padding)

    ----------------------------------------------------------------------

      Code (inc. data)   RO Data    RW Data    ZI Data      Debug   Library Member Name

         0          0          0          0          0          0   entry.o
         0          0          0          0          0          0   entry10a.o
         0          0          0          0          0          0   entry11a.o
         4          0          0          0          0          0   entry12b.o
         8          4          0          0          0          0   entry2.o
         4          0          0          0          0          0   entry5.o
         0          0          0          0          0          0   entry7b.o
         0          0          0          0          0          0   entry8b.o
         8          4          0          0          0          0   entry9a.o
        30          0          0          0          0          0   handlers.o
        36          8          0          0          0         68   init.o
        76          0          0          0          0         76   ldiv.o
        32          0          0          0          0         68   llshl.o
        34          0          0          0          0         68   llushr.o
        36          0          0          0          0         60   memcpya.o
        36          0          0          0          0        100   memseta.o
      1172         52          0          0          0        324   printf8.o
         0          0          0          4          0          0   stdout.o
        44          0          0          0          0         72   uidiv.o
        96          0          0          0          0         84   uldiv.o

    ----------------------------------------------------------------------
      1618         68          0          4          0        920   Library Totals
         2          0          0          0          0          0   (incl. Padding)

    ----------------------------------------------------------------------

      Code (inc. data)   RO Data    RW Data    ZI Data      Debug   Library Name

      1616         68          0          4          0        920   mc_p.l

    ----------------------------------------------------------------------
      1618         68          0          4          0        920   Library Totals

    ----------------------------------------------------------------------

==============================================================================


      Code (inc. data)   RO Data    RW Data    ZI Data      Debug   

     14438       1606        242        168       4464     190068   Grand Totals
     14438       1606        242        168       4464     190068   ELF Image Totals
     14438       1606        242        168          0          0   ROM Totals

==============================================================================

    Total RO  Size (Code + RO Data)                14680 (  14.34kB)
    Total RW  Size (RW Data + ZI Data)              4632 (   4.52kB)
    Total ROM Size (Code + RO Data + RW Data)      14848 (  14.50kB)

==============================================================================

